<html>
<body>
<pre>
<h1>µVision Build Log</h1>
<h2>Tool Versions:</h2>
IDE-Version: µVision V5.33.0.0
Copyright (C) 2020 ARM Ltd and ARM Germany GmbH. All rights reserved.
License Information: Nabeen Amatya, CTS, LIC=----
 
Tool Versions:
Toolchain:       MDK-ARM Cortex-M0/M0+ for ST  Version: 5.33.0.0
Toolchain Path:  C:\Keil_v5\ARM\ARMCC\Bin
C Compiler:      Armcc.exe V5.06 update 7 (build 960)
Assembler:       Armasm.exe V5.06 update 7 (build 960)
Linker/Locator:  ArmLink.exe V5.06 update 7 (build 960)
Library Manager: ArmAr.exe V5.06 update 7 (build 960)
Hex Converter:   FromElf.exe V5.06 update 7 (build 960)
CPU DLL:         SARMCM3.DLL V5.33.0.0
Dialog DLL:      DARMCM1.DLL V1.19.4.0
Target DLL:      STLink\ST-LINKIII-KEIL_SWO.dll V3.0.8.0
Dialog DLL:      TARMCM1.DLL V1.14.3.0
 
<h2>Project:</h2>
C:\Users\nabee\OneDrive\Project\voltea\FW\P3 P4\VolteaChildProcessorV2\MDK-ARM\VolteaChildProcessor.uvprojx
Project File Date:  02/23/2021

<h2>Output:</h2>
*** Using Compiler 'V5.06 update 7 (build 960)', folder: 'C:\Keil_v5\ARM\ARMCC\Bin'
Build target 'VolteaChildProcessor'
assembling startup_stm32f030x6.s...
compiling ProjectConstants.c...
compiling MyTimer.c...
compiling InternalFlashMMU.c...
compiling ProjectVariable.c...
compiling MyDelay.c...
compiling my_stm32f030_internal_flash.c...
compiling PC_Communication.c...
compiling SerialCommunication.c...
compiling MCP3424.c...
compiling stm32f0xx_it.c...
compiling MyAnalog.c...
compiling main.c...
compiling MyFunc.c...
compiling stm32f0xx_hal_msp.c...
compiling stm32f0xx_hal_i2c_ex.c...
compiling stm32f0xx_hal_rcc_ex.c...
compiling stm32f0xx_hal.c...
compiling stm32f0xx_hal_dma.c...
compiling stm32f0xx_hal_gpio.c...
compiling stm32f0xx_hal_i2c.c...
compiling stm32f0xx_hal_rcc.c...
compiling stm32f0xx_hal_cortex.c...
compiling stm32f0xx_hal_pwr_ex.c...
compiling stm32f0xx_hal_pwr.c...
compiling stm32f0xx_hal_flash_ex.c...
compiling stm32f0xx_hal_exti.c...
compiling stm32f0xx_hal_flash.c...
compiling stm32f0xx_hal_uart_ex.c...
compiling stm32f0xx_hal_wwdg.c...
compiling system_stm32f0xx.c...
compiling stm32f0xx_hal_tim.c...
compiling stm32f0xx_hal_tim_ex.c...
compiling stm32f0xx_hal_uart.c...
linking...
Program Size: Code=11868 RO-data=232 RW-data=96 ZI-data=2560  
FromELF: creating hex file...
"VolteaChildProcessor\VolteaChildProcessor.axf" - 0 Error(s), 0 Warning(s).

<h2>Software Packages used:</h2>

Package Vendor: ARM
                http://www.keil.com/pack/ARM.CMSIS.5.7.0.pack
                ARM.CMSIS.5.7.0
                CMSIS (Cortex Microcontroller Software Interface Standard)
   * Component: CORE Version: 5.4.0

Package Vendor: Keil
                http://www.keil.com/pack/Keil.STM32F0xx_DFP.2.1.0.pack
                Keil.STM32F0xx_DFP.2.1.0
                STMicroelectronics STM32F0 Series Device Support, Drivers and Examples

<h2>Collection of Component include folders:</h2>
  .\RTE\_VolteaChildProcessor
  C:\Users\nabee\AppData\Local\Arm\Packs\ARM\CMSIS\5.7.0\CMSIS\Core\Include
  C:\Users\nabee\AppData\Local\Arm\Packs\Keil\STM32F0xx_DFP\2.1.0\Drivers\CMSIS\Device\ST\STM32F0xx\Include

<h2>Collection of Component Files used:</h2>

   * Component: ARM::CMSIS:CORE:5.4.0
Build Time Elapsed:  00:00:07
</pre>
</body>
</html>
