###############################################################################
#
# IAR ELF Linker V9.70.1.475/W64 for ARM                  02/Oct/2025  11:18:07
# Copyright 2007-2025 IAR Systems AB.
#
#    Output file  =
#        C:\Users\smuri\Downloads\Innovatek_PCB_5.0_001-main\Innovatek_PCB_5.0_001-main\PCB
#        5.0
#        FW\example\IAR\output\release\exe\sk-fm3-48pmc-usbstick_usb_device_virtual_com_port.out
#    Map file     =
#        C:\Users\smuri\Downloads\Innovatek_PCB_5.0_001-main\Innovatek_PCB_5.0_001-main\PCB
#        5.0
#        FW\example\IAR\output\release\list\sk-fm3-48pmc-usbstick_usb_device_virtual_com_port.map
#    Command line =
#        -f
#        "C:\Users\smuri\Downloads\Innovatek_PCB_5.0_001-main\Innovatek_PCB_5.0_001-main\PCB
#        5.0
#        FW\example\IAR\output\release\exe\sk-fm3-48pmc-usbstick_usb_device_virtual_com_port.out.rsp"
#        ("C:\Users\smuri\Downloads\Innovatek_PCB_5.0_001-main\Innovatek_PCB_5.0_001-main\PCB
#        5.0
#        FW\example\IAR\output\release\obj\My_11065561366466422769.dir\1wire.o"
#        "C:\Users\smuri\Downloads\Innovatek_PCB_5.0_001-main\Innovatek_PCB_5.0_001-main\PCB
#        5.0
#        FW\example\IAR\output\release\obj\adc_14570598181400393537.dir\adc.o"
#        "C:\Users\smuri\Downloads\Innovatek_PCB_5.0_001-main\Innovatek_PCB_5.0_001-main\PCB
#        5.0
#        FW\example\IAR\output\release\obj\My_11065561366466422769.dir\AT45DB161.o"
#        "C:\Users\smuri\Downloads\Innovatek_PCB_5.0_001-main\Innovatek_PCB_5.0_001-main\PCB
#        5.0
#        FW\example\IAR\output\release\obj\My_11065561366466422769.dir\Atlas_C.o"
#        "C:\Users\smuri\Downloads\Innovatek_PCB_5.0_001-main\Innovatek_PCB_5.0_001-main\PCB
#        5.0
#        FW\example\IAR\output\release\obj\My_11065561366466422769.dir\Atlas_TC.o"
#        "C:\Users\smuri\Downloads\Innovatek_PCB_5.0_001-main\Innovatek_PCB_5.0_001-main\PCB
#        5.0
#        FW\example\IAR\output\release\obj\My_11065561366466422769.dir\AtlasReplacement.o"
#        "C:\Users\smuri\Downloads\Innovatek_PCB_5.0_001-main\Innovatek_PCB_5.0_001-main\PCB
#        5.0
#        FW\example\IAR\output\release\obj\sk-fm3-48pmc-usbstick_846271940431841289.dir\board.o"
#        "C:\Users\smuri\Downloads\Innovatek_PCB_5.0_001-main\Innovatek_PCB_5.0_001-main\PCB
#        5.0
#        FW\example\IAR\output\release\obj\l3_18370833379257815018.dir\bt.o"
#        "C:\Users\smuri\Downloads\Innovatek_PCB_5.0_001-main\Innovatek_PCB_5.0_001-main\PCB
#        5.0
#        FW\example\IAR\output\release\obj\sk-fm3-48pmc-usbstick_846271940431841289.dir\button.o"
#        "C:\Users\smuri\Downloads\Innovatek_PCB_5.0_001-main\Innovatek_PCB_5.0_001-main\PCB
#        5.0
#        FW\example\IAR\output\release\obj\l3_18370833379257815018.dir\can.o"
#        "C:\Users\smuri\Downloads\Innovatek_PCB_5.0_001-main\Innovatek_PCB_5.0_001-main\PCB
#        5.0
#        FW\example\IAR\output\release\obj\elm-chan.org_14072396974245291179.dir\ccsbcs.o"
#        "C:\Users\smuri\Downloads\Innovatek_PCB_5.0_001-main\Innovatek_PCB_5.0_001-main\PCB
#        5.0
#        FW\example\IAR\output\release\obj\l3_18370833379257815018.dir\clk.o"
#        "C:\Users\smuri\Downloads\Innovatek_PCB_5.0_001-main\Innovatek_PCB_5.0_001-main\PCB
#        5.0
#        FW\example\IAR\output\release\obj\My_11065561366466422769.dir\command.o"
#        "C:\Users\smuri\Downloads\Innovatek_PCB_5.0_001-main\Innovatek_PCB_5.0_001-main\PCB
#        5.0
#        FW\example\IAR\output\release\obj\My_11065561366466422769.dir\constants.o"
#        "C:\Users\smuri\Downloads\Innovatek_PCB_5.0_001-main\Innovatek_PCB_5.0_001-main\PCB
#        5.0
#        FW\example\IAR\output\release\obj\l3_18370833379257815018.dir\crc.o"
#        "C:\Users\smuri\Downloads\Innovatek_PCB_5.0_001-main\Innovatek_PCB_5.0_001-main\PCB
#        5.0
#        FW\example\IAR\output\release\obj\l3_18370833379257815018.dir\crtrim.o"
#        "C:\Users\smuri\Downloads\Innovatek_PCB_5.0_001-main\Innovatek_PCB_5.0_001-main\PCB
#        5.0
#        FW\example\IAR\output\release\obj\l3_18370833379257815018.dir\csv.o"
#        "C:\Users\smuri\Downloads\Innovatek_PCB_5.0_001-main\Innovatek_PCB_5.0_001-main\PCB
#        5.0
#        FW\example\IAR\output\release\obj\l3_18370833379257815018.dir\dac.o"
#        "C:\Users\smuri\Downloads\Innovatek_PCB_5.0_001-main\Innovatek_PCB_5.0_001-main\PCB
#        5.0
#        FW\example\IAR\output\release\obj\My_11065561366466422769.dir\delay.o"
#        "C:\Users\smuri\Downloads\Innovatek_PCB_5.0_001-main\Innovatek_PCB_5.0_001-main\PCB
#        5.0
#        FW\example\IAR\output\release\obj\elm-chan.org_14072396974245291179.dir\diskio.o"
#        "C:\Users\smuri\Downloads\Innovatek_PCB_5.0_001-main\Innovatek_PCB_5.0_001-main\PCB
#        5.0
#        FW\example\IAR\output\release\obj\l3_18370833379257815018.dir\dma.o"
#        "C:\Users\smuri\Downloads\Innovatek_PCB_5.0_001-main\Innovatek_PCB_5.0_001-main\PCB
#        5.0
#        FW\example\IAR\output\release\obj\My_11065561366466422769.dir\DS18B20.o"
#        "C:\Users\smuri\Downloads\Innovatek_PCB_5.0_001-main\Innovatek_PCB_5.0_001-main\PCB
#        5.0
#        FW\example\IAR\output\release\obj\l3_18370833379257815018.dir\dsm.o"
#        "C:\Users\smuri\Downloads\Innovatek_PCB_5.0_001-main\Innovatek_PCB_5.0_001-main\PCB
#        5.0
#        FW\example\IAR\output\release\obj\l3_18370833379257815018.dir\dt.o"
#        "C:\Users\smuri\Downloads\Innovatek_PCB_5.0_001-main\Innovatek_PCB_5.0_001-main\PCB
#        5.0
#        FW\example\IAR\output\release\obj\My_11065561366466422769.dir\DualTimer.o"
#        "C:\Users\smuri\Downloads\Innovatek_PCB_5.0_001-main\Innovatek_PCB_5.0_001-main\PCB
#        5.0
#        FW\example\IAR\output\release\obj\l3_18370833379257815018.dir\exint.o"
#        "C:\Users\smuri\Downloads\Innovatek_PCB_5.0_001-main\Innovatek_PCB_5.0_001-main\PCB
#        5.0
#        FW\example\IAR\output\release\obj\l3_18370833379257815018.dir\extif.o"
#        "C:\Users\smuri\Downloads\Innovatek_PCB_5.0_001-main\Innovatek_PCB_5.0_001-main\PCB
#        5.0
#        FW\example\IAR\output\release\obj\elm-chan.org_14072396974245291179.dir\ff.o"
#        "C:\Users\smuri\Downloads\Innovatek_PCB_5.0_001-main\Innovatek_PCB_5.0_001-main\PCB
#        5.0
#        FW\example\IAR\output\release\obj\l3_18370833379257815018.dir\flash.o"
#        "C:\Users\smuri\Downloads\Innovatek_PCB_5.0_001-main\Innovatek_PCB_5.0_001-main\PCB
#        5.0
#        FW\example\IAR\output\release\obj\My_11065561366466422769.dir\gpio.o"
#        "C:\Users\smuri\Downloads\Innovatek_PCB_5.0_001-main\Innovatek_PCB_5.0_001-main\PCB
#        5.0
#        FW\example\IAR\output\release\obj\My_11065561366466422769.dir\gprs.o"
#        "C:\Users\smuri\Downloads\Innovatek_PCB_5.0_001-main\Innovatek_PCB_5.0_001-main\PCB
#        5.0
#        FW\example\IAR\output\release\obj\My_11065561366466422769.dir\GprsUart.o"
#        "C:\Users\smuri\Downloads\Innovatek_PCB_5.0_001-main\Innovatek_PCB_5.0_001-main\PCB
#        5.0
#        FW\example\IAR\output\release\obj\My_11065561366466422769.dir\i2c.o"
#        "C:\Users\smuri\Downloads\Innovatek_PCB_5.0_001-main\Innovatek_PCB_5.0_001-main\PCB
#        5.0
#        FW\example\IAR\output\release\obj\l3_18370833379257815018.dir\interrupts.o"
#        "C:\Users\smuri\Downloads\Innovatek_PCB_5.0_001-main\Innovatek_PCB_5.0_001-main\PCB
#        5.0
#        FW\example\IAR\output\release\obj\l3_18370833379257815018.dir\l3.o"
#        "C:\Users\smuri\Downloads\Innovatek_PCB_5.0_001-main\Innovatek_PCB_5.0_001-main\PCB
#        5.0
#        FW\example\IAR\output\release\obj\sk-fm3-48pmc-usbstick_846271940431841289.dir\ledpwm.o"
#        "C:\Users\smuri\Downloads\Innovatek_PCB_5.0_001-main\Innovatek_PCB_5.0_001-main\PCB
#        5.0
#        FW\example\IAR\output\release\obj\l3_18370833379257815018.dir\lvd.o"
#        "C:\Users\smuri\Downloads\Innovatek_PCB_5.0_001-main\Innovatek_PCB_5.0_001-main\PCB
#        5.0
#        FW\example\IAR\output\release\obj\source_files_8152044814988207902.dir\main.o"
#        "C:\Users\smuri\Downloads\Innovatek_PCB_5.0_001-main\Innovatek_PCB_5.0_001-main\PCB
#        5.0
#        FW\example\IAR\output\release\obj\l3_18370833379257815018.dir\mfs.o"
#        "C:\Users\smuri\Downloads\Innovatek_PCB_5.0_001-main\Innovatek_PCB_5.0_001-main\PCB
#        5.0
#        FW\example\IAR\output\release\obj\l3_18370833379257815018.dir\mft.o"
#        "C:\Users\smuri\Downloads\Innovatek_PCB_5.0_001-main\Innovatek_PCB_5.0_001-main\PCB
#        5.0
#        FW\example\IAR\output\release\obj\My_11065561366466422769.dir\mmu.o"
#        "C:\Users\smuri\Downloads\Innovatek_PCB_5.0_001-main\Innovatek_PCB_5.0_001-main\PCB
#        5.0
#        FW\example\IAR\output\release\obj\My_11065561366466422769.dir\mybootloader.o"
#        "C:\Users\smuri\Downloads\Innovatek_PCB_5.0_001-main\Innovatek_PCB_5.0_001-main\PCB
#        5.0
#        FW\example\IAR\output\release\obj\My_11065561366466422769.dir\myfun.o"
#        "C:\Users\smuri\Downloads\Innovatek_PCB_5.0_001-main\Innovatek_PCB_5.0_001-main\PCB
#        5.0
#        FW\example\IAR\output\release\obj\My_11065561366466422769.dir\MyUsb.o"
#        "C:\Users\smuri\Downloads\Innovatek_PCB_5.0_001-main\Innovatek_PCB_5.0_001-main\PCB
#        5.0
#        FW\example\IAR\output\release\obj\My_11065561366466422769.dir\PAE800.o"
#        "C:\Users\smuri\Downloads\Innovatek_PCB_5.0_001-main\Innovatek_PCB_5.0_001-main\PCB
#        5.0
#        FW\example\IAR\output\release\obj\My_11065561366466422769.dir\PAE_I2C.o"
#        "C:\Users\smuri\Downloads\Innovatek_PCB_5.0_001-main\Innovatek_PCB_5.0_001-main\PCB
#        5.0
#        FW\example\IAR\output\release\obj\ppg_314900825880331553.dir\ppg.o"
#        "C:\Users\smuri\Downloads\Innovatek_PCB_5.0_001-main\Innovatek_PCB_5.0_001-main\PCB
#        5.0
#        FW\example\IAR\output\release\obj\My_11065561366466422769.dir\ProjectFunc.o"
#        "C:\Users\smuri\Downloads\Innovatek_PCB_5.0_001-main\Innovatek_PCB_5.0_001-main\PCB
#        5.0
#        FW\example\IAR\output\release\obj\l3_18370833379257815018.dir\qprc.o"
#        "C:\Users\smuri\Downloads\Innovatek_PCB_5.0_001-main\Innovatek_PCB_5.0_001-main\PCB
#        5.0
#        FW\example\IAR\output\release\obj\l3_18370833379257815018.dir\ramcode.o"
#        "C:\Users\smuri\Downloads\Innovatek_PCB_5.0_001-main\Innovatek_PCB_5.0_001-main\PCB
#        5.0
#        FW\example\IAR\output\release\obj\l3_18370833379257815018.dir\reset.o"
#        "C:\Users\smuri\Downloads\Innovatek_PCB_5.0_001-main\Innovatek_PCB_5.0_001-main\PCB
#        5.0
#        FW\example\IAR\output\release\obj\l3_18370833379257815018.dir\rtc.o"
#        "C:\Users\smuri\Downloads\Innovatek_PCB_5.0_001-main\Innovatek_PCB_5.0_001-main\PCB
#        5.0
#        FW\example\IAR\output\release\obj\My_11065561366466422769.dir\SerialHmi.o"
#        "C:\Users\smuri\Downloads\Innovatek_PCB_5.0_001-main\Innovatek_PCB_5.0_001-main\PCB
#        5.0
#        FW\example\IAR\output\release\obj\My_11065561366466422769.dir\SerialPort.o"
#        "C:\Users\smuri\Downloads\Innovatek_PCB_5.0_001-main\Innovatek_PCB_5.0_001-main\PCB
#        5.0
#        FW\example\IAR\output\release\obj\source_files_8152044814988207902.dir\startup_mb9af31x.o"
#        "C:\Users\smuri\Downloads\Innovatek_PCB_5.0_001-main\Innovatek_PCB_5.0_001-main\PCB
#        5.0
#        FW\example\IAR\output\release\obj\common_14919461937644757070.dir\system_mb9af31x.o"
#        "C:\Users\smuri\Downloads\Innovatek_PCB_5.0_001-main\Innovatek_PCB_5.0_001-main\PCB
#        5.0
#        FW\example\IAR\output\release\obj\sk-fm3-48pmc-usbstick_846271940431841289.dir\uart.o"
#        "C:\Users\smuri\Downloads\Innovatek_PCB_5.0_001-main\Innovatek_PCB_5.0_001-main\PCB
#        5.0
#        FW\example\IAR\output\release\obj\l3_18370833379257815018.dir\usb.o"
#        "C:\Users\smuri\Downloads\Innovatek_PCB_5.0_001-main\Innovatek_PCB_5.0_001-main\PCB
#        5.0
#        FW\example\IAR\output\release\obj\UsbMiddleWare_4399025626197580377.dir\UsbClassSupervisor.o"
#        "C:\Users\smuri\Downloads\Innovatek_PCB_5.0_001-main\Innovatek_PCB_5.0_001-main\PCB
#        5.0
#        FW\example\IAR\output\release\obj\UsbConfig_13880776959982941018.dir\UsbConfig.o"
#        "C:\Users\smuri\Downloads\Innovatek_PCB_5.0_001-main\Innovatek_PCB_5.0_001-main\PCB
#        5.0
#        FW\example\IAR\output\release\obj\l3_18370833379257815018.dir\usbdevice.o"
#        "C:\Users\smuri\Downloads\Innovatek_PCB_5.0_001-main\Innovatek_PCB_5.0_001-main\PCB
#        5.0
#        FW\example\IAR\output\release\obj\UsbMiddleWare_4399025626197580377.dir\UsbDeviceCdcCom.o"
#        "C:\Users\smuri\Downloads\Innovatek_PCB_5.0_001-main\Innovatek_PCB_5.0_001-main\PCB
#        5.0
#        FW\example\IAR\output\release\obj\l3_18370833379257815018.dir\usbethernetclock.o"
#        "C:\Users\smuri\Downloads\Innovatek_PCB_5.0_001-main\Innovatek_PCB_5.0_001-main\PCB
#        5.0
#        FW\example\IAR\output\release\obj\l3_18370833379257815018.dir\usbhost.o"
#        "C:\Users\smuri\Downloads\Innovatek_PCB_5.0_001-main\Innovatek_PCB_5.0_001-main\PCB
#        5.0
#        FW\example\IAR\output\release\obj\UsbMiddleWare_4399025626197580377.dir\UsbHostHidCom.o"
#        "C:\Users\smuri\Downloads\Innovatek_PCB_5.0_001-main\Innovatek_PCB_5.0_001-main\PCB
#        5.0
#        FW\example\IAR\output\release\obj\UsbMiddleWare_4399025626197580377.dir\UsbHostHidKeyboard.o"
#        "C:\Users\smuri\Downloads\Innovatek_PCB_5.0_001-main\Innovatek_PCB_5.0_001-main\PCB
#        5.0
#        FW\example\IAR\output\release\obj\UsbMiddleWare_4399025626197580377.dir\UsbHostHidMouse.o"
#        "C:\Users\smuri\Downloads\Innovatek_PCB_5.0_001-main\Innovatek_PCB_5.0_001-main\PCB
#        5.0
#        FW\example\IAR\output\release\obj\UsbMiddleWare_4399025626197580377.dir\UsbHostMassStorage.o"
#        "C:\Users\smuri\Downloads\Innovatek_PCB_5.0_001-main\Innovatek_PCB_5.0_001-main\PCB
#        5.0
#        FW\example\IAR\output\release\obj\My_11065561366466422769.dir\VARIABLE.o"
#        "C:\Users\smuri\Downloads\Innovatek_PCB_5.0_001-main\Innovatek_PCB_5.0_001-main\PCB
#        5.0
#        FW\example\IAR\output\release\obj\l3_18370833379257815018.dir\wc.o"
#        "C:\Users\smuri\Downloads\Innovatek_PCB_5.0_001-main\Innovatek_PCB_5.0_001-main\PCB
#        5.0
#        FW\example\IAR\output\release\obj\l3_18370833379257815018.dir\wdg.o"
#        --redirect _Printf=_PrintfFullNoMb --redirect _Scanf=_ScanfFullNoMb
#        --no_out_extension -o
#        "C:\Users\smuri\Downloads\Innovatek_PCB_5.0_001-main\Innovatek_PCB_5.0_001-main\PCB
#        5.0
#        FW\example\IAR\output\release\exe\sk-fm3-48pmc-usbstick_usb_device_virtual_com_port.out"
#        --map
#        "C:\Users\smuri\Downloads\Innovatek_PCB_5.0_001-main\Innovatek_PCB_5.0_001-main\PCB
#        5.0
#        FW\example\IAR\output\release\list\sk-fm3-48pmc-usbstick_usb_device_virtual_com_port.map"
#        --config
#        "C:\Users\smuri\Downloads\Innovatek_PCB_5.0_001-main\Innovatek_PCB_5.0_001-main\PCB
#        5.0 FW\example\IAR\config\mb9af312.icf" --entry __iar_program_start
#        --inline --vfe --enable_stack_usage --text_out locale --cpu=Cortex-M3
#        --fpu=None) --diagnostics_format=sarif_stdout --dependencies=n
#        "C:\Users\smuri\Downloads\Innovatek_PCB_5.0_001-main\Innovatek_PCB_5.0_001-main\PCB
#        5.0
#        FW\example\IAR\output\release\exe\sk-fm3-48pmc-usbstick_usb_device_virtual_com_port.out.iar_deps"
#        --dynamic_output
#        "C:\Users\smuri\Downloads\Innovatek_PCB_5.0_001-main\Innovatek_PCB_5.0_001-main\PCB
#        5.0
#        FW\example\IAR\output\release\exe\sk-fm3-48pmc-usbstick_usb_device_virtual_com_port.out.iar_dynout"
#
###############################################################################

*******************************************************************************
*** MESSAGES
***

Warning[Ls016]: [stack usage analysis] the program contains at least one
          indirect call. Example: from "Usb_Configure". A complete list of such
          functions is in the map file.
Warning[Ls017]: [stack usage analysis] the program contains at least one
          instance of recursion for which stack usage analysis has not been
          able to calculate a maximum stack depth. One function involved is
          "SendSms". A complete list of all recursion nests is in the map file.


*******************************************************************************
*** RUNTIME MODEL ATTRIBUTES
***

CppFlavor       = *
__CPP_Runtime   = 1
__SystemLibrary = DLib
__dlib_version  = 6


*******************************************************************************
*** HEAP SELECTION
***

The basic heap was selected because no calls to memory allocation
functions were found in the application outside of system library
functions, there are calls to deallocation functions in the
application, and the application appears to be primarily
optimized for speed.


*******************************************************************************
*** PLACEMENT SUMMARY
***

"A0":  place at address 0x0 {  ro section .intvec };
"P1":  place in [from 0x0 to 0x1'ffff] {  ro };
define block CSTACK with size = 1K, alignment = 8 { };
define block HEAP with size = 1K, alignment = 8 { };
"P2":  place in [from 0x1fff'e000 to 0x2000'1fff] {
           rw,  block CSTACK,  block HEAP };
initialize by copy {  rw };

  Section            Kind         Address  Alignment      Size  Object
  -------            ----         -------  ---------      ----  ------
"A0":                                                    0x100
  .intvec            ro code          0x0          4     0x100  startup_mb9af31x.o [10]
                                  - 0x100                0x100

"P1":                                                 0x1'a214
  .text              ro code        0x100          4    0x5cd4  SerialHmi.o [1]
  .text              ro code       0x5dd4          4     0x1b4  myfun.o [1]
  .text              ro code       0x5f88          4     0x16c  MyUsb.o [1]
  .text              ro code       0x60f4          4      0xa6  ABImemcpy.o [13]
  .text              ro code       0x619a          2      0x3a  packbits_init_single.o [13]
  .text              ro code       0x61d4          4      0x40  sprintf.o [11]
  .text              ro code       0x6214          4     0x6b0  PAE800.o [1]
  .text              ro code       0x68c4          4      0x48  FltToDbl.o [12]
  .text              ro code       0x690c          4     0x1aa  DblMul.o [12]
  .text              ro code       0x6ab6          2      0x1e  xsscin.o [11]
  .text              ro code       0x6ad4          4      0x24  S32ToFlt.o [12]
  .text              ro code       0x6af8          4     0x118  FltDiv.o [12]
  .text              ro code       0x6c10          4     0x638  AT45DB161.o [1]
  .text              ro code       0x7248          2      0x1e  strcat.o [11]
  .text              ro code       0x7266          2       0xa  xsprout.o [11]
  .text              ro code       0x7270          4      0x18  FltToU32.o [12]
  .text              ro code       0x7288          4     0x128  ProjectFunc.o [1]
  .text              ro code       0x73b0          4      0x12  strcmp.o [13]
  .text              ro code       0x73c4          4     0x590  AtlasReplacement.o [1]
  .text              ro code       0x7954          4    0x1fe0  mmu.o [1]
  .text              ro code       0x9934          4      0x3a  delay.o [1]
  .text              ro code       0x9970          4     0x270  DualTimer.o [1]
  .text              ro code       0x9be0          2      0x20  localtim64.o [11]
  .text              ro code       0x9c00          4     0x154  GprsUart.o [1]
  .text              ro code       0x9d54          4      0x36  strlen.o [13]
  .text              ro code       0x9d8c          4      0x66  ABImemset.o [13]
  .text              ro code       0x9df4          4      0x18  strcpy.o [13]
  .text              ro code       0x9e0c          4     0x128  UsbConfig.o [2]
  .text              ro code       0x9f34          4     0xe86  usb.o [7]
  .text              ro code       0xadbc          4     0x7b8  usbdevice.o [7]
  .text              ro code       0xb574          4     0x384  UsbDeviceCdcCom.o [3]
  .text              ro code       0xb8f8          4     0xeb6  xprintffull_nomb.o [11]
  .text              ro code       0xc7b0          4     0x3d8  PAE_I2C.o [1]
  .text              ro code       0xcb88          4     0x1b8  Atlas_TC.o [1]
  .text              ro code       0xcd40          4      0x28  sscanf.o [11]
  .text              ro code       0xcd68          4      0x1a  U32ToFlt.o [12]
  .text              ro code       0xcd84          4     0x16e  FltAddSub.o [12]
  .text              ro code       0xcef4          4      0xd8  FltMul.o [12]
  .text              ro code       0xcfcc          4      0x68  DblToFlt.o [12]
  .text              ro code       0xd034          4     0x25e  DblAddSub.o [12]
  .text              ro code       0xd294          4     0x246  DblDiv.o [12]
  .text              ro code       0xd4dc          4      0x36  DblToS32.o [12]
  .text              ro code       0xd514          4      0x28  FltCmpLe.o [12]
  .text              ro code       0xd53c          4      0xf0  ppg.o [8]
  .text              ro code       0xd62c          4       0x6  ABImemclr.o [13]
  .text              ro code       0xd634          4      0x28  FltCmpGe.o [12]
  .text              ro code       0xd65c          4    0x3200  command.o [1]
  .text              ro code     0x1'085c          4      0xe0  mktime64.o [11]
  .text              ro code     0x1'093c          4     0x15c  xttotm64.o [11]
  .text              ro code     0x1'0a98          4       0x6  ABImemclr4.o [13]
  .text              ro code     0x1'0aa0          4     0xd60  usbhost.o [7]
  .text              ro code     0x1'1800          4      0x64  usbethernetclock.o [7]
  .text              ro code     0x1'1864          4      0x16  strchr.o [13]
  .text              ro code     0x1'187c          4      0x40  xfail_s.o [11]
  .text              ro code     0x1'18bc          4      0x58  memchr.o [13]
  .text              ro code     0x1'1914          4      0x70  frexp.o [12]
  .text              ro code     0x1'1984          4      0x34  DblCmpLe.o [12]
  .text              ro code     0x1'19b8          4      0x34  DblCmpGe.o [12]
  .text              ro code     0x1'19ec          4     0x13a  ldexp.o [12]
  .text              ro code     0x1'1b28          4      0x22  S32ToDbl.o [12]
  .text              ro code     0x1'1b4c          4      0x22  DblToU32.o [12]
  .text              ro code     0x1'1b70          4      0x1c  U32ToDbl.o [12]
  .text              ro code     0x1'1b8c          4     0x274  I64DivMod.o [13]
  .text              ro code     0x1'1e00          4     0x3b8  i2c.o [1]
  .text              ro code     0x1'21b8          4     0xd58  xscanffull_nomb.o [11]
  .text              ro code     0x1'2f10          4    0x1a48  gprs.o [1]
  .text              ro code     0x1'4958          4     0x138  SerialPort.o [1]
  .text              ro code     0x1'4a90          4      0xcc  xDaysTo64.o [11]
  .text              ro code     0x1'4b5c          4      0x32  ABImemset48.o [13]
  .text              ro code     0x1'4b90          4     0x358  UsbClassSupervisor.o [3]
  .text              ro code     0x1'4ee8          2       0x6  abort.o [11]
  .text              ro code     0x1'4ef0          4       0x2  I64DivZer.o [13]
  .text              ro code     0x1'4ef4          4     0x2fc  strto64.o [12]
  .text              ro code     0x1'51f0          4     0x1a6  iar_Stoullx.o [11]
  .text              ro code     0x1'5398          4      0xae  iar_Stollx.o [11]
  .text              ro code     0x1'5448          4       0xc  XXexit.o [13]
  .text              ro code     0x1'5454          2     0x120  iar_Stopfx.o [11]
  .text              ro code     0x1'5574          4     0x1a8  iar_Stoflt.o [11]
  .text              ro code     0x1'571c          4     0x1fc  iar_Stoxflt.o [11]
  .text              ro code     0x1'5918          4    0x15b4  main.o [10]
  .text              ro code     0x1'6ecc          4      0x54  board.o [9]
  .text              ro code     0x1'6f20          4     0x53c  gpio.o [1]
  .text              ro code     0x1'745c          4     0x154  DS18B20.o [1]
  .text              ro code     0x1'75b0          4      0x26  FltToS32.o [12]
  .text              ro code     0x1'75d8          4      0x94  adc.o [4]
  .text              ro code     0x1'766c          4     0x15c  Atlas_C.o [1]
  .text              ro code     0x1'77c8          4     0x234  1wire.o [1]
  .rodata            const       0x1'79fc          4    0x1424  SerialHmi.o [1]
  .rodata            const       0x1'8e20          4     0x258  main.o [10]
  .rodata            const       0x1'9078          4     0x1e8  gprs.o [1]
  .rodata            const       0x1'9260          4     0x1b0  main.o [10]
  .text              ro code     0x1'9410          4     0x194  UsbHostHidMouse.o [3]
  .text              ro code     0x1'95a4          4     0x170  UsbHostHidKeyboard.o [3]
  .text              ro code     0x1'9714          4     0x138  UsbHostHidCom.o [3]
  .rodata            const       0x1'984c          4     0x108  command.o [1]
  .text              ro code     0x1'9954          4      0xec  UsbHostMassStorage.o [3]
  .text              ro code     0x1'9a40          4      0xbc  system_mb9af31x.o [5]
  .text              ro code     0x1'9afc          4      0xb6  mfs.o [7]
  .rodata            const       0x1'9bb4          4      0xb4  command.o [1]
  .rodata            const       0x1'9c68          4      0x9c  gprs.o [1]
  .rodata            const       0x1'9d04          4      0x68  command.o [1]
  .rodata            const       0x1'9d6c          4      0x68  MyUsb.o [1]
  .rodata            const       0x1'9dd4          4      0x64  mmu.o [1]
  .rodata            const       0x1'9e38          4      0x50  UsbClassSupervisor.o [3]
  .rodata            const       0x1'9e88          4      0x50  iar_Stoullx.o [11]
  .rodata            const       0x1'9ed8          4      0x48  mmu.o [1]
  .rodata            const       0x1'9f20          8      0x48  strto64.o [12]
  .text              ro code     0x1'9f68          2      0x38  zero_init3.o [13]
  .rodata            const       0x1'9fa0          4      0x34  1wire.o [1]
  .text              ro code     0x1'9fd4          4      0x34  interrupts.o [7]
  .rodata            const       0x1'a008          4      0x30  UsbConfig.o [2]
  .rodata            const       0x1'a038          4      0x2c  SerialHmi.o [1]
  .rodata            const       0x1'a064          4      0x28  xscanffull_nomb.o [11]
  .text              ro code     0x1'a08c          4      0x28  data_init.o [13]
  .rodata            const       0x1'a0b4          4      0x24  Atlas_TC.o [1]
  .rodata            const       0x1'a0d8          4      0x24  xscanffull_nomb.o [11]
  .text              ro code     0x1'a0fc          4      0x22  cmain.o [13]
  .text              ro code     0x1'a11e          2       0x4  exit.o [11]
  .text              ro code     0x1'a124          4       0x4  cexit.o [13]
  .text              ro code     0x1'a128          4       0xa  cexit_2.o [13]
  .iar.init_table    const       0x1'a134          4      0x20  - Linker created -
  .text              ro code     0x1'a154          4      0x1e  cstartup_M.o [13]
  .rodata            const       0x1'a174          4      0x1c  UsbConfig.o [2]
  .rodata            const       0x1'a190          4      0x14  UsbConfig.o [2]
  .text              ro code     0x1'a1a4          4      0x10  startup_mb9af31x.o [10]
  .rodata            const       0x1'a1b4          4       0x8  usbhost.o [7]
  .rodata            const       0x1'a1bc          4       0x4  UsbConfig.o [2]
  .text              ro code     0x1'a1c0          2       0x4  startup_mb9af31x.o [10]
  .text              ro code     0x1'a1c4          2       0x4  startup_mb9af31x.o [10]
  .text              ro code     0x1'a1c8          2       0x4  startup_mb9af31x.o [10]
  .text              ro code     0x1'a1cc          2       0x4  startup_mb9af31x.o [10]
  .text              ro code     0x1'a1d0          2       0x4  startup_mb9af31x.o [10]
  .text              ro code     0x1'a1d4          2       0x4  startup_mb9af31x.o [10]
  .text              ro code     0x1'a1d8          2       0x4  startup_mb9af31x.o [10]
  .text              ro code     0x1'a1dc          2       0x4  startup_mb9af31x.o [10]
  .text              ro code     0x1'a1e0          2       0x4  startup_mb9af31x.o [10]
  .text              ro code     0x1'a1e4          2       0x4  startup_mb9af31x.o [10]
  .text              ro code     0x1'a1e8          2       0x4  startup_mb9af31x.o [10]
  .text              ro code     0x1'a1ec          2       0x4  startup_mb9af31x.o [10]
  .text              ro code     0x1'a1f0          2       0x4  startup_mb9af31x.o [10]
  .text              ro code     0x1'a1f4          2       0x4  startup_mb9af31x.o [10]
  .text              ro code     0x1'a1f8          2       0x4  startup_mb9af31x.o [10]
  .text              ro code     0x1'a1fc          2       0x4  startup_mb9af31x.o [10]
  .text              ro code     0x1'a200          2       0x4  startup_mb9af31x.o [10]
  .text              ro code     0x1'a204          2       0x4  startup_mb9af31x.o [10]
  .text              ro code     0x1'a208          2       0x4  startup_mb9af31x.o [10]
  .text              ro code     0x1'a20c          2       0x4  startup_mb9af31x.o [10]
  .text              ro code     0x1'a210          2       0x4  startup_mb9af31x.o [10]
  .text              ro code     0x1'a214          2       0x4  startup_mb9af31x.o [10]
  .text              ro code     0x1'a218          2       0x4  startup_mb9af31x.o [10]
  .text              ro code     0x1'a21c          2       0x4  startup_mb9af31x.o [10]
  .text              ro code     0x1'a220          2       0x4  startup_mb9af31x.o [10]
  .text              ro code     0x1'a224          2       0x4  startup_mb9af31x.o [10]
  .text              ro code     0x1'a228          2       0x4  startup_mb9af31x.o [10]
  .text              ro code     0x1'a22c          2       0x4  startup_mb9af31x.o [10]
  .text              ro code     0x1'a230          2       0x4  startup_mb9af31x.o [10]
  .text              ro code     0x1'a234          2       0x4  startup_mb9af31x.o [10]
  .text              ro code     0x1'a238          2       0x4  startup_mb9af31x.o [10]
  .text              ro code     0x1'a23c          2       0x4  startup_mb9af31x.o [10]
  .text              ro code     0x1'a240          2       0x4  startup_mb9af31x.o [10]
  .text              ro code     0x1'a244          2       0x4  startup_mb9af31x.o [10]
  .text              ro code     0x1'a248          2       0x4  startup_mb9af31x.o [10]
  .text              ro code     0x1'a24c          2       0x4  startup_mb9af31x.o [10]
  .text              ro code     0x1'a250          2       0x4  startup_mb9af31x.o [10]
  .text              ro code     0x1'a254          2       0x4  startup_mb9af31x.o [10]
  .text              ro code     0x1'a258          2       0x4  startup_mb9af31x.o [10]
  .text              ro code     0x1'a25c          2       0x4  startup_mb9af31x.o [10]
  .text              ro code     0x1'a260          2       0x4  startup_mb9af31x.o [10]
  .rodata            const       0x1'a264                  0x0  zero_init3.o [13]
  .rodata            const       0x1'a264                  0x0  packbits_init_single.o [13]
  Initializer bytes  const       0x1'a264                 0xb0  <for P2-1>
                               - 0x1'a314             0x1'a214

"P2", part 1 of 3:                                       0x86e
  P2-1                        0x1fff'e000                0x86e  <Init block>
    .data            inited   0x1fff'e000          8      0x14  Atlas_C.o [1]
    .data            inited   0x1fff'e014          4      0x40  AtlasReplacement.o [1]
    .data            inited   0x1fff'e054          4     0x240  mfs.o [7]
    .data            inited   0x1fff'e294          4     0x14c  usb.o [7]
    .data            inited   0x1fff'e3e0          4      0x2c  UsbClassSupervisor.o [3]
    .data            inited   0x1fff'e40c          4      0xe8  usbdevice.o [7]
    .data            inited   0x1fff'e4f4          4      0xc8  UsbDeviceCdcCom.o [3]
    .data            inited   0x1fff'e5bc          4     0x24c  usbhost.o [7]
    .data            inited   0x1fff'e808          4       0x4  VARIABLE.o [1]
    .data            inited   0x1fff'e80c          4       0x4  VARIABLE.o [1]
    .data            inited   0x1fff'e810          4       0x4  VARIABLE.o [1]
    .data            inited   0x1fff'e814          4       0x4  VARIABLE.o [1]
    .data            inited   0x1fff'e818          4       0x4  VARIABLE.o [1]
    .data            inited   0x1fff'e81c          4       0x4  VARIABLE.o [1]
    .data            inited   0x1fff'e820          4       0x4  VARIABLE.o [1]
    .data            inited   0x1fff'e824          4       0x4  VARIABLE.o [1]
    .data            inited   0x1fff'e828          4       0x4  VARIABLE.o [1]
    .data            inited   0x1fff'e82c          4       0x4  VARIABLE.o [1]
    .data            inited   0x1fff'e830          4       0x4  VARIABLE.o [1]
    .data            inited   0x1fff'e834          4       0x4  VARIABLE.o [1]
    .data            inited   0x1fff'e838          4       0x4  VARIABLE.o [1]
    .data            inited   0x1fff'e83c          4       0x4  VARIABLE.o [1]
    .data            inited   0x1fff'e840          4       0x4  VARIABLE.o [1]
    .data            inited   0x1fff'e844          4       0x4  VARIABLE.o [1]
    .data            inited   0x1fff'e848          4       0x4  VARIABLE.o [1]
    .data            inited   0x1fff'e84c          4       0x4  VARIABLE.o [1]
    .data            inited   0x1fff'e850          4       0x4  VARIABLE.o [1]
    .data            inited   0x1fff'e854          4       0x4  VARIABLE.o [1]
    .data            inited   0x1fff'e858          4       0x4  VARIABLE.o [1]
    .data            inited   0x1fff'e85c          4       0x4  VARIABLE.o [1]
    .data            inited   0x1fff'e860          4       0x4  VARIABLE.o [1]
    .data            inited   0x1fff'e864          4       0x4  VARIABLE.o [1]
    .data            inited   0x1fff'e868                  0x1  ppg.o [8]
    .data            inited   0x1fff'e869                  0x1  VARIABLE.o [1]
    .data            inited   0x1fff'e86a                  0x1  VARIABLE.o [1]
    .data            inited   0x1fff'e86b                  0x1  VARIABLE.o [1]
    .data            inited   0x1fff'e86c                  0x1  VARIABLE.o [1]
    .data            inited   0x1fff'e86d                  0x1  VARIABLE.o [1]
                            - 0x1fff'e86e                0x86e

"P2", part 2 of 3:                                      0x18b0
  .bss               zero     0x1fff'e870          8     0x420  command.o [1]
  .bss               zero     0x1fff'ec90          4     0x260  GprsUart.o [1]
  .bss               zero     0x1fff'eef0          4     0x224  command.o [1]
  .bss               zero     0x1fff'f114          4     0x214  gprs.o [1]
  .bss               zero     0x1fff'f328          4     0x214  VARIABLE.o [1]
  .bss               zero     0x1fff'f53c          4     0x20c  MyUsb.o [1]
  .bss               zero     0x1fff'f748          4     0x200  UsbDeviceCdcCom.o [3]
  .bss               zero     0x1fff'f948          4     0x100  VARIABLE.o [1]
  .bss               zero     0x1fff'fa48          4      0xfc  AtlasReplacement.o [1]
  .bss               zero     0x1fff'fb44          4      0xe4  PAE800.o [1]
  .bss               zero     0x1fff'fc28          4      0x64  SerialHmi.o [1]
  .bss               zero     0x1fff'fc8c          4      0x60  UsbHostHidCom.o [3]
  .bss               zero     0x1fff'fcec          4      0x48  gpio.o [1]
  .bss               zero     0x1fff'fd34          4      0x40  VARIABLE.o [1]
  .bss               zero     0x1fff'fd74          4      0x38  gprs.o [1]
  .bss               zero     0x1fff'fdac          4      0x38  UsbHostMassStorage.o [3]
  .bss               zero     0x1fff'fde4          4      0x30  UsbHostHidKeyboard.o [3]
  .bss               zero     0x1fff'fe14          4      0x2c  mmu.o [1]
  .bss               zero     0x1fff'fe40          4      0x2c  UsbHostHidMouse.o [3]
  .bss               zero     0x1fff'fe6c          4      0x2c  VARIABLE.o [1]
  .bss               zero     0x1fff'fe98          4      0x2c  xttotm64.o [11]
  .bss               zero     0x1fff'fec4          4      0x24  SerialHmi.o [1]
  .bss               zero     0x1fff'fee8          4      0x24  SerialHmi.o [1]
  .bss               zero     0x1fff'ff0c          4      0x20  SerialPort.o [1]
  .bss               zero     0x1fff'ff2c          4      0x1c  DS18B20.o [1]
  .bss               zero     0x1fff'ff48          4      0x14  SerialHmi.o [1]
  .bss               zero     0x1fff'ff5c          4      0x14  VARIABLE.o [1]
  .bss               zero     0x1fff'ff70          4      0x14  VARIABLE.o [1]
  .bss               zero     0x1fff'ff84          4      0x10  DualTimer.o [1]
  .bss               zero     0x1fff'ff94          4       0xb  UsbHostMassStorage.o [3]
  .bss               zero     0x1fff'ff9f                  0x1  AtlasReplacement.o [1]
  .bss               zero     0x1fff'ffa0          8       0x8  1wire.o [1]
  .bss               zero     0x1fff'ffa8          8       0x8  DualTimer.o [1]
  .bss               zero     0x1fff'ffb0          4       0x8  gpio.o [1]
  .bss               zero     0x1fff'ffb8          8       0x8  VARIABLE.o [1]
  .bss               zero     0x1fff'ffc0          8       0x8  VARIABLE.o [1]
  .bss               zero     0x1fff'ffc8          8       0x8  VARIABLE.o [1]
  .bss               zero     0x1fff'ffd0          8       0x8  VARIABLE.o [1]
  .bss               zero     0x1fff'ffd8          4       0x8  VARIABLE.o [1]
  .bss               zero     0x1fff'ffe0          4       0x8  VARIABLE.o [1]
  .bss               zero     0x1fff'ffe8          4       0x4  1wire.o [1]
  .bss               zero     0x1fff'ffec          2       0x4  gpio.o [1]
  .bss               zero     0x1fff'fff0          4       0x4  GprsUart.o [1]
  .bss               zero     0x1fff'fff4          4       0x4  MyUsb.o [1]
  .bss               zero     0x1fff'fff8          4       0x4  PAE800.o [1]
  .bss               zero     0x1fff'fffc          4       0x4  PAE800.o [1]
  .bss               zero     0x2000'0000                  0x4  SerialHmi.o [1]
  .bss               zero     0x2000'0004          4       0x4  SerialPort.o [1]
  .bss               zero     0x2000'0008          4       0x4  usb.o [7]
  .bss               zero     0x2000'000c          4       0x4  VARIABLE.o [1]
  .bss               zero     0x2000'0010          4       0x4  VARIABLE.o [1]
  .bss               zero     0x2000'0014          4       0x4  VARIABLE.o [1]
  .bss               zero     0x2000'0018          4       0x4  VARIABLE.o [1]
  .bss               zero     0x2000'001c          4       0x4  VARIABLE.o [1]
  .bss               zero     0x2000'0020          4       0x4  VARIABLE.o [1]
  .bss               zero     0x2000'0024          4       0x4  VARIABLE.o [1]
  .bss               zero     0x2000'0028          4       0x4  VARIABLE.o [1]
  .bss               zero     0x2000'002c          4       0x4  VARIABLE.o [1]
  .bss               zero     0x2000'0030          4       0x4  VARIABLE.o [1]
  .bss               zero     0x2000'0034          4       0x4  VARIABLE.o [1]
  .bss               zero     0x2000'0038          4       0x4  VARIABLE.o [1]
  .bss               zero     0x2000'003c          4       0x4  VARIABLE.o [1]
  .bss               zero     0x2000'0040          4       0x4  VARIABLE.o [1]
  .bss               zero     0x2000'0044          4       0x4  VARIABLE.o [1]
  .bss               zero     0x2000'0048          4       0x4  VARIABLE.o [1]
  .bss               zero     0x2000'004c          4       0x4  VARIABLE.o [1]
  .bss               zero     0x2000'0050          4       0x4  VARIABLE.o [1]
  .bss               zero     0x2000'0054          4       0x4  VARIABLE.o [1]
  .bss               zero     0x2000'0058          4       0x4  VARIABLE.o [1]
  .bss               zero     0x2000'005c          4       0x4  VARIABLE.o [1]
  .bss               zero     0x2000'0060          4       0x4  VARIABLE.o [1]
  .bss               zero     0x2000'0064          4       0x4  VARIABLE.o [1]
  .bss               zero     0x2000'0068          4       0x4  VARIABLE.o [1]
  .bss               zero     0x2000'006c          4       0x4  VARIABLE.o [1]
  .bss               zero     0x2000'0070          4       0x4  VARIABLE.o [1]
  .bss               zero     0x2000'0074          4       0x4  VARIABLE.o [1]
  .bss               zero     0x2000'0078          4       0x4  VARIABLE.o [1]
  .bss               zero     0x2000'007c          4       0x4  VARIABLE.o [1]
  .bss               zero     0x2000'0080          4       0x4  VARIABLE.o [1]
  .bss               zero     0x2000'0084          4       0x4  VARIABLE.o [1]
  .bss               zero     0x2000'0088          4       0x4  VARIABLE.o [1]
  .bss               zero     0x2000'008c          4       0x4  VARIABLE.o [1]
  .bss               zero     0x2000'0090          4       0x4  VARIABLE.o [1]
  .bss               zero     0x2000'0094          4       0x4  VARIABLE.o [1]
  .bss               zero     0x2000'0098          4       0x4  VARIABLE.o [1]
  .bss               zero     0x2000'009c          4       0x4  VARIABLE.o [1]
  .bss               zero     0x2000'00a0          4       0x4  VARIABLE.o [1]
  .bss               zero     0x2000'00a4          4       0x4  VARIABLE.o [1]
  .bss               zero     0x2000'00a8          4       0x4  VARIABLE.o [1]
  .bss               zero     0x2000'00ac          4       0x4  VARIABLE.o [1]
  .bss               zero     0x2000'00b0          4       0x4  VARIABLE.o [1]
  .bss               zero     0x2000'00b4          4       0x4  VARIABLE.o [1]
  .bss               zero     0x2000'00b8          4       0x4  VARIABLE.o [1]
  .bss               zero     0x2000'00bc          4       0x4  VARIABLE.o [1]
  .bss               zero     0x2000'00c0          4       0x4  VARIABLE.o [1]
  .bss               zero     0x2000'00c4          4       0x4  VARIABLE.o [1]
  .bss               zero     0x2000'00c8          4       0x4  VARIABLE.o [1]
  .bss               zero     0x2000'00cc          4       0x4  VARIABLE.o [1]
  .bss               zero     0x2000'00d0          4       0x4  VARIABLE.o [1]
  .bss               zero     0x2000'00d4          4       0x4  VARIABLE.o [1]
  .bss               zero     0x2000'00d8          4       0x4  VARIABLE.o [1]
  .bss               zero     0x2000'00dc          4       0x4  VARIABLE.o [1]
  .bss               zero     0x2000'00e0          4       0x4  xfail_s.o [11]
  .bss               zero     0x2000'00e4                  0x3  i2c.o [1]
  .bss               zero     0x2000'00e7                  0x3  PAE800.o [1]
  .bss               zero     0x2000'00ea                  0x3  PAE_I2C.o [1]
  .bss               zero     0x2000'00ed                  0x1  DS18B20.o [1]
  .bss               zero     0x2000'00ee                  0x1  gprs.o [1]
  .bss               zero     0x2000'00ef                  0x1  gprs.o [1]
  .bss               zero     0x2000'00f0                  0x1  GprsUart.o [1]
  .bss               zero     0x2000'00f1                  0x1  i2c.o [1]
  .bss               zero     0x2000'00f2                  0x1  mmu.o [1]
  .bss               zero     0x2000'00f3                  0x1  PAE800.o [1]
  .bss               zero     0x2000'00f4                  0x1  PAE800.o [1]
  .bss               zero     0x2000'00f5                  0x1  ppg.o [8]
  .bss               zero     0x2000'00f6                  0x1  usb.o [7]
  .bss               zero     0x2000'00f7                  0x1  usbethernetclock.o [7]
  .bss               zero     0x2000'00f8                  0x1  VARIABLE.o [1]
  .bss               zero     0x2000'00f9                  0x1  VARIABLE.o [1]
  .bss               zero     0x2000'00fa                  0x1  VARIABLE.o [1]
  .bss               zero     0x2000'00fb                  0x1  VARIABLE.o [1]
  .bss               zero     0x2000'00fc                  0x1  VARIABLE.o [1]
  .bss               zero     0x2000'00fd                  0x1  VARIABLE.o [1]
  .bss               zero     0x2000'00fe                  0x1  VARIABLE.o [1]
  .bss               zero     0x2000'00ff                  0x1  VARIABLE.o [1]
  .bss               zero     0x2000'0100                  0x1  VARIABLE.o [1]
  .bss               zero     0x2000'0101                  0x1  VARIABLE.o [1]
  .bss               zero     0x2000'0102                  0x1  VARIABLE.o [1]
  .bss               zero     0x2000'0103                  0x1  VARIABLE.o [1]
  .bss               zero     0x2000'0104                  0x1  VARIABLE.o [1]
  .bss               zero     0x2000'0105                  0x1  VARIABLE.o [1]
  .bss               zero     0x2000'0106                  0x1  VARIABLE.o [1]
  .bss               zero     0x2000'0107                  0x1  VARIABLE.o [1]
  .bss               zero     0x2000'0108                  0x1  VARIABLE.o [1]
  .bss               zero     0x2000'0109                  0x1  VARIABLE.o [1]
  .bss               zero     0x2000'010a                  0x1  VARIABLE.o [1]
  .bss               zero     0x2000'010b                  0x1  VARIABLE.o [1]
  .bss               zero     0x2000'010c                  0x1  VARIABLE.o [1]
  .bss               zero     0x2000'010d                  0x1  VARIABLE.o [1]
  .bss               zero     0x2000'010e                  0x1  VARIABLE.o [1]
  .bss               zero     0x2000'010f                  0x1  VARIABLE.o [1]
  .bss               zero     0x2000'0110                  0x1  VARIABLE.o [1]
  .bss               zero     0x2000'0111                  0x1  VARIABLE.o [1]
  .bss               zero     0x2000'0112                  0x1  VARIABLE.o [1]
  .bss               zero     0x2000'0113                  0x1  VARIABLE.o [1]
  .bss               zero     0x2000'0114                  0x1  VARIABLE.o [1]
  .bss               zero     0x2000'0115                  0x1  VARIABLE.o [1]
  .bss               zero     0x2000'0116                  0x1  VARIABLE.o [1]
  .bss               zero     0x2000'0117                  0x1  VARIABLE.o [1]
  .bss               zero     0x2000'0118                  0x1  VARIABLE.o [1]
  .bss               zero     0x2000'0119                  0x1  VARIABLE.o [1]
  .bss               zero     0x2000'011a                  0x1  VARIABLE.o [1]
  .bss               zero     0x2000'011b                  0x1  VARIABLE.o [1]
  .bss               zero     0x2000'011c                  0x1  VARIABLE.o [1]
  .bss               zero     0x2000'011d                  0x1  VARIABLE.o [1]
  .bss               zero     0x2000'011e                  0x1  VARIABLE.o [1]
                            - 0x2000'011f               0x18af

"P2", part 3 of 3:                                       0x400
  CSTACK                      0x2000'0120          8     0x400  <Block>
    CSTACK           uninit   0x2000'0120                0x400  <Block tail>
                            - 0x2000'0520                0x400

Unused ranges:

         From           To    Size
         ----           --    ----
     0x1'a314     0x1'ffff  0x5cec
  0x1fff'e86e  0x1fff'e86f     0x2
  0x2000'0520  0x2000'1fff  0x1ae0


*******************************************************************************
*** INIT TABLE
***

          Address      Size
          -------      ----
Zero (__iar_zero_init3)
    1 destination range, total size 0x18af:
          0x1fff'e870  0x18af

Copy/packbits (__iar_packbits_init_single3)
    1 source range, total size 0xb0 (8% of destination):
             0x1'a264    0xb0
    1 destination range, total size 0x86e:
          0x1fff'e000   0x86e


*******************************************************************************
*** STACK USAGE
***

  Call Graph Root Category  Max Use  Total Use
  ------------------------  -------  ---------
  Program entry                896        896
  Uncalled function            344      1'836


Program entry
  "__iar_program_start": 0x1'a155

  Maximum call chain                            *?* 896  bytes
    (** call graph contains recursive functions (example: "SendSms")
                            indirect calls (example: "Usb_Configure") **)

    "__iar_program_start"                             0
    "__cmain"                                         0
    "main"                                           40
    "MobileRoutine"                                 224
    "AnalyzeResponse"                                24
    "Command"                                        72
    "ArrangeCurrentStatus2PasteBuff"                136
    "Gmt2LocalTimeStamp"                             96
    "sprintf"                                        32
    "_PrintfFullNoMb"                               232
    "_LitobFullNoMb" in xprintffull_nomb.o [11]      40
    "_LC" in xprintffull_nomb.o [11]                  0

Uncalled function
  "MFS3RX_IRQHandler": 0x77e1

  Maximum call chain                               16  bytes

    "MFS3RX_IRQHandler"                            16

Uncalled function
  "DT_Handler": 0x9971

  Maximum call chain                                8  bytes

    "DT_Handler"                                    8

Uncalled function
  "MFS1RX_IRQHandler": 0x9c01

  Maximum call chain                               12  bytes

    "MFS1RX_IRQHandler"                            12

Uncalled function
  "ADC0_IRQHandler": 0x1'9fd5

  Maximum call chain                                0  bytes

    "ADC0_IRQHandler"                               0

Uncalled function
  "MFS0TX_IRQHandler": 0x1'9fd7

  Maximum call chain                            *?* 24  bytes
    (** call graph contains indirect calls (example: "MfsIrqHandlerTx") **)

    "MFS0TX_IRQHandler"                              0
    "MfsIrqHandlerTx"                               24

Uncalled function
  "USB0F_Handler": 0x1'9fe1

  Maximum call chain                            *?* 24  bytes
    (** call graph contains indirect calls (example: "UsbIrqHandlerF") **)

    "USB0F_Handler"                                  0
    "UsbIrqHandlerF"                                24

Uncalled function
  "USB0_Handler": 0x1'9fed

  Maximum call chain                            *?* 52  bytes
    (** call graph contains indirect calls (example: "UsbIrqHandler") **)

    "USB0_Handler"                                   0
    "UsbIrqHandler"                                 24
    "Usb_TimeoutHandler" in usb.o [7]               24
    "UsbGetInternDataPtr" in usb.o [7]               4

Uncalled function
  "MFS0RX_IRQHandler": 0x5af5

  Maximum call chain                               16  bytes

    "MFS0RX_IRQHandler"                            16

Uncalled function
  "MFS2RX_IRQHandler": 0x1'4959

  Maximum call chain                               12  bytes

    "MFS2RX_IRQHandler"                            12

Uncalled function
  "SystemInit": 0x1'9a41

  Maximum call chain                                0  bytes

    "SystemInit"                                    0

Uncalled function
  "ReturnedConfigurationDescriptor": 0x1'4db1

  Maximum call chain                               68  bytes

    "ReturnedConfigurationDescriptor"              32
    "UsbHost_SetupRequest"                         24
    "UsbHost_TransferDataToFifo"                   12

Uncalled function
  "ReturnedDeviceDescriptor": 0x1'4d51

  Maximum call chain                               68  bytes

    "ReturnedDeviceDescriptor"                     32
    "UsbHost_SetupRequest"                         24
    "UsbHost_TransferDataToFifo"                   12

Uncalled function
  "UsbClassSupervisor_SysTickHandler": 0x1'4c5d

  Maximum call chain                            *?* 92  bytes
    (** call graph contains indirect calls (example: "UsbClassSupervisor_SysTickHandler") **)

    "UsbClassSupervisor_SysTickHandler"             32
    "UsbHost_SetConfigurationDescriptor"            24
    "UsbHost_SetupRequest"                          24
    "UsbHost_TransferDataToFifo"                    12

Uncalled function
  "UsbConfig_Device0Vbus" in UsbConfig.o [2]: 0x9e79

  Maximum call chain                                0  bytes

    "UsbConfig_Device0Vbus" in UsbConfig.o [2]      0

Uncalled function
  "UsbConfig_UsbDeviceClassesInitCallback0" in UsbConfig.o [2]: 0x9e0d

  Maximum call chain                              104  bytes

    "UsbConfig_UsbDeviceClassesInitCallback0" in UsbConfig.o [2]
                                                    0
    "UsbDeviceCdcCom_Init"                         72
    "UsbDevice_ReceiveData"                        16
    "Usb_HalReceive"                               16

Uncalled function
  "ConfigChangeCallback" in usbdevice.o [7]: 0xb089

  Maximum call chain                            *?* 20  bytes
    (** call graph contains indirect calls (example: "ConfigChangeCallback" in usbdevice.o [7]) **)

    "ConfigChangeCallback" in usbdevice.o [7]       16
    "UsbDeviceGetInternDataPtr" in usbdevice.o [7]
                                                     4

Uncalled function
  "ControlRxCallback" in usbdevice.o [7]: 0xaffb

  Maximum call chain                            *?* 104  bytes
    (** call graph contains indirect calls (example: "ControlRxCallback" in usbdevice.o [7]) **)

    "ControlRxCallback" in usbdevice.o [7]           88
    "Usb_HalReceive"                                 16

Uncalled function
  "ControlTxCallback" in usbdevice.o [7]: 0xb051

  Maximum call chain                                4  bytes

    "ControlTxCallback" in usbdevice.o [7]          4

Uncalled function
  "EndpointContinueRxCallback" in usbdevice.o [7]: 0xae77

  Maximum call chain                            *?* 32  bytes
    (** call graph contains indirect calls (example: "EndpointContinueRxCallback" in usbdevice.o [7]) **)

    "EndpointContinueRxCallback" in usbdevice.o [7]
                                                    16
    "Usb_HalReceive"                                16

Uncalled function
  "EndpointContinueTxCallback" in usbdevice.o [7]: 0xadf3

  Maximum call chain                            *?* 32  bytes
    (** call graph contains indirect calls (example: "EndpointContinueTxCallback" in usbdevice.o [7]) **)

    "EndpointContinueTxCallback" in usbdevice.o [7]
                                                    16
    "Usb_HalSend"                                   16

Uncalled function
  "SetupRxCallback" in usbdevice.o [7]: 0xb0b7

  Maximum call chain                            *?* 344  bytes
    (** call graph contains indirect calls (example: "SetupRxCallback" in usbdevice.o [7]) **)

    "SetupRxCallback" in usbdevice.o [7]            304
    "UsbDevice_SendData"                             24
    "Usb_HalSend"                                    16

Uncalled function
  "UsbDevice_InitCallback": 0xb473

  Maximum call chain                            *?* 44  bytes
    (** call graph contains indirect calls (example: "UsbDevice_InitCallback") **)

    "UsbDevice_InitCallback"                        24
    "Usb_SetupHalEndpoint"                          20

Uncalled function
  "ConfCallback" in UsbDeviceCdcCom.o [3]: 0xb575

  Maximum call chain                               12  bytes

    "ConfCallback" in UsbDeviceCdcCom.o [3]         8
    "UsbDevice_GetStatus"                           4

Uncalled function
  "DecodeSetupRequest" in UsbDeviceCdcCom.o [3]: 0xb72d

  Maximum call chain                               48  bytes

    "DecodeSetupRequest" in UsbDeviceCdcCom.o [3]
                                                    8
    "UsbDevice_SendDataControl"                    24
    "Usb_HalSend"                                  16

Uncalled function
  "RxTxCallback" in UsbDeviceCdcCom.o [3]: 0xb58b

  Maximum call chain                               80  bytes

    "RxTxCallback" in UsbDeviceCdcCom.o [3]        40
    "UsbDevice_SendData"                           24
    "Usb_HalSend"                                  16

Uncalled function
  "SetLineCoding" in UsbDeviceCdcCom.o [3]: 0xb7a1

  Maximum call chain                            *?* 8  bytes
    (** call graph contains indirect calls (example: "SetLineCoding" in UsbDeviceCdcCom.o [3]) **)

    "SetLineCoding" in UsbDeviceCdcCom.o [3]        8

Uncalled function
  "EnumerationStateMachine" in usbhost.o [7]: 0x1'0bf3

  Maximum call chain                               68  bytes

    "EnumerationStateMachine" in usbhost.o [7]     32
    "UsbHost_SetupRequest"                         24
    "UsbHost_TransferDataToFifo"                   12

Uncalled function
  "StallCompletionEp0" in usbhost.o [7]: 0x1'0e07

  Maximum call chain                               36  bytes

    "StallCompletionEp0" in usbhost.o [7]           0
    "UsbHost_SetupRequest"                         24
    "UsbHost_TransferDataToFifo"                   12

Uncalled function
  "UsbHost_SetupComplete" in usbhost.o [7]: 0x1'0e21

  Maximum call chain                            *?* 12  bytes
    (** call graph contains indirect calls (example: "UsbHost_SetupComplete" in usbhost.o [7]) **)

    "UsbHost_SetupComplete" in usbhost.o [7]         8
    "UsbHostGetInternDataPtr" in usbhost.o [7]       4

Uncalled function
  "ConnectionCallback": 0x1'0e3f

  Maximum call chain                               28  bytes

    "ConnectionCallback"                           24
    "UsbHostGetInternDataPtr" in usbhost.o [7]      4

Uncalled function
  "UsbHost_CompletionCallback": 0x1'110b

  Maximum call chain                            *?* 60  bytes
    (** call graph contains indirect calls (example: "UsbHost_CompletionCallback") **)

    "UsbHost_CompletionCallback"                    24
    "UsbHost_SetupRequest"                          24
    "UsbHost_TransferDataToFifo"                    12

Uncalled function
  "UsbHost_InitCallback": 0x1'160f

  Maximum call chain                               28  bytes

    "UsbHost_InitCallback"                         16
    "Usb_GetEndpointPtr"                           12

Uncalled function
  "UsbHost_SofCallback": 0x1'1437

  Maximum call chain                               48  bytes

    "UsbHost_SofCallback"                          32
    "UsbHost_EndpointFromNumber"                   16

Uncalled function
  "UsbHostHidCom_DataReceivedHandler": 0x1'9715

  Maximum call chain                            *?* 8  bytes
    (** call graph contains indirect calls (example: "UsbHostHidCom_DataReceivedHandler") **)

    "UsbHostHidCom_DataReceivedHandler"             8

Uncalled function
  "UsbHostHidCom_DataSentHandler": 0x1'972d

  Maximum call chain                            *?* 8  bytes
    (** call graph contains indirect calls (example: "UsbHostHidCom_DataSentHandler") **)

    "UsbHostHidCom_DataSentHandler"                 8

Uncalled function
  "UsbHostHidCom_DeinitHandler": 0x1'982b

  Maximum call chain                                0  bytes

    "UsbHostHidCom_DeinitHandler"                   0

Uncalled function
  "UsbHostHidCom_InitHandler": 0x1'9745

  Maximum call chain                               60  bytes

    "UsbHostHidCom_InitHandler"                    40
    "UsbHost_AddHostEndpoint"                      20

Uncalled function
  "UsbHostHidKeyboard_DataReceivedCallback" in UsbHostHidKeyboard.o [3]: 0x1'9695

  Maximum call chain                            *?* 16  bytes
    (** call graph contains indirect calls (example: "UsbHostHidKeyboard_DataReceivedCallback" in UsbHostHidKeyboard.o [3]) **)

    "UsbHostHidKeyboard_DataReceivedCallback" in UsbHostHidKeyboard.o [3]
                                                    16

Uncalled function
  "UsbHostHidKeyboard_DeinitHandler": 0x1'9689

  Maximum call chain                                0  bytes

    "UsbHostHidKeyboard_DeinitHandler"              0

Uncalled function
  "UsbHostHidKeyboard_InitHandler": 0x1'95a5

  Maximum call chain                               68  bytes

    "UsbHostHidKeyboard_InitHandler"               48
    "UsbHost_AddHostEndpoint"                      20

Uncalled function
  "UsbHostHidMouse_DataReceivedCallback" in UsbHostHidMouse.o [3]: 0x1'94d5

  Maximum call chain                            *?* 52  bytes
    (** call graph contains indirect calls (example: "UsbHostHidMouse_DataReceivedCallback" in UsbHostHidMouse.o [3]) **)

    "UsbHostHidMouse_DataReceivedCallback" in UsbHostHidMouse.o [3]
                                                    44
    "__aeabi_memcpy4"                                8

Uncalled function
  "UsbHostHidMouse_DeinitHandler": 0x1'94cb

  Maximum call chain                                0  bytes

    "UsbHostHidMouse_DeinitHandler"                 0

Uncalled function
  "UsbHostHidMouse_InitHandler": 0x1'9411

  Maximum call chain                               60  bytes

    "UsbHostHidMouse_InitHandler"                  40
    "UsbHost_AddHostEndpoint"                      20

Uncalled function
  "UsbHostMassStorage_DeinitHandler": 0x1'9a2d

  Maximum call chain                                0  bytes

    "UsbHostMassStorage_DeinitHandler"              0

Uncalled function
  "UsbHostMassStorage_InitHandler": 0x1'9955

  Maximum call chain                               60  bytes

    "UsbHostMassStorage_InitHandler"               40
    "UsbHost_AddHostEndpoint"                      20

The following functions make up recursion nest 0, which has no maximum recursion depth specified:

  "SendSms": 0x1'4191

The following functions perform unknown indirect calls:

  "ConfigChangeCallback" in usbdevice.o [7]: 0xb089
  "ControlRxCallback" in usbdevice.o [7]: 0xaffb
  "EndpointContinueRxCallback" in usbdevice.o [7]: 0xae77
  "EndpointContinueTxCallback" in usbdevice.o [7]: 0xadf3
  "MfsIrqHandlerTx": 0x1'9afd
  "SetLineCoding" in UsbDeviceCdcCom.o [3]: 0xb7a1
  "SetupRxCallback" in usbdevice.o [7]: 0xb0b7
  "UsbClassSupervisor_Deinit": 0x1'4bf1
  "UsbClassSupervisor_SysTickHandler": 0x1'4c5d
  "UsbDevice_InitCallback": 0xb473
  "UsbHostHidCom_DataReceivedHandler": 0x1'9715
  "UsbHostHidCom_DataSentHandler": 0x1'972d
  "UsbHostHidKeyboard_DataReceivedCallback" in UsbHostHidKeyboard.o [3]: 0x1'9695
  "UsbHostHidMouse_DataReceivedCallback" in UsbHostHidMouse.o [3]: 0x1'94d5
  "UsbHost_CompletionCallback": 0x1'110b
  "UsbHost_SetupComplete" in usbhost.o [7]: 0x1'0e21
  "UsbIrqHandler": 0xab9f
  "UsbIrqHandlerF": 0xab2d
  "Usb_Configure": 0x9f6d
  "Usb_DeinitDeviceMode" in usb.o [7]: 0xa50f
  "Usb_DeinitHostMode" in usb.o [7]: 0xa6ed
  "Usb_InitDeviceMode" in usb.o [7]: 0xa3dd
  "Usb_InitHostMode" in usb.o [7]: 0xa587
  "Usb_SwitchUsb": 0xa321
  "Usb_TimeoutHandler" in usb.o [7]: 0xa9a1


*******************************************************************************
*** MODULE SUMMARY
***

    Module                  ro code  ro data  rw data
    ------                  -------  -------  -------
command line/config:
    -------------------------------------------------
    Total:

C:\Users\smuri\Downloads\Innovatek_PCB_5.0_001-main\Innovatek_PCB_5.0_001-main\PCB 5.0 FW\example\IAR\output\release\obj\My_11065561366466422769.dir: [1]
    1wire.o                     564       52       12
    AT45DB161.o               1'592
    AtlasReplacement.o        1'424        5      317
    Atlas_C.o                   348        1       20
    Atlas_TC.o                  440       36
    DS18B20.o                   340                29
    DualTimer.o                 624                24
    GprsUart.o                  340               613
    MyUsb.o                     364      104      528
    PAE800.o                  1'712               241
    PAE_I2C.o                   984                 3
    ProjectFunc.o               296
    SerialHmi.o              23'764    5'200      196
    SerialPort.o                312                36
    VARIABLE.o                             9    1'336
    command.o                12'800      548    1'604
    delay.o                      58
    gpio.o                    1'340                84
    gprs.o                    6'728      644      590
    i2c.o                       952                 4
    mmu.o                     8'160      172       45
    myfun.o                     436
    -------------------------------------------------
    Total:                   63'578    6'771    5'682

C:\Users\smuri\Downloads\Innovatek_PCB_5.0_001-main\Innovatek_PCB_5.0_001-main\PCB 5.0 FW\example\IAR\output\release\obj\UsbConfig_13880776959982941018.dir: [2]
    UsbConfig.o                 296      100
    -------------------------------------------------
    Total:                      296      100

C:\Users\smuri\Downloads\Innovatek_PCB_5.0_001-main\Innovatek_PCB_5.0_001-main\PCB 5.0 FW\example\IAR\output\release\obj\UsbMiddleWare_4399025626197580377.dir: [3]
    UsbClassSupervisor.o        856       84       44
    UsbDeviceCdcCom.o           900       16      712
    UsbHostHidCom.o             312                96
    UsbHostHidKeyboard.o        368                48
    UsbHostHidMouse.o           404                44
    UsbHostMassStorage.o        236                67
    -------------------------------------------------
    Total:                    3'076      100    1'011

C:\Users\smuri\Downloads\Innovatek_PCB_5.0_001-main\Innovatek_PCB_5.0_001-main\PCB 5.0 FW\example\IAR\output\release\obj\adc_14570598181400393537.dir: [4]
    adc.o                       148
    -------------------------------------------------
    Total:                      148

C:\Users\smuri\Downloads\Innovatek_PCB_5.0_001-main\Innovatek_PCB_5.0_001-main\PCB 5.0 FW\example\IAR\output\release\obj\common_14919461937644757070.dir: [5]
    system_mb9af31x.o           188
    -------------------------------------------------
    Total:                      188

C:\Users\smuri\Downloads\Innovatek_PCB_5.0_001-main\Innovatek_PCB_5.0_001-main\PCB 5.0 FW\example\IAR\output\release\obj\elm-chan.org_14072396974245291179.dir: [6]
    -------------------------------------------------
    Total:

C:\Users\smuri\Downloads\Innovatek_PCB_5.0_001-main\Innovatek_PCB_5.0_001-main\PCB 5.0 FW\example\IAR\output\release\obj\l3_18370833379257815018.dir: [7]
    interrupts.o                 52
    mfs.o                       182       47      576
    usb.o                     3'718       27      337
    usbdevice.o               1'976       19      232
    usbethernetclock.o          100                 1
    usbhost.o                 3'424       56      588
    -------------------------------------------------
    Total:                    9'452      149    1'734

C:\Users\smuri\Downloads\Innovatek_PCB_5.0_001-main\Innovatek_PCB_5.0_001-main\PCB 5.0 FW\example\IAR\output\release\obj\ppg_314900825880331553.dir: [8]
    ppg.o                       240                 2
    -------------------------------------------------
    Total:                      240                 2

C:\Users\smuri\Downloads\Innovatek_PCB_5.0_001-main\Innovatek_PCB_5.0_001-main\PCB 5.0 FW\example\IAR\output\release\obj\sk-fm3-48pmc-usbstick_846271940431841289.dir: [9]
    board.o                      84
    -------------------------------------------------
    Total:                       84

C:\Users\smuri\Downloads\Innovatek_PCB_5.0_001-main\Innovatek_PCB_5.0_001-main\PCB 5.0 FW\example\IAR\output\release\obj\source_files_8152044814988207902.dir: [10]
    main.o                    5'556    1'032
    startup_mb9af31x.o          436
    -------------------------------------------------
    Total:                    5'992    1'032

dl7M_tln.a: [11]
    abort.o                       6
    exit.o                        4
    iar_Stoflt.o                424
    iar_Stollx.o                174
    iar_Stopfx.o                288
    iar_Stoullx.o               422       80
    iar_Stoxflt.o               508
    localtim64.o                 32
    mktime64.o                  224
    sprintf.o                    64
    sscanf.o                     40
    strcat.o                     30
    xDaysTo64.o                 204
    xfail_s.o                    64                 4
    xprintffull_nomb.o        3'766
    xscanffull_nomb.o         3'416       76
    xsprout.o                    10
    xsscin.o                     30
    xttotm64.o                  348                44
    -------------------------------------------------
    Total:                   10'054      156       48

m7M_tl.a: [12]
    DblAddSub.o                 606
    DblCmpGe.o                   52
    DblCmpLe.o                   52
    DblDiv.o                    582
    DblMul.o                    426
    DblToFlt.o                  104
    DblToS32.o                   54
    DblToU32.o                   34
    FltAddSub.o                 366
    FltCmpGe.o                   40
    FltCmpLe.o                   40
    FltDiv.o                    280
    FltMul.o                    216
    FltToDbl.o                   72
    FltToS32.o                   38
    FltToU32.o                   24
    S32ToDbl.o                   34
    S32ToFlt.o                   36
    U32ToDbl.o                   28
    U32ToFlt.o                   26
    frexp.o                     112
    ldexp.o                     314
    strto64.o                   764       72
    -------------------------------------------------
    Total:                    4'300       72

rt7M_tl.a: [13]
    ABImemclr.o                   6
    ABImemclr4.o                  6
    ABImemcpy.o                 166
    ABImemset.o                 102
    ABImemset48.o                50
    I64DivMod.o                 628
    I64DivZer.o                   2
    XXexit.o                     12
    cexit.o                       4
    cexit_2.o                    10
    cmain.o                      34
    cstartup_M.o                 30
    data_init.o                  40
    memchr.o                     88
    packbits_init_single.o       58
    strchr.o                     22
    strcmp.o                     18
    strcpy.o                     24
    strlen.o                     54
    zero_init3.o                 56
    -------------------------------------------------
    Total:                    1'410

    Gaps                         48        6
    Linker created                        32    1'024
-----------------------------------------------------
    Grand Total:             98'866    8'418    9'501


*******************************************************************************
*** ENTRY LIST
***

Entry                       Address    Size  Type      Object
-----                       -------    ----  ----      ------
.iar.init_table$$Base      0x1'a134           --   Gb  - Linker created -
.iar.init_table$$Limit     0x1'a154           --   Gb  - Linker created -
?main                      0x1'a0fd          Code  Gb  cmain.o [13]
ADC0_IRQHandler            0x1'9fd5     0x2  Code  Gb  interrupts.o [7]
ADC1_IRQHandler            0x1'a235          Code  Wk  startup_mb9af31x.o [10]
ActivateNeedToLogFlag   0x1fff'e869     0x1  Data  Gb  VARIABLE.o [1]
Adc_AdcHardwareInit        0x1'75d9    0x64  Code  Gb  adc.o [4]
Adc_Read                   0x1'763d    0x1c  Code  Gb  adc.o [4]
AlarmFIFO                    0x5eb7    0x22  Code  Gb  myfun.o [1]
AlarmFIFOBuff           0x1fff'ff5c    0x14  Data  Gb  VARIABLE.o [1]
AlarmRegister24Bit      0x2000'00b4     0x4  Data  Gb  VARIABLE.o [1]
AlarmRegisterForSMS     0x2000'00b8     0x4  Data  Gb  VARIABLE.o [1]
AnaOutProportionalFactor
                        0x1fff'e854     0x4  Data  Gb  VARIABLE.o [1]
AnaPressureAval         0x2000'00c8     0x4  Data  Gb  VARIABLE.o [1]
AnalogPressureBypassLevel
                        0x2000'0074     0x4  Data  Gb  VARIABLE.o [1]
AnalogPressureCipLevel  0x2000'0078     0x4  Data  Gb  VARIABLE.o [1]
AnalogPressureStartLevel
                        0x2000'006c     0x4  Data  Gb  VARIABLE.o [1]
AnalogPressureStopLevel
                        0x2000'0070     0x4  Data  Gb  VARIABLE.o [1]
AnalyzeResponse            0x1'3a75   0x564  Code  Gb  gprs.o [1]
ArrangeCurrentStatus2PasteBuff
                             0xd65d   0x13e  Code  Gb  command.o [1]
AtlasConductivity       0x1fff'e010     0x4  Data  Gb  Atlas_C.o [1]
AtlasReplacementBuff    0x1fff'fa48    0xfc  Data  Gb  AtlasReplacement.o [1]
AtlasReplacementByteReceiveFlag
                        0x1fff'e01c     0x1  Data  Gb  AtlasReplacement.o [1]
AtlasReplacementCommTimeOutSec
                        0x1fff'e016     0x1  Data  Gb  AtlasReplacement.o [1]
AtlasReplacementDebugFlag
                        0x1fff'e01b     0x1  Data  Gb  AtlasReplacement.o [1]
AtlasReplacementEchoFlag
                        0x1fff'e018     0x1  Data  Gb  AtlasReplacement.o [1]
AtlasReplacementReceiveByte
                        0x1fff'e014     0x1  Data  Gb  AtlasReplacement.o [1]
AtlasReplacementReceiveCounter
                        0x1fff'e015     0x1  Data  Gb  AtlasReplacement.o [1]
AtlasReplacementReceivePacketCompleteFlag
                        0x1fff'e017     0x1  Data  Gb  AtlasReplacement.o [1]
AtlasReplacementResponseFlag
                        0x1fff'e019     0x1  Data  Gb  AtlasReplacement.o [1]
AtlasReplacementStartCodeFlag
                        0x1fff'e01a     0x1  Data  Gb  AtlasReplacement.o [1]
AtlasTemperature        0x1fff'e044     0x4  Data  Gb  AtlasReplacement.o [1]
AtlasTemperatureContinuousErrorSec
                        0x1fff'e048     0x4  Data  Gb  AtlasReplacement.o [1]
AtlasTemperatureErrorFlag
                        0x1fff'e01d     0x1  Data  Gb  AtlasReplacement.o [1]
AutoModeOperations         0x1'6091   0x942  Code  Gb  main.o [10]
AverageConductivity     0x1fff'e808     0x4  Data  Gb  VARIABLE.o [1]
AverageConductivityAccumulator
                        0x1fff'e008     0x8  Data  Gb  Atlas_C.o [1]
AverageConductivityCounter
                        0x1fff'e000     0x1  Data  Gb  Atlas_C.o [1]
AverageFlow             0x2000'0020     0x4  Data  Gb  VARIABLE.o [1]
AverageFlowAccumulator  0x2000'0024     0x4  Data  Gb  VARIABLE.o [1]
AverageFlowCounter      0x2000'0108     0x1  Data  Gb  VARIABLE.o [1]
AverageVoltagePure      0x2000'00a4     0x4  Data  Gb  VARIABLE.o [1]
AverageVoltagePureFlag  0x2000'0100     0x1  Data  Gb  VARIABLE.o [1]
AverageVoltageWaste     0x2000'00a8     0x4  Data  Gb  VARIABLE.o [1]
AverageVoltageWasteFlag
                        0x2000'0101     0x1  Data  Gb  VARIABLE.o [1]
BT0_7_IRQHandler           0x1'a245          Code  Wk  startup_mb9af31x.o [10]
Board_Init                 0x1'6ecd    0x54  Code  Gb  board.o [9]
BufferToPage                 0x7033    0x3a  Code  Gb  AT45DB161.o [1]
BusFault_Handler           0x1'a1cd          Code  Wk  startup_mb9af31x.o [10]
BuzzerFlag              0x2000'0116     0x1  Data  Gb  VARIABLE.o [1]
Bypass2AlarmSecCounter  0x2000'0068     0x4  Data  Gb  VARIABLE.o [1]
BypassOperation            0x1'5dc1   0x1e8  Code  Gb  main.o [10]
BypassOperation2AlarmSecCounterFlag
                        0x2000'0110     0x1  Data  Gb  VARIABLE.o [1]
BypassOperationStartCounter
                        0x2000'0111     0x1  Data  Gb  VARIABLE.o [1]
BypassOperationStopCounter
                        0x2000'0112     0x1  Data  Gb  VARIABLE.o [1]
BypassOption            0x2000'0113     0x1  Data  Gb  VARIABLE.o [1]
CIP_DosingOffTimeInSec  0x1fff'e830     0x4  Data  Gb  VARIABLE.o [1]
CIP_DosingOnTimeInSec   0x1fff'e82c     0x4  Data  Gb  VARIABLE.o [1]
CIP_DosingRunTimeInSec  0x2000'00ac     0x4  Data  Gb  VARIABLE.o [1]
CIP_DosingTotalFlowTimerFlag
                        0x2000'0106     0x1  Data  Gb  VARIABLE.o [1]
CIP_FavorableTime       0x2000'0080     0x4  Data  Gb  VARIABLE.o [1]
CIP_FavorableTimeGraceMin
                        0x2000'0084     0x4  Data  Gb  VARIABLE.o [1]
CIP_FlushTimeInSec      0x1fff'e848     0x4  Data  Gb  VARIABLE.o [1]
CIP_LowerLimitCycle     0x2000'007c     0x4  Data  Gb  VARIABLE.o [1]
CIP_PulseRunTimeInSec   0x2000'00b0     0x4  Data  Gb  VARIABLE.o [1]
CIP_PulsedTotalFlowTimerFlag
                        0x2000'0107     0x1  Data  Gb  VARIABLE.o [1]
CIP_PumpRunTimeInSec    0x2000'005c     0x4  Data  Gb  VARIABLE.o [1]
CIP_WaitTimeInSec       0x1fff'e834     0x4  Data  Gb  VARIABLE.o [1]
CSTACK$$Base            0x2000'0120           --   Gb  - Linker created -
CSTACK$$Limit           0x2000'0520           --   Gb  - Linker created -
CSV_Handler                0x1'a1e5          Code  Wk  startup_mb9af31x.o [10]
CabinetHighTemperatureSetVal
                        0x1fff'e818     0x4  Data  Gb  VARIABLE.o [1]
CabinetTemperature      0x1fff'e814     0x4  Data  Gb  VARIABLE.o [1]
CheckAndInsertDailyRecord
                             0x7955   0x3ce  Code  Gb  mmu.o [1]
CheckAuthority               0xd79b    0x52  Code  Gb  command.o [1]
CheckGPRSResponse          0x1'4089    0x90  Code  Gb  gprs.o [1]
CheckKeyPress                0x3479  0x2510  Code  Gb  SerialHmi.o [1]
CheckSerialHmiKeyInput        0x101    0x74  Code  Gb  SerialHmi.o [1]
CheckUsbStage                0x5f89   0x10a  Code  Gb  MyUsb.o [1]
CheckUsbStage::UsbStage
                        0x1fff'f540     0x1  Data  Lc  MyUsb.o [1]
ChipErase                    0x6c11    0x3e  Code  Gb  AT45DB161.o [1]
ClearAlarmDate               0x7d23    0x56  Code  Gb  mmu.o [1]
ClearAllFlow                 0x73c5    0x1e  Code  Gb  AtlasReplacement.o [1]
ClearDateTable               0x7d79    0x56  Code  Gb  mmu.o [1]
Command                      0xd865  0x2ca2  Code  Gb  command.o [1]
CommandFormat           0x1fff'e870   0x420  Data  Gb  command.o [1]
CommunicationMediaCurrent
                        0x2000'0114     0x1  Data  Gb  VARIABLE.o [1]
CommunicationMediaPrefered
                        0x1fff'e86d     0x1  Data  Gb  VARIABLE.o [1]
ConfCallback                 0xb575    0x16  Code  Lc  UsbDeviceCdcCom.o [3]
ConfigChangeCallback         0xb089    0x2e  Code  Lc  usbdevice.o [7]
ConfigureVariable            0x7dcf    0x7c  Code  Gb  mmu.o [1]
ConnectionCallback         0x1'0e3f   0x252  Code  Gb  usbhost.o [7]
ControlRxCallback            0xaffb    0x56  Code  Lc  usbdevice.o [7]
ControlTxCallback            0xb051    0x38  Code  Lc  usbdevice.o [7]
CopyBuff                0x1fff'f948   0x100  Data  Gb  VARIABLE.o [1]
CurDigitalInput         0x1fff'fcec     0x1  Data  Gb  gpio.o [1]
CurPos                  0x1fff'fedd     0x1  Data  Gb  SerialHmi.o [1]
CurrentCyclePrepurifyAvgFlow
                        0x2000'0040     0x4  Data  Gb  VARIABLE.o [1]
CurrentCyclePurifyAvgFlow
                        0x2000'0044     0x4  Data  Gb  VARIABLE.o [1]
CurrentPAEcurrent       0x1fff'fc20     0x4  Data  Gb  PAE800.o [1]
CurrentPAEvolt          0x1fff'fc1c     0x4  Data  Gb  PAE800.o [1]
CurrentProcessStep      0x1fff'e86a     0x1  Data  Gb  VARIABLE.o [1]
CurrentProportionalFactor
                        0x2000'0094     0x4  Data  Gb  VARIABLE.o [1]
CursorActiveFlag        0x1fff'fede     0x1  Data  Gb  SerialHmi.o [1]
CycleCounter            0x2000'0054     0x4  Data  Gb  VARIABLE.o [1]
DAC_FB_Aval             0x2000'00c4     0x4  Data  Gb  VARIABLE.o [1]
[...]
UsbInitDone             0x2000'00f6     0x1  Data  Lc  usb.o [7]
UsbIrqHandler                0xab9f   0x21c  Code  Gb  usb.o [7]
UsbIrqHandlerF               0xab2d    0x72  Code  Gb  usb.o [7]
UsbReceiveBuffer        0x1fff'f544   0x200  Data  Gb  MyUsb.o [1]
UsbSupervisor_UsbClassMatch
                           0x1'4e61    0x78  Code  Gb  UsbClassSupervisor.o [3]
Usb_AddTimeOut               0xaa15    0x7c  Code  Gb  usb.o [7]
Usb_Configure                0x9f6d   0x1ce  Code  Gb  usb.o [7]
Usb_DeinitDeviceMode         0xa50f    0x78  Code  Lc  usb.o [7]
Usb_DeinitHostMode           0xa6ed    0x44  Code  Lc  usb.o [7]
Usb_GetConfiguration         0xa98b    0x16  Code  Gb  usb.o [7]
Usb_GetEndpointPtr           0xa845    0x70  Code  Gb  usb.o [7]
Usb_HalReceive               0xa92b    0x60  Code  Gb  usb.o [7]
Usb_HalSend                  0xa8b5    0x76  Code  Gb  usb.o [7]
Usb_Init                     0xa13b   0x13c  Code  Gb  usb.o [7]
Usb_InitDeviceMode           0xa3dd   0x132  Code  Lc  usb.o [7]
Usb_InitHostMode             0xa587   0x166  Code  Lc  usb.o [7]
Usb_InitInstance             0xa731   0x114  Code  Gb  usb.o [7]
Usb_RemoveTimeOut            0xaa91    0x6e  Code  Gb  usb.o [7]
Usb_SetupHalEndpoint         0xa277    0xaa  Code  Gb  usb.o [7]
Usb_SwitchUsb                0xa321    0xbc  Code  Gb  usb.o [7]
Usb_SwitchUsb::u32InternalSwitchDelay
                        0x2000'0008     0x4  Data  Lc  usb.o [7]
Usb_TimeoutHandler           0xa9a1    0x74  Code  Lc  usb.o [7]
UserInputToUnsignedInt       0x5c8d    0x28  Code  Gb  SerialHmi.o [1]
ValidateDate                 0x5dd5    0x3a  Code  Gb  myfun.o [1]
VariableUnsignedInt2UserInput
                             0x5cc1    0x64  Code  Gb  SerialHmi.o [1]
VolumeUnit              0x1fff'e86b     0x1  Data  Gb  VARIABLE.o [1]
WV_CheckTimeInSec       0x1fff'e84c     0x4  Data  Gb  VARIABLE.o [1]
WaitForConnectionFlag   0x1fff'f53d     0x1  Data  Gb  MyUsb.o [1]
WaitHT_TimeInSec        0x1fff'e850     0x4  Data  Gb  VARIABLE.o [1]
WaitTimeB4BypassAlarmInSec
                        0x1fff'e838     0x4  Data  Gb  VARIABLE.o [1]
WaitTimeB4BypassAlarmInSecCounter
                        0x2000'0058     0x4  Data  Gb  VARIABLE.o [1]
WasteCurrentSetpoint    0x1fff'e864     0x4  Data  Gb  VARIABLE.o [1]
WasteTimeInSec          0x1fff'e824     0x4  Data  Gb  VARIABLE.o [1]
WasteVolumeOfBatchJustCompleted
                        0x2000'0034     0x4  Data  Gb  VARIABLE.o [1]
WifiErrorCounter        0x1fff'fd7c     0x1  Data  Gb  gprs.o [1]
WifiServerDisconnectCounter
                        0x1fff'fd7b     0x1  Data  Gb  gprs.o [1]
WriteAtlasModuleRegister
                             0xcc7d    0x72  Code  Gb  Atlas_TC.o [1]
WritePowerSolveModuleRegister
                             0x672d    0xd6  Code  Gb  PAE800.o [1]
WriteValidSerialInfoFromCopyBuffToSecurityRegister
                             0x714f    0x3a  Code  Gb  AT45DB161.o [1]
ZeroEcSecondCounter     0x2000'0109     0x1  Data  Gb  VARIABLE.o [1]
_Get                       0x1'21b9    0x12  Code  Lc  xscanffull_nomb.o [11]
_GetN                      0x1'21cb    0x22  Code  Lc  xscanffull_nomb.o [11]
_GetstrFullNoMb            0x1'2cf5   0x1a0  Code  Lc  xscanffull_nomb.o [11]
_LC                          0xb8f9     0x6  Code  Lc  xprintffull_nomb.o [11]
_LitobFullNoMb               0xc5cd   0x114  Code  Lc  xprintffull_nomb.o [11]
_PrintfFullNoMb              0xb8ff   0xc9e  Code  Gb  xprintffull_nomb.o [11]
_PutcharsFullNoMb            0xc739    0x2e  Code  Lc  xprintffull_nomb.o [11]
_SProut                      0x7267     0xa  Code  Gb  xsprout.o [11]
_SScin                       0x6ab7    0x1e  Code  Gb  xsscin.o [11]
_ScanfFullNoMb             0x1'2209   0xaa0  Code  Gb  xscanffull_nomb.o [11]
_Ttotm_ts               0x1fff'fe98    0x2c  Data  Lc  xttotm64.o [11]
_UngetN                    0x1'21ed    0x1a  Code  Lc  xscanffull_nomb.o [11]
__aeabi_cdcmple            0x1'1985          Code  Gb  DblCmpLe.o [12]
__aeabi_cdrcmple           0x1'19b9          Code  Gb  DblCmpGe.o [12]
__aeabi_cfcmple              0xd515          Code  Gb  FltCmpLe.o [12]
__aeabi_cfrcmple             0xd635          Code  Gb  FltCmpGe.o [12]
__aeabi_d2f                  0xcfcd          Code  Gb  DblToFlt.o [12]
__aeabi_d2iz                 0xd4dd          Code  Gb  DblToS32.o [12]
__aeabi_d2uiz              0x1'1b4d          Code  Gb  DblToU32.o [12]
__aeabi_dadd                 0xd035          Code  Gb  DblAddSub.o [12]
__aeabi_ddiv                 0xd295          Code  Gb  DblDiv.o [12]
__aeabi_dmul                 0x690d          Code  Gb  DblMul.o [12]
__aeabi_dsub                 0xd1b1          Code  Gb  DblAddSub.o [12]
__aeabi_f2d                  0x68c5          Code  Gb  FltToDbl.o [12]
__aeabi_f2iz               0x1'75b1          Code  Gb  FltToS32.o [12]
__aeabi_f2uiz                0x7271          Code  Gb  FltToU32.o [12]
__aeabi_fadd                 0xcd85          Code  Gb  FltAddSub.o [12]
__aeabi_fdiv                 0x6af9          Code  Gb  FltDiv.o [12]
__aeabi_fmul                 0xcef5          Code  Gb  FltMul.o [12]
__aeabi_fsub                 0xce65          Code  Gb  FltAddSub.o [12]
__aeabi_i2d                0x1'1b29          Code  Gb  S32ToDbl.o [12]
__aeabi_i2f                  0x6ad5          Code  Gb  S32ToFlt.o [12]
__aeabi_ldiv0              0x1'4ef1          Code  Gb  I64DivZer.o [13]
__aeabi_ldivmod            0x1'1b8d          Code  Gb  I64DivMod.o [13]
__aeabi_memclr               0xd62d          Code  Gb  ABImemclr.o [13]
__aeabi_memclr4            0x1'0a99          Code  Gb  ABImemclr4.o [13]
__aeabi_memcpy               0x60f5          Code  Gb  ABImemcpy.o [13]
__aeabi_memcpy4              0x6115          Code  Gb  ABImemcpy.o [13]
__aeabi_memcpy8              0x6115          Code  Gb  ABImemcpy.o [13]
__aeabi_memset               0x9d8d          Code  Gb  ABImemset.o [13]
__aeabi_ui2d               0x1'1b71          Code  Gb  U32ToDbl.o [12]
__aeabi_ui2f                 0xcd69          Code  Gb  U32ToFlt.o [12]
__aeabi_uldivmod           0x1'1bd1          Code  Gb  I64DivMod.o [13]
__cmain                    0x1'a0fd          Code  Gb  cmain.o [13]
__exit                     0x1'5449          Code  Gb  XXexit.o [13]
__iar_Daysto64             0x1'4ac5    0x66  Code  Gb  xDaysTo64.o [11]
__iar_Fail_s               0x1'187d    0x1c  Code  Gb  xfail_s.o [11]
__iar_Memchr               0x1'18bd          Code  Gb  memchr.o [13]
__iar_Memset                 0x9d8d          Code  Gb  ABImemset.o [13]
__iar_Memset4_word         0x1'4b5d          Code  Gb  ABImemset48.o [13]
__iar_Memset8_word         0x1'4b5d          Code  Gb  ABImemset48.o [13]
__iar_Memset_word            0x9d95          Code  Gb  ABImemset.o [13]
__iar_MonTab64             0x1'4a91    0x34  Code  Gb  xDaysTo64.o [11]
__iar_Sto64                0x1'50bd   0x112  Code  Gb  strto64.o [12]
__iar_Stoflt               0x1'5575   0x1a8  Code  Gb  iar_Stoflt.o [11]
__iar_Stollx               0x1'5399    0xa6  Code  Gb  iar_Stollx.o [11]
__iar_Stopfx               0x1'5455   0x120  Code  Gb  iar_Stopfx.o [11]
__iar_Stoullx              0x1'51f1   0x19a  Code  Gb  iar_Stoullx.o [11]
__iar_Stoxflt              0x1'571d   0x1c8  Code  Gb  iar_Stoxflt.o [11]
__iar_Stoxflt::digits      0x1'58e8    0x18  Data  Lc  iar_Stoxflt.o [11]
__iar_Stoxflt::vals        0x1'5900    0x18  Data  Lc  iar_Stoxflt.o [11]
__iar_Strchr               0x1'1865          Code  Gb  strchr.o [13]
__iar_Ttotm64              0x1'093d   0x15c  Code  Gb  xttotm64.o [11]
__iar_data_init3           0x1'a08d    0x28  Code  Gb  data_init.o [13]
__iar_frexp                0x1'1921          Code  Gb  frexp.o [12]
__iar_frexp64              0x1'1915          Code  Gb  frexp.o [12]
__iar_frexpl               0x1'1921          Code  Gb  frexp.o [12]
__iar_ldexp64              0x1'19ed          Code  Gb  ldexp.o [12]
__iar_packbits_init_single3
                             0x619b    0x3a  Code  Gb  packbits_init_single.o [13]
__iar_program_start        0x1'a155          Code  Gb  cstartup_M.o [13]
__iar_scalbln64            0x1'19ed          Code  Gb  ldexp.o [12]
__iar_scalbn64             0x1'19ed          Code  Gb  ldexp.o [12]
__iar_zero_init3           0x1'9f69    0x38  Code  Gb  zero_init3.o [13]
__localtime64                0x9be1    0x20  Code  Gb  localtim64.o [11]
__mktime64                 0x1'085d    0xe0  Code  Gb  mktime64.o [11]
__vector_table                  0x0          Data  Gb  startup_mb9af31x.o [10]
_call_main                 0x1'a109          Code  Gb  cmain.o [13]
_exit                      0x1'a125          Code  Gb  cexit.o [13]
_exit_2                    0x1'a129          Code  Gb  cexit_2.o [13]
_ttemp                  0x1fff'ffa8     0x8  Data  Gb  DualTimer.o [1]
abort                      0x1'4ee9     0x6  Code  Gb  abort.o [11]
au8ConfigDescriptor        0x1'a008    0x30  Data  Gb  UsbConfig.o [2]
au8DeviceDescriptor          0x9f04    0x14  Data  Gb  UsbConfig.o [2]
au8ReportDescriptor          0x9f18     0x1  Data  Gb  UsbConfig.o [2]
bDataReceived           0x1fff'fc90     0x1  Data  Lc  UsbHostHidCom.o [3]
bDataSending            0x1fff'fc8f     0x1  Data  Lc  UsbHostHidCom.o [3]
bDataSent               0x1fff'fc8e     0x1  Data  Lc  UsbHostHidCom.o [3]
bDeviceCdcComConnected  0x1fff'f53f     0x1  Data  Gb  MyUsb.o [1]
bEchoAtSeperatorOnly    0x1fff'e507     0x1  Data  Lc  UsbDeviceCdcCom.o [3]
bEchoMode               0x1fff'e506     0x1  Data  Lc  UsbDeviceCdcCom.o [3]
bKeyboardChanged        0x1fff'fdee     0x1  Data  Lc  UsbHostHidKeyboard.o [3]
bMouseMoved             0x1fff'fe55     0x1  Data  Lc  UsbHostHidMouse.o [3]
bReady                  0x1fff'e50b     0x1  Data  Lc  UsbDeviceCdcCom.o [3]
bSeperatorFlag          0x1fff'e509     0x1  Data  Lc  UsbDeviceCdcCom.o [3]
bSetupComplete          0x1fff'ff9e     0x1  Data  Lc  UsbHostMassStorage.o [3]
bTemp                   0x2000'00fa     0x1  Data  Gb  VARIABLE.o [1]
bUsbEthernetClockEnabled
                        0x2000'00f7     0x1  Data  Lc  usbethernetclock.o [7]
bVcommActive            0x1fff'e508     0x1  Data  Lc  UsbDeviceCdcCom.o [3]
cRxBuffer               0x1fff'e094   0x100  Data  Lc  mfs.o [7]
cSeperator              0x1fff'e50a     0x1  Data  Lc  UsbDeviceCdcCom.o [3]
cTemp                   0x2000'00fb     0x1  Data  Gb  VARIABLE.o [1]
cTxBuffer               0x1fff'e194   0x100  Data  Lc  mfs.o [7]
command_comma_counter   0x1fff'eef0     0x1  Data  Gb  command.o [1]
day                          0x9bc4    0x1c  Data  Gb  DualTimer.o [1]
digits                     0x1'9eb0    0x28  Data  Lc  iar_Stoullx.o [11]
dp                      0x1fff'eef8     0x4  Data  Gb  command.o [1]
exit                       0x1'a11f     0x4  Code  Gb  exit.o [11]
fTemp                   0x2000'0010     0x4  Data  Gb  VARIABLE.o [1]
frexp                      0x1'1915          Code  Gb  frexp.o [12]
frexpl                     0x1'1915          Code  Gb  frexp.o [12]
i                       0x1fff'ffe8     0x4  Data  Gb  1wire.o [1]
iTemp                   0x2000'000c     0x4  Data  Gb  VARIABLE.o [1]
ldexp                      0x1'19ed          Code  Gb  ldexp.o [12]
ldexpl                     0x1'19ed          Code  Gb  ldexp.o [12]
llTemp                  0x1fff'ffb8     0x8  Data  Gb  VARIABLE.o [1]
lmos                       0x1'4b2c    0x18  Data  Lc  xDaysTo64.o [11]
localtime                    0x9be1    0x20  Code  Gb  localtim64.o [11]
loop                    0x2000'00e5     0x1  Data  Gb  i2c.o [1]
m_astcMfsInstanceDataLut
                        0x1fff'e054    0x3c  Data  Gb  mfs.o [7]
m_astcUsbClassSupervisorInstanceDataLut
                        0x1fff'e3e0    0x2c  Data  Gb  UsbClassSupervisor.o [3]
m_astcUsbDeviceInstanceDataLut
                        0x1fff'e40c    0xe8  Data  Gb  usbdevice.o [7]
m_astcUsbHostInstanceDataLut
                        0x1fff'e5bc   0x24c  Data  Gb  usbhost.o [7]
m_astcUsbInstanceDataLut
                        0x1fff'e294   0x14c  Data  Gb  usb.o [7]
main                       0x1'5919   0x4a8  Code  Gb  main.o [10]
main_id                 0x1fff'eefc     0x4  Data  Gb  command.o [1]
memchr                     0x1'18bd          Code  Gb  memchr.o [13]
mktime                     0x1'085d    0xe0  Code  Gb  mktime64.o [11]
mos                        0x1'4b44    0x18  Data  Lc  xDaysTo64.o [11]
ndigs                      0x1'9e88    0x28  Data  Lc  iar_Stoullx.o [11]
pfnLineCodingChange     0x1fff'e518     0x4  Data  Lc  UsbDeviceCdcCom.o [3]
pows                       0x1'9f20    0x48  Data  Lc  strto64.o [12]
pstcEndpointIN          0x1fff'e514     0x4  Data  Lc  UsbDeviceCdcCom.o [3]
pstcMfsComChannel       0x1fff'e090     0x4  Data  Lc  mfs.o [7]
pstcStorageInfo         0x1fff'fddc     0x4  Data  Lc  UsbHostMassStorage.o [3]
pstcStringDescriptors        0x9f1c    0x18  Data  Gb  UsbConfig.o [2]
pstcUsbHandle           0x1fff'e510     0x4  Data  Lc  UsbDeviceCdcCom.o [3]
pstcUsbHandle           0x1fff'fca0     0x4  Data  Lc  UsbHostHidCom.o [3]
pstcUsbHandle           0x1fff'fe00     0x4  Data  Lc  UsbHostHidKeyboard.o [3]
pstcUsbHandle           0x1fff'fe60     0x4  Data  Lc  UsbHostHidMouse.o [3]
pstcUsbHandle           0x1fff'fde0     0x4  Data  Lc  UsbHostMassStorage.o [3]
pu8DataReceived         0x1fff'fcac    0x40  Data  Lc  UsbHostHidCom.o [3]
pu8IngoingBuffer        0x1fff'e51c    0x80  Data  Lc  UsbDeviceCdcCom.o [3]
pu8LineCoding           0x1fff'e4fc     0x8  Data  Lc  UsbDeviceCdcCom.o [3]
pu8OldData              0x1fff'fdf0     0x8  Data  Lc  UsbHostHidKeyboard.o [3]
pu8VcommBuffer          0x1fff'f748   0x200  Data  Lc  UsbDeviceCdcCom.o [3]
ranmatch                   0x1'2caf    0x46  Code  Lc  xscanffull_nomb.o [11]
resbuff                 0x1fff'ef04   0x210  Data  Gb  command.o [1]
scalbln                    0x1'19ed          Code  Gb  ldexp.o [12]
scalblnl                   0x1'19ed          Code  Gb  ldexp.o [12]
scalbn                     0x1'19ed          Code  Gb  ldexp.o [12]
scalbnl                    0x1'19ed          Code  Gb  ldexp.o [12]
scale                        0xc6e1    0x46  Code  Lc  xprintffull_nomb.o [11]
sec_hand                0x2000'00e0     0x4  Data  Lc  xfail_s.o [11]
setup                   0x1fff'ff94     0x8  Data  Lc  UsbHostMassStorage.o [3]
sp                      0x1fff'eef4     0x4  Data  Gb  command.o [1]
spi_send                     0x6d05    0x6a  Code  Gb  AT45DB161.o [1]
sprintf                      0x61d5    0x40  Code  Gb  sprintf.o [11]
sscanf                       0xcd41    0x28  Code  Gb  sscanf.o [11]
stcClearStallEp0           0x1'17e8     0x8  Data  Gb  usbhost.o [7]
stcDeviceDescriptorRequest
                           0x1'a1b4     0x8  Data  Gb  usbhost.o [7]
stcEndpointBufferIN     0x1fff'e59c    0x10  Data  Lc  UsbDeviceCdcCom.o [3]
stcEndpointBufferOUT    0x1fff'e5ac    0x10  Data  Lc  UsbDeviceCdcCom.o [3]
stcGlobalStorageInfo    0x1fff'fdac    0x20  Data  Gb  UsbHostMassStorage.o [3]
stcKeyboardData         0x1fff'fde4     0x8  Data  Lc  UsbHostHidKeyboard.o [3]
stcLineCoding           0x1fff'e4f4     0x8  Data  Lc  UsbDeviceCdcCom.o [3]
stcMouseData            0x1fff'fe40    0x14  Data  Lc  UsbHostHidMouse.o [3]
stcShortDeviceDescriptorRequest
                           0x1'17e0     0x8  Data  Gb  usbhost.o [7]
strcat                       0x7249    0x1e  Code  Gb  strcat.o [11]
strcatTimeZone             0x1'0551    0x98  Code  Gb  command.o [1]
strchr                     0x1'1865          Code  Gb  strchr.o [13]
strcmp                       0x73b1          Code  Gb  strcmp.o [13]
strcpy                       0x9df5          Code  Gb  strcpy.o [13]
strlen                       0x9d55          Code  Gb  strlen.o [13]
strtoll                    0x1'5441     0x2  Code  Gb  iar_Stollx.o [11]
strtoull                   0x1'5391     0x2  Code  Gb  iar_Stoullx.o [11]
sub_id                  0x1fff'ef00     0x4  Data  Gb  command.o [1]
temp_timestamp          0x1fff'fe14    0x2c  Data  Gb  mmu.o [1]
u                       0x1fff'ffc0     0x8  Data  Gb  VARIABLE.o [1]
u16MaxPackageSizeIN     0x1fff'fc92     0x2  Data  Lc  UsbHostHidCom.o [3]
u16MaxPackageSizeIN     0x1fff'fdf8     0x2  Data  Lc  UsbHostHidKeyboard.o [3]
u16MaxPackageSizeIN     0x1fff'fe56     0x2  Data  Lc  UsbHostHidMouse.o [3]
u16MaxPackageSizeIN     0x1fff'fdce     0x2  Data  Lc  UsbHostMassStorage.o [3]
u16MaxPackageSizeOUT    0x1fff'fc94     0x2  Data  Lc  UsbHostHidCom.o [3]
u16MaxPackageSizeOUT    0x1fff'fdfa     0x2  Data  Lc  UsbHostHidKeyboard.o [3]
u16MaxPackageSizeOUT    0x1fff'fdd0     0x2  Data  Lc  UsbHostMassStorage.o [3]
u32DeviceCdcReceiveSize
                        0x1fff'f744     0x4  Data  Gb  MyUsb.o [1]
u32ReceivedData         0x1fff'e50c     0x4  Data  Lc  UsbDeviceCdcCom.o [3]
u8EndpointIN            0x1fff'fc8c     0x1  Data  Lc  UsbHostHidCom.o [3]
u8EndpointIN            0x1fff'fdec     0x1  Data  Lc  UsbHostHidKeyboard.o [3]
u8EndpointIN            0x1fff'fe54     0x1  Data  Lc  UsbHostHidMouse.o [3]
u8EndpointIN            0x1fff'ff9c     0x1  Data  Lc  UsbHostMassStorage.o [3]
u8EndpointOUT           0x1fff'fc8d     0x1  Data  Lc  UsbHostHidCom.o [3]
u8EndpointOUT           0x1fff'fded     0x1  Data  Lc  UsbHostHidKeyboard.o [3]
u8EndpointOUT           0x1fff'ff9d     0x1  Data  Lc  UsbHostMassStorage.o [3]
u8MouseData             0x1fff'fe0c     0x8  Data  Lc  UsbHostHidKeyboard.o [3]
u8MouseData             0x1fff'fe64     0x8  Data  Lc  UsbHostHidMouse.o [3]
u8Status                0x1fff'fc91     0x1  Data  Lc  UsbHostHidCom.o [3]
u8Status                0x1fff'fdcc     0x1  Data  Lc  UsbHostMassStorage.o [3]
ucTemp                  0x2000'00fc     0x1  Data  Gb  VARIABLE.o [1]
uiTemp                  0x2000'0014     0x4  Data  Gb  VARIABLE.o [1]
urc                     0x1fff'ffd0     0x8  Data  Gb  VARIABLE.o [1]
ut                      0x1fff'ffc8     0x8  Data  Gb  VARIABLE.o [1]
wasConfigured           0x1fff'f53e     0x1  Data  Gb  MyUsb.o [1]
wifi_test_fail_cntr     0x1fff'fee1     0x1  Data  Gb  SerialHmi.o [1]


[1] = C:\Users\smuri\Downloads\Innovatek_PCB_5.0_001-main\Innovatek_PCB_5.0_001-main\PCB 5.0 FW\example\IAR\output\release\obj\My_11065561366466422769.dir
[2] = C:\Users\smuri\Downloads\Innovatek_PCB_5.0_001-main\Innovatek_PCB_5.0_001-main\PCB 5.0 FW\example\IAR\output\release\obj\UsbConfig_13880776959982941018.dir
[3] = C:\Users\smuri\Downloads\Innovatek_PCB_5.0_001-main\Innovatek_PCB_5.0_001-main\PCB 5.0 FW\example\IAR\output\release\obj\UsbMiddleWare_4399025626197580377.dir
[4] = C:\Users\smuri\Downloads\Innovatek_PCB_5.0_001-main\Innovatek_PCB_5.0_001-main\PCB 5.0 FW\example\IAR\output\release\obj\adc_14570598181400393537.dir
[5] = C:\Users\smuri\Downloads\Innovatek_PCB_5.0_001-main\Innovatek_PCB_5.0_001-main\PCB 5.0 FW\example\IAR\output\release\obj\common_14919461937644757070.dir
[6] = C:\Users\smuri\Downloads\Innovatek_PCB_5.0_001-main\Innovatek_PCB_5.0_001-main\PCB 5.0 FW\example\IAR\output\release\obj\elm-chan.org_14072396974245291179.dir
[7] = C:\Users\smuri\Downloads\Innovatek_PCB_5.0_001-main\Innovatek_PCB_5.0_001-main\PCB 5.0 FW\example\IAR\output\release\obj\l3_18370833379257815018.dir
[8] = C:\Users\smuri\Downloads\Innovatek_PCB_5.0_001-main\Innovatek_PCB_5.0_001-main\PCB 5.0 FW\example\IAR\output\release\obj\ppg_314900825880331553.dir
[9] = C:\Users\smuri\Downloads\Innovatek_PCB_5.0_001-main\Innovatek_PCB_5.0_001-main\PCB 5.0 FW\example\IAR\output\release\obj\sk-fm3-48pmc-usbstick_846271940431841289.dir
[10] = C:\Users\smuri\Downloads\Innovatek_PCB_5.0_001-main\Innovatek_PCB_5.0_001-main\PCB 5.0 FW\example\IAR\output\release\obj\source_files_8152044814988207902.dir
[11] = dl7M_tln.a
[12] = m7M_tl.a
[13] = rt7M_tl.a

  98'866 bytes of readonly  code memory
   8'418 bytes of readonly  data memory
   9'501 bytes of readwrite data memory

Errors: none
Warnings: 2
