Component: ARM Compiler 5.06 update 7 (build 960) Tool: armlink [4d3601]

==============================================================================

Section Cross References

    startup_stm32f030x6.o(RESET) refers to startup_stm32f030x6.o(STACK) for __initial_sp
    startup_stm32f030x6.o(RESET) refers to startup_stm32f030x6.o(.text) for Reset_Handler
    startup_stm32f030x6.o(RESET) refers to stm32f0xx_it.o(i.NMI_Handler) for NMI_Handler
    startup_stm32f030x6.o(RESET) refers to stm32f0xx_it.o(i.HardFault_Handler) for HardFault_Handler
    startup_stm32f030x6.o(RESET) refers to stm32f0xx_it.o(i.SVC_Handler) for SVC_Handler
    startup_stm32f030x6.o(RESET) refers to stm32f0xx_it.o(i.PendSV_Handler) for PendSV_Handler
    startup_stm32f030x6.o(RESET) refers to stm32f0xx_it.o(i.SysTick_Handler) for SysTick_Handler
    startup_stm32f030x6.o(RESET) refers to stm32f0xx_it.o(i.EXTI0_1_IRQHandler) for EXTI0_1_IRQHandler
    startup_stm32f030x6.o(RESET) refers to stm32f0xx_it.o(i.TIM14_IRQHandler) for TIM14_IRQHandler
    startup_stm32f030x6.o(RESET) refers to stm32f0xx_it.o(i.USART1_IRQHandler) for USART1_IRQHandler
    startup_stm32f030x6.o(.text) refers to system_stm32f0xx.o(i.SystemInit) for SystemInit
    startup_stm32f030x6.o(.text) refers to entry.o(.ARM.Collect$$$$00000000) for __main
    internalflashmmu.o(i.InternalFlashSettings) refers to my_stm32f030_internal_flash.o(i.ReadInternalFlash) for ReadInternalFlash
    internalflashmmu.o(i.InternalFlashSettings) refers to internalflashmmu.o(i.ResetFactorySettingForInternalFlash) for ResetFactorySettingForInternalFlash
    internalflashmmu.o(i.InternalFlashSettings) refers to projectvariable.o(.data) for u
    internalflashmmu.o(i.InternalFlashSettings) refers to my_stm32f030_internal_flash.o(.bss) for InternalFlashPageSizeBuff
    internalflashmmu.o(i.InternalFlashSettings) refers to projectvariable.o(.data) for FlowKvalue
    internalflashmmu.o(i.ResetFactorySettingForInternalFlash) refers to my_stm32f030_internal_flash.o(i.InternalFlashPageWrite) for InternalFlashPageWrite
    internalflashmmu.o(i.ResetFactorySettingForInternalFlash) refers to my_stm32f030_internal_flash.o(.bss) for InternalFlashPageSizeBuff
    internalflashmmu.o(i.ResetFactorySettingForInternalFlash) refers to projectvariable.o(.data) for u
    my_stm32f030_internal_flash.o(i.InternalFlashPageWrite) refers to stm32f0xx_hal_flash.o(i.HAL_FLASH_Unlock) for HAL_FLASH_Unlock
    my_stm32f030_internal_flash.o(i.InternalFlashPageWrite) refers to stm32f0xx_hal_flash.o(i.HAL_FLASH_OB_Unlock) for HAL_FLASH_OB_Unlock
    my_stm32f030_internal_flash.o(i.InternalFlashPageWrite) refers to stm32f0xx_hal_flash_ex.o(i.HAL_FLASHEx_Erase) for HAL_FLASHEx_Erase
    my_stm32f030_internal_flash.o(i.InternalFlashPageWrite) refers to stm32f0xx_hal_wwdg.o(i.HAL_WWDG_Refresh) for HAL_WWDG_Refresh
    my_stm32f030_internal_flash.o(i.InternalFlashPageWrite) refers to stm32f0xx_hal_flash.o(i.HAL_FLASH_Program) for HAL_FLASH_Program
    my_stm32f030_internal_flash.o(i.InternalFlashPageWrite) refers to stm32f0xx_hal_flash.o(i.HAL_FLASH_OB_Lock) for HAL_FLASH_OB_Lock
    my_stm32f030_internal_flash.o(i.InternalFlashPageWrite) refers to stm32f0xx_hal_flash.o(i.HAL_FLASH_Lock) for HAL_FLASH_Lock
    my_stm32f030_internal_flash.o(i.InternalFlashPageWrite) refers to main.o(.bss) for hwwdg
    my_stm32f030_internal_flash.o(i.ReadInternalFlash) refers to stm32f0xx_hal_wwdg.o(i.HAL_WWDG_Refresh) for HAL_WWDG_Refresh
    my_stm32f030_internal_flash.o(i.ReadInternalFlash) refers to main.o(.bss) for hwwdg
    my_stm32f030_internal_flash.o(i.WriteToFlash) refers to my_stm32f030_internal_flash.o(i.ReadInternalFlash) for ReadInternalFlash
    my_stm32f030_internal_flash.o(i.WriteToFlash) refers to stm32f0xx_hal_wwdg.o(i.HAL_WWDG_Refresh) for HAL_WWDG_Refresh
    my_stm32f030_internal_flash.o(i.WriteToFlash) refers to my_stm32f030_internal_flash.o(i.InternalFlashPageWrite) for InternalFlashPageWrite
    my_stm32f030_internal_flash.o(i.WriteToFlash) refers to my_stm32f030_internal_flash.o(.bss) for .bss
    my_stm32f030_internal_flash.o(i.WriteToFlash) refers to main.o(.bss) for hwwdg
    mydelay.o(i.DelayMachineCycle) refers to stm32f0xx_hal_wwdg.o(i.HAL_WWDG_Refresh) for HAL_WWDG_Refresh
    mydelay.o(i.DelayMachineCycle) refers to main.o(.bss) for hwwdg
    mydelay.o(i.MyDelayMS) refers to stm32f0xx_hal.o(i.HAL_Delay) for HAL_Delay
    mydelay.o(i.MyDelayMS) refers to stm32f0xx_hal_wwdg.o(i.HAL_WWDG_Refresh) for HAL_WWDG_Refresh
    mydelay.o(i.MyDelayMS) refers to main.o(.bss) for hwwdg
    mytimer.o(i.HAL_TIM_PeriodElapsedCallback) refers to uidiv.o(.text) for __aeabi_uidivmod
    mytimer.o(i.HAL_TIM_PeriodElapsedCallback) refers to mytimer.o(.bss) for .bss
    mytimer.o(i.HAL_TIM_PeriodElapsedCallback) refers to projectvariable.o(.data) for CurrentFlowIntrCounter
    mytimer.o(i.HAL_TIM_PeriodElapsedCallback) refers to projectvariable.o(.data) for CurrentFlow
[...]
    Removing stm32f0xx_hal_tim.o(i.HAL_TIM_PWM_Stop), (108 bytes).
    Removing stm32f0xx_hal_tim.o(i.HAL_TIM_PWM_Stop_DMA), (188 bytes).
    Removing stm32f0xx_hal_tim.o(i.HAL_TIM_PWM_Stop_IT), (148 bytes).
    Removing stm32f0xx_hal_tim.o(i.HAL_TIM_PeriodElapsedCallback), (2 bytes).
    Removing stm32f0xx_hal_tim.o(i.HAL_TIM_PeriodElapsedHalfCpltCallback), (2 bytes).
    Removing stm32f0xx_hal_tim.o(i.HAL_TIM_ReadCapturedValue), (44 bytes).
    Removing stm32f0xx_hal_tim.o(i.HAL_TIM_SlaveConfigSynchro), (76 bytes).
    Removing stm32f0xx_hal_tim.o(i.HAL_TIM_SlaveConfigSynchro_IT), (76 bytes).
    Removing stm32f0xx_hal_tim.o(i.HAL_TIM_TriggerHalfCpltCallback), (2 bytes).
    Removing stm32f0xx_hal_tim.o(i.TIM_CCxChannelCmd), (26 bytes).
    Removing stm32f0xx_hal_tim.o(i.TIM_DMACaptureCplt), (62 bytes).
    Removing stm32f0xx_hal_tim.o(i.TIM_DMACaptureHalfCplt), (62 bytes).
    Removing stm32f0xx_hal_tim.o(i.TIM_DMADelayPulseCplt), (62 bytes).
    Removing stm32f0xx_hal_tim.o(i.TIM_DMADelayPulseHalfCplt), (62 bytes).
    Removing stm32f0xx_hal_tim.o(i.TIM_DMAError), (16 bytes).
    Removing stm32f0xx_hal_tim.o(i.TIM_DMAPeriodElapsedCplt), (16 bytes).
    Removing stm32f0xx_hal_tim.o(i.TIM_DMAPeriodElapsedHalfCplt), (16 bytes).
    Removing stm32f0xx_hal_tim.o(i.TIM_DMATriggerCplt), (16 bytes).
    Removing stm32f0xx_hal_tim.o(i.TIM_DMATriggerHalfCplt), (16 bytes).
    Removing stm32f0xx_hal_tim.o(i.TIM_ETR_SetConfig), (22 bytes).
    Removing stm32f0xx_hal_tim.o(i.TIM_ITRx_SetConfig), (16 bytes).
    Removing stm32f0xx_hal_tim.o(i.TIM_OC1_SetConfig), (120 bytes).
    Removing stm32f0xx_hal_tim.o(i.TIM_OC2_SetConfig), (116 bytes).
    Removing stm32f0xx_hal_tim.o(i.TIM_OC3_SetConfig), (120 bytes).
    Removing stm32f0xx_hal_tim.o(i.TIM_OC4_SetConfig), (96 bytes).
    Removing stm32f0xx_hal_tim.o(i.TIM_SlaveTimer_SetConfig), (134 bytes).
    Removing stm32f0xx_hal_tim.o(i.TIM_TI1_ConfigInputStage), (34 bytes).
    Removing stm32f0xx_hal_tim.o(i.TIM_TI1_SetConfig), (68 bytes).
    Removing stm32f0xx_hal_tim.o(i.TIM_TI2_ConfigInputStage), (38 bytes).
    Removing stm32f0xx_hal_tim.o(i.TIM_TI2_SetConfig), (52 bytes).
    Removing stm32f0xx_hal_tim_ex.o(.rev16_text), (4 bytes).
    Removing stm32f0xx_hal_tim_ex.o(.revsh_text), (4 bytes).
    Removing stm32f0xx_hal_tim_ex.o(i.HAL_TIMEx_CommutHalfCpltCallback), (2 bytes).
    Removing stm32f0xx_hal_tim_ex.o(i.HAL_TIMEx_ConfigBreakDeadTime), (94 bytes).
    Removing stm32f0xx_hal_tim_ex.o(i.HAL_TIMEx_ConfigCommutEvent), (108 bytes).
    Removing stm32f0xx_hal_tim_ex.o(i.HAL_TIMEx_ConfigCommutEvent_DMA), (140 bytes).
    Removing stm32f0xx_hal_tim_ex.o(i.HAL_TIMEx_ConfigCommutEvent_IT), (108 bytes).
    Removing stm32f0xx_hal_tim_ex.o(i.HAL_TIMEx_HallSensor_DeInit), (52 bytes).
    Removing stm32f0xx_hal_tim_ex.o(i.HAL_TIMEx_HallSensor_GetState), (6 bytes).
    Removing stm32f0xx_hal_tim_ex.o(i.HAL_TIMEx_HallSensor_Init), (184 bytes).
    Removing stm32f0xx_hal_tim_ex.o(i.HAL_TIMEx_HallSensor_MspDeInit), (2 bytes).
    Removing stm32f0xx_hal_tim_ex.o(i.HAL_TIMEx_HallSensor_MspInit), (2 bytes).
    Removing stm32f0xx_hal_tim_ex.o(i.HAL_TIMEx_HallSensor_Start), (38 bytes).
    Removing stm32f0xx_hal_tim_ex.o(i.HAL_TIMEx_HallSensor_Start_DMA), (140 bytes).
    Removing stm32f0xx_hal_tim_ex.o(i.HAL_TIMEx_HallSensor_Start_IT), (48 bytes).
    Removing stm32f0xx_hal_tim_ex.o(i.HAL_TIMEx_HallSensor_Stop), (48 bytes).
    Removing stm32f0xx_hal_tim_ex.o(i.HAL_TIMEx_HallSensor_Stop_DMA), (68 bytes).
    Removing stm32f0xx_hal_tim_ex.o(i.HAL_TIMEx_HallSensor_Stop_IT), (60 bytes).
    Removing stm32f0xx_hal_tim_ex.o(i.HAL_TIMEx_MasterConfigSynchronization), (80 bytes).
    Removing stm32f0xx_hal_tim_ex.o(i.HAL_TIMEx_OCN_Start), (48 bytes).
    Removing stm32f0xx_hal_tim_ex.o(i.HAL_TIMEx_OCN_Start_DMA), (240 bytes).
    Removing stm32f0xx_hal_tim_ex.o(i.HAL_TIMEx_OCN_Start_IT), (94 bytes).
    Removing stm32f0xx_hal_tim_ex.o(i.HAL_TIMEx_OCN_Stop), (76 bytes).
    Removing stm32f0xx_hal_tim_ex.o(i.HAL_TIMEx_OCN_Stop_DMA), (144 bytes).
    Removing stm32f0xx_hal_tim_ex.o(i.HAL_TIMEx_OCN_Stop_IT), (128 bytes).
    Removing stm32f0xx_hal_tim_ex.o(i.HAL_TIMEx_OnePulseN_Start), (28 bytes).
    Removing stm32f0xx_hal_tim_ex.o(i.HAL_TIMEx_OnePulseN_Start_IT), (48 bytes).
    Removing stm32f0xx_hal_tim_ex.o(i.HAL_TIMEx_OnePulseN_Stop), (76 bytes).
    Removing stm32f0xx_hal_tim_ex.o(i.HAL_TIMEx_OnePulseN_Stop_IT), (96 bytes).
    Removing stm32f0xx_hal_tim_ex.o(i.HAL_TIMEx_PWMN_Start), (48 bytes).
    Removing stm32f0xx_hal_tim_ex.o(i.HAL_TIMEx_PWMN_Start_DMA), (240 bytes).
    Removing stm32f0xx_hal_tim_ex.o(i.HAL_TIMEx_PWMN_Start_IT), (94 bytes).
    Removing stm32f0xx_hal_tim_ex.o(i.HAL_TIMEx_PWMN_Stop), (76 bytes).
    Removing stm32f0xx_hal_tim_ex.o(i.HAL_TIMEx_PWMN_Stop_DMA), (144 bytes).
    Removing stm32f0xx_hal_tim_ex.o(i.HAL_TIMEx_PWMN_Stop_IT), (128 bytes).
    Removing stm32f0xx_hal_tim_ex.o(i.HAL_TIMEx_RemapConfig), (28 bytes).
    Removing stm32f0xx_hal_tim_ex.o(i.TIMEx_DMACommutationCplt), (16 bytes).
    Removing stm32f0xx_hal_tim_ex.o(i.TIMEx_DMACommutationHalfCplt), (16 bytes).
    Removing stm32f0xx_hal_tim_ex.o(i.TIM_CCxNChannelCmd), (26 bytes).
    Removing stm32f0xx_hal_uart.o(.rev16_text), (4 bytes).
    Removing stm32f0xx_hal_uart.o(.revsh_text), (4 bytes).
    Removing stm32f0xx_hal_uart.o(i.HAL_HalfDuplex_EnableReceiver), (54 bytes).
    Removing stm32f0xx_hal_uart.o(i.HAL_HalfDuplex_EnableTransmitter), (54 bytes).
    Removing stm32f0xx_hal_uart.o(i.HAL_HalfDuplex_Init), (106 bytes).
    Removing stm32f0xx_hal_uart.o(i.HAL_MultiProcessor_DisableMuteMode), (46 bytes).
    Removing stm32f0xx_hal_uart.o(i.HAL_MultiProcessor_EnableMuteMode), (46 bytes).
    Removing stm32f0xx_hal_uart.o(i.HAL_MultiProcessor_EnterMuteMode), (12 bytes).
    Removing stm32f0xx_hal_uart.o(i.HAL_MultiProcessor_Init), (138 bytes).
    Removing stm32f0xx_hal_uart.o(i.HAL_UART_Abort), (162 bytes).
    Removing stm32f0xx_hal_uart.o(i.HAL_UART_AbortCpltCallback), (2 bytes).
    Removing stm32f0xx_hal_uart.o(i.HAL_UART_AbortReceive), (110 bytes).
    Removing stm32f0xx_hal_uart.o(i.HAL_UART_AbortReceiveCpltCallback), (2 bytes).
    Removing stm32f0xx_hal_uart.o(i.HAL_UART_AbortReceive_IT), (124 bytes).
    Removing stm32f0xx_hal_uart.o(i.HAL_UART_AbortTransmit), (82 bytes).
    Removing stm32f0xx_hal_uart.o(i.HAL_UART_AbortTransmitCpltCallback), (2 bytes).
    Removing stm32f0xx_hal_uart.o(i.HAL_UART_AbortTransmit_IT), (88 bytes).
    Removing stm32f0xx_hal_uart.o(i.HAL_UART_Abort_IT), (204 bytes).
    Removing stm32f0xx_hal_uart.o(i.HAL_UART_DMAPause), (94 bytes).
    Removing stm32f0xx_hal_uart.o(i.HAL_UART_DMAResume), (86 bytes).
    Removing stm32f0xx_hal_uart.o(i.HAL_UART_DMAStop), (122 bytes).
    Removing stm32f0xx_hal_uart.o(i.HAL_UART_DeInit), (58 bytes).
    Removing stm32f0xx_hal_uart.o(i.HAL_UART_DisableReceiverTimeout), (52 bytes).
    Removing stm32f0xx_hal_uart.o(i.HAL_UART_EnableReceiverTimeout), (52 bytes).
    Removing stm32f0xx_hal_uart.o(i.HAL_UART_GetError), (4 bytes).
    Removing stm32f0xx_hal_uart.o(i.HAL_UART_GetState), (10 bytes).
    Removing stm32f0xx_hal_uart.o(i.HAL_UART_MspDeInit), (2 bytes).
    Removing stm32f0xx_hal_uart.o(i.HAL_UART_MspInit), (2 bytes).
    Removing stm32f0xx_hal_uart.o(i.HAL_UART_Receive), (240 bytes).
    Removing stm32f0xx_hal_uart.o(i.HAL_UART_Receive_DMA), (184 bytes).
    Removing stm32f0xx_hal_uart.o(i.HAL_UART_ReceiverTimeout_Config), (14 bytes).
    Removing stm32f0xx_hal_uart.o(i.HAL_UART_RxCpltCallback), (2 bytes).
    Removing stm32f0xx_hal_uart.o(i.HAL_UART_RxHalfCpltCallback), (2 bytes).
    Removing stm32f0xx_hal_uart.o(i.HAL_UART_Transmit), (206 bytes).
    Removing stm32f0xx_hal_uart.o(i.HAL_UART_Transmit_DMA), (172 bytes).
    Removing stm32f0xx_hal_uart.o(i.HAL_UART_TxCpltCallback), (2 bytes).
    Removing stm32f0xx_hal_uart.o(i.HAL_UART_TxHalfCpltCallback), (2 bytes).
    Removing stm32f0xx_hal_uart.o(i.UART_DMAError), (72 bytes).
    Removing stm32f0xx_hal_uart.o(i.UART_DMAReceiveCplt), (60 bytes).
    Removing stm32f0xx_hal_uart.o(i.UART_DMARxAbortCallback), (60 bytes).
    Removing stm32f0xx_hal_uart.o(i.UART_DMARxHalfCplt), (10 bytes).
    Removing stm32f0xx_hal_uart.o(i.UART_DMARxOnlyAbortCallback), (36 bytes).
    Removing stm32f0xx_hal_uart.o(i.UART_DMATransmitCplt), (46 bytes).
    Removing stm32f0xx_hal_uart.o(i.UART_DMATxAbortCallback), (50 bytes).
    Removing stm32f0xx_hal_uart.o(i.UART_DMATxHalfCplt), (10 bytes).
    Removing stm32f0xx_hal_uart.o(i.UART_DMATxOnlyAbortCallback), (20 bytes).
    Removing stm32f0xx_hal_uart.o(i.UART_EndTxTransfer), (16 bytes).
    Removing stm32f0xx_hal_uart_ex.o(.rev16_text), (4 bytes).
    Removing stm32f0xx_hal_uart_ex.o(.revsh_text), (4 bytes).
    Removing stm32f0xx_hal_uart_ex.o(i.HAL_MultiProcessorEx_AddressLength_Set), (52 bytes).
    Removing stm32f0xx_hal_uart_ex.o(i.HAL_RS485Ex_Init), (136 bytes).
    Removing stm32f0xx_hal_wwdg.o(.rev16_text), (4 bytes).
    Removing stm32f0xx_hal_wwdg.o(.revsh_text), (4 bytes).
    Removing stm32f0xx_hal_wwdg.o(i.HAL_WWDG_EarlyWakeupCallback), (2 bytes).
    Removing stm32f0xx_hal_wwdg.o(i.HAL_WWDG_IRQHandler), (30 bytes).
    Removing stm32f0xx_hal_wwdg.o(i.HAL_WWDG_MspInit), (2 bytes).
    Removing system_stm32f0xx.o(.rev16_text), (4 bytes).
    Removing system_stm32f0xx.o(.revsh_text), (4 bytes).
    Removing system_stm32f0xx.o(i.SystemCoreClockUpdate), (108 bytes).
    Removing dfixul.o(.text), (64 bytes).
    Removing cdrcmple.o(.text), (40 bytes).
    Removing myfunc.o(i.__ARM_common_switch8), (26 bytes).

452 unused section(s) (total 30963 bytes) removed from the image.

==============================================================================

Image Symbol Table

    Local Symbols

    Symbol Name                              Value     Ov Type        Size  Object(Section)

    ../Drivers/STM32F0xx_HAL_Driver/Src/stm32f0xx_hal.c 0x00000000   Number         0  stm32f0xx_hal.o ABSOLUTE
    ../Drivers/STM32F0xx_HAL_Driver/Src/stm32f0xx_hal_cortex.c 0x00000000   Number         0  stm32f0xx_hal_cortex.o ABSOLUTE
    ../Drivers/STM32F0xx_HAL_Driver/Src/stm32f0xx_hal_dma.c 0x00000000   Number         0  stm32f0xx_hal_dma.o ABSOLUTE
    ../Drivers/STM32F0xx_HAL_Driver/Src/stm32f0xx_hal_exti.c 0x00000000   Number         0  stm32f0xx_hal_exti.o ABSOLUTE
    ../Drivers/STM32F0xx_HAL_Driver/Src/stm32f0xx_hal_flash.c 0x00000000   Number         0  stm32f0xx_hal_flash.o ABSOLUTE
    ../Drivers/STM32F0xx_HAL_Driver/Src/stm32f0xx_hal_flash_ex.c 0x00000000   Number         0  stm32f0xx_hal_flash_ex.o ABSOLUTE
    ../Drivers/STM32F0xx_HAL_Driver/Src/stm32f0xx_hal_gpio.c 0x00000000   Number         0  stm32f0xx_hal_gpio.o ABSOLUTE
    ../Drivers/STM32F0xx_HAL_Driver/Src/stm32f0xx_hal_i2c.c 0x00000000   Number         0  stm32f0xx_hal_i2c.o ABSOLUTE
    ../Drivers/STM32F0xx_HAL_Driver/Src/stm32f0xx_hal_i2c_ex.c 0x00000000   Number         0  stm32f0xx_hal_i2c_ex.o ABSOLUTE
    ../Drivers/STM32F0xx_HAL_Driver/Src/stm32f0xx_hal_pwr.c 0x00000000   Number         0  stm32f0xx_hal_pwr.o ABSOLUTE
    ../Drivers/STM32F0xx_HAL_Driver/Src/stm32f0xx_hal_pwr_ex.c 0x00000000   Number         0  stm32f0xx_hal_pwr_ex.o ABSOLUTE
    ../Drivers/STM32F0xx_HAL_Driver/Src/stm32f0xx_hal_rcc.c 0x00000000   Number         0  stm32f0xx_hal_rcc.o ABSOLUTE
    ../Drivers/STM32F0xx_HAL_Driver/Src/stm32f0xx_hal_rcc_ex.c 0x00000000   Number         0  stm32f0xx_hal_rcc_ex.o ABSOLUTE
    ../Drivers/STM32F0xx_HAL_Driver/Src/stm32f0xx_hal_tim.c 0x00000000   Number         0  stm32f0xx_hal_tim.o ABSOLUTE
    ../Drivers/STM32F0xx_HAL_Driver/Src/stm32f0xx_hal_tim_ex.c 0x00000000   Number         0  stm32f0xx_hal_tim_ex.o ABSOLUTE
    ../Drivers/STM32F0xx_HAL_Driver/Src/stm32f0xx_hal_uart.c 0x00000000   Number         0  stm32f0xx_hal_uart.o ABSOLUTE
    ../Drivers/STM32F0xx_HAL_Driver/Src/stm32f0xx_hal_uart_ex.c 0x00000000   Number         0  stm32f0xx_hal_uart_ex.o ABSOLUTE
    ../Drivers/STM32F0xx_HAL_Driver/Src/stm32f0xx_hal_wwdg.c 0x00000000   Number         0  stm32f0xx_hal_wwdg.o ABSOLUTE
    ../Src/main.c                            0x00000000   Number         0  main.o ABSOLUTE
    ../Src/stm32f0xx_hal_msp.c               0x00000000   Number         0  stm32f0xx_hal_msp.o ABSOLUTE
    ../Src/stm32f0xx_it.c                    0x00000000   Number         0  stm32f0xx_it.o ABSOLUTE
    ../Src/system_stm32f0xx.c                0x00000000   Number         0  system_stm32f0xx.o ABSOLUTE
    ../clib/microlib/division.c              0x00000000   Number         0  uldiv.o ABSOLUTE
    ../clib/microlib/division.c              0x00000000   Number         0  uidiv.o ABSOLUTE
    ../clib/microlib/init/entry.s            0x00000000   Number         0  entry10b.o ABSOLUTE
    ../clib/microlib/init/entry.s            0x00000000   Number         0  entry10a.o ABSOLUTE
    ../clib/microlib/init/entry.s            0x00000000   Number         0  entry9a.o ABSOLUTE
    ../clib/microlib/init/entry.s            0x00000000   Number         0  entry11a.o ABSOLUTE
    ../clib/microlib/init/entry.s            0x00000000   Number         0  entry8b.o ABSOLUTE
    ../clib/microlib/init/entry.s            0x00000000   Number         0  entry5.o ABSOLUTE
    ../clib/microlib/init/entry.s            0x00000000   Number         0  entry.o ABSOLUTE
    ../clib/microlib/init/entry.s            0x00000000   Number         0  entry9b.o ABSOLUTE
    ../clib/microlib/init/entry.s            0x00000000   Number         0  entry2.o ABSOLUTE
    ../clib/microlib/init/entry.s            0x00000000   Number         0  entry11b.o ABSOLUTE
    ../clib/microlib/init/entry.s            0x00000000   Number         0  entry12b.o ABSOLUTE
    ../clib/microlib/init/entry.s            0x00000000   Number         0  entry7a.o ABSOLUTE
    ../clib/microlib/init/entry.s            0x00000000   Number         0  entry7b.o ABSOLUTE
    ../clib/microlib/init/entry.s            0x00000000   Number         0  entry12a.o ABSOLUTE
    ../clib/microlib/init/entry.s            0x00000000   Number         0  entry8a.o ABSOLUTE
    ../clib/microlib/longlong.c              0x00000000   Number         0  llsshr.o ABSOLUTE
    ../clib/microlib/longlong.c              0x00000000   Number         0  llshl.o ABSOLUTE
    ../clib/microlib/longlong.c              0x00000000   Number         0  llushr.o ABSOLUTE
    ../clib/microlib/printf/printf.c         0x00000000   Number         0  printf3.o ABSOLUTE
    ../clib/microlib/printf/printf.c         0x00000000   Number         0  printf1.o ABSOLUTE
    ../clib/microlib/printf/printf.c         0x00000000   Number         0  printf5.o ABSOLUTE
    ../clib/microlib/printf/printf.c         0x00000000   Number         0  printf4.o ABSOLUTE
    ../clib/microlib/printf/printf.c         0x00000000   Number         0  printf6.o ABSOLUTE
    ../clib/microlib/printf/printf.c         0x00000000   Number         0  printf7.o ABSOLUTE
    ../clib/microlib/printf/printf.c         0x00000000   Number         0  printf8.o ABSOLUTE
    ../clib/microlib/printf/printf.c         0x00000000   Number         0  printfa.o ABSOLUTE
    ../clib/microlib/printf/printf.c         0x00000000   Number         0  printf0.o ABSOLUTE
    ../clib/microlib/printf/printf.c         0x00000000   Number         0  printfb.o ABSOLUTE
    ../clib/microlib/printf/printf.c         0x00000000   Number         0  printf2.o ABSOLUTE
    ../clib/microlib/printf/stubs.s          0x00000000   Number         0  stubs.o ABSOLUTE
    ../clib/microlib/stdio/fputc.c           0x00000000   Number         0  fputc.o ABSOLUTE
    ../clib/microlib/stdio/semi.s            0x00000000   Number         0  semi.o ABSOLUTE
    ../clib/microlib/stdio/streams.c         0x00000000   Number         0  stdout.o ABSOLUTE
    ../clib/microlib/string/memset.c         0x00000000   Number         0  memseta.o ABSOLUTE
    ../clib/microlib/string/strlen.c         0x00000000   Number         0  strlen.o ABSOLUTE
    ../clib/microlib/stubs.s                 0x00000000   Number         0  iusesemip.o ABSOLUTE
    ../clib/microlib/stubs.s                 0x00000000   Number         0  iusefp.o ABSOLUTE
    ../fplib/microlib/d2f.c                  0x00000000   Number         0  d2f.o ABSOLUTE
    ../fplib/microlib/f2d.c                  0x00000000   Number         0  f2d.o ABSOLUTE
    ../fplib/microlib/fpadd.c                0x00000000   Number         0  dadd.o ABSOLUTE
    ../fplib/microlib/fpdiv.c                0x00000000   Number         0  ddiv.o ABSOLUTE
    ../fplib/microlib/fpepilogue.c           0x00000000   Number         0  fepilogue.o ABSOLUTE
    ../fplib/microlib/fpepilogue.c           0x00000000   Number         0  depilogue.o ABSOLUTE
    ../fplib/microlib/fpfix.c                0x00000000   Number         0  dfixul.o ABSOLUTE
    ../fplib/microlib/fpfix.c                0x00000000   Number         0  ffixui.o ABSOLUTE
    ../fplib/microlib/fpflt.c                0x00000000   Number         0  ffltul.o ABSOLUTE
    ../fplib/microlib/fpflt.c                0x00000000   Number         0  ffltui.o ABSOLUTE
    ../fplib/microlib/fpmul.c                0x00000000   Number         0  dmul.o ABSOLUTE
    ..\Drivers\STM32F0xx_HAL_Driver\Src\stm32f0xx_hal.c 0x00000000   Number         0  stm32f0xx_hal.o ABSOLUTE
    ..\Drivers\STM32F0xx_HAL_Driver\Src\stm32f0xx_hal_cortex.c 0x00000000   Number         0  stm32f0xx_hal_cortex.o ABSOLUTE
    ..\Drivers\STM32F0xx_HAL_Driver\Src\stm32f0xx_hal_dma.c 0x00000000   Number         0  stm32f0xx_hal_dma.o ABSOLUTE
    ..\Drivers\STM32F0xx_HAL_Driver\Src\stm32f0xx_hal_exti.c 0x00000000   Number         0  stm32f0xx_hal_exti.o ABSOLUTE
    ..\Drivers\STM32F0xx_HAL_Driver\Src\stm32f0xx_hal_flash.c 0x00000000   Number         0  stm32f0xx_hal_flash.o ABSOLUTE
    ..\Drivers\STM32F0xx_HAL_Driver\Src\stm32f0xx_hal_flash_ex.c 0x00000000   Number         0  stm32f0xx_hal_flash_ex.o ABSOLUTE
    ..\Drivers\STM32F0xx_HAL_Driver\Src\stm32f0xx_hal_gpio.c 0x00000000   Number         0  stm32f0xx_hal_gpio.o ABSOLUTE
    ..\Drivers\STM32F0xx_HAL_Driver\Src\stm32f0xx_hal_i2c.c 0x00000000   Number         0  stm32f0xx_hal_i2c.o ABSOLUTE
    ..\Drivers\STM32F0xx_HAL_Driver\Src\stm32f0xx_hal_i2c_ex.c 0x00000000   Number         0  stm32f0xx_hal_i2c_ex.o ABSOLUTE
    ..\Drivers\STM32F0xx_HAL_Driver\Src\stm32f0xx_hal_pwr.c 0x00000000   Number         0  stm32f0xx_hal_pwr.o ABSOLUTE
    ..\Drivers\STM32F0xx_HAL_Driver\Src\stm32f0xx_hal_pwr_ex.c 0x00000000   Number         0  stm32f0xx_hal_pwr_ex.o ABSOLUTE
    ..\Drivers\STM32F0xx_HAL_Driver\Src\stm32f0xx_hal_rcc.c 0x00000000   Number         0  stm32f0xx_hal_rcc.o ABSOLUTE
    ..\Drivers\STM32F0xx_HAL_Driver\Src\stm32f0xx_hal_rcc_ex.c 0x00000000   Number         0  stm32f0xx_hal_rcc_ex.o ABSOLUTE
    ..\Drivers\STM32F0xx_HAL_Driver\Src\stm32f0xx_hal_tim.c 0x00000000   Number         0  stm32f0xx_hal_tim.o ABSOLUTE
    ..\Drivers\STM32F0xx_HAL_Driver\Src\stm32f0xx_hal_tim_ex.c 0x00000000   Number         0  stm32f0xx_hal_tim_ex.o ABSOLUTE
    ..\Drivers\STM32F0xx_HAL_Driver\Src\stm32f0xx_hal_uart.c 0x00000000   Number         0  stm32f0xx_hal_uart.o ABSOLUTE
    ..\Drivers\STM32F0xx_HAL_Driver\Src\stm32f0xx_hal_uart_ex.c 0x00000000   Number         0  stm32f0xx_hal_uart_ex.o ABSOLUTE
    ..\Drivers\STM32F0xx_HAL_Driver\Src\stm32f0xx_hal_wwdg.c 0x00000000   Number         0  stm32f0xx_hal_wwdg.o ABSOLUTE
    ..\Src\My\InternalFlashMMU.c             0x00000000   Number         0  internalflashmmu.o ABSOLUTE
    ..\Src\My\MCP3424.c                      0x00000000   Number         0  mcp3424.o ABSOLUTE
    ..\Src\My\MyAnalog.c                     0x00000000   Number         0  myanalog.o ABSOLUTE
    ..\Src\My\MyDelay.c                      0x00000000   Number         0  mydelay.o ABSOLUTE
    ..\Src\My\MyFunc.c                       0x00000000   Number         0  myfunc.o ABSOLUTE
    ..\Src\My\MyTimer.c                      0x00000000   Number         0  mytimer.o ABSOLUTE
    ..\Src\My\PC_Communication.c             0x00000000   Number         0  pc_communication.o ABSOLUTE
    ..\Src\My\ProjectConstants.c             0x00000000   Number         0  projectconstants.o ABSOLUTE
    ..\Src\My\ProjectVariable.c              0x00000000   Number         0  projectvariable.o ABSOLUTE
    ..\Src\My\SerialCommunication.c          0x00000000   Number         0  serialcommunication.o ABSOLUTE
    ..\Src\My\my_stm32f030_internal_flash.c  0x00000000   Number         0  my_stm32f030_internal_flash.o ABSOLUTE
    ..\Src\main.c                            0x00000000   Number         0  main.o ABSOLUTE
    ..\Src\stm32f0xx_hal_msp.c               0x00000000   Number         0  stm32f0xx_hal_msp.o ABSOLUTE
    ..\Src\stm32f0xx_it.c                    0x00000000   Number         0  stm32f0xx_it.o ABSOLUTE
    ..\Src\system_stm32f0xx.c                0x00000000   Number         0  system_stm32f0xx.o ABSOLUTE
    ..\\Src\\My\\InternalFlashMMU.c          0x00000000   Number         0  internalflashmmu.o ABSOLUTE
    ..\\Src\\My\\MCP3424.c                   0x00000000   Number         0  mcp3424.o ABSOLUTE
    ..\\Src\\My\\MyAnalog.c                  0x00000000   Number         0  myanalog.o ABSOLUTE
    ..\\Src\\My\\MyDelay.c                   0x00000000   Number         0  mydelay.o ABSOLUTE
    ..\\Src\\My\\MyFunc.c                    0x00000000   Number         0  myfunc.o ABSOLUTE
    ..\\Src\\My\\MyTimer.c                   0x00000000   Number         0  mytimer.o ABSOLUTE
    ..\\Src\\My\\PC_Communication.c          0x00000000   Number         0  pc_communication.o ABSOLUTE
    ..\\Src\\My\\ProjectVariable.c           0x00000000   Number         0  projectvariable.o ABSOLUTE
    ..\\Src\\My\\SerialCommunication.c       0x00000000   Number         0  serialcommunication.o ABSOLUTE
    ..\\Src\\My\\my_stm32f030_internal_flash.c 0x00000000   Number         0  my_stm32f030_internal_flash.o ABSOLUTE
    cdrcmple.s                               0x00000000   Number         0  cdrcmple.o ABSOLUTE
    dc.s                                     0x00000000   Number         0  dc.o ABSOLUTE
    handlers.s                               0x00000000   Number         0  handlers.o ABSOLUTE
    init.s                                   0x00000000   Number         0  init.o ABSOLUTE
    startup_stm32f030x6.s                    0x00000000   Number         0  startup_stm32f030x6.o ABSOLUTE
    RESET                                    0x08000000   Section      176  startup_stm32f030x6.o(RESET)
    .ARM.Collect$$$$00000000                 0x080000b0   Section        0  entry.o(.ARM.Collect$$$$00000000)
    .ARM.Collect$$$$00000001                 0x080000b0   Section        4  entry2.o(.ARM.Collect$$$$00000001)
    .ARM.Collect$$$$00000004                 0x080000b4   Section        4  entry5.o(.ARM.Collect$$$$00000004)
    .ARM.Collect$$$$00000008                 0x080000b8   Section        0  entry7b.o(.ARM.Collect$$$$00000008)
    .ARM.Collect$$$$0000000A                 0x080000b8   Section        0  entry8b.o(.ARM.Collect$$$$0000000A)
    .ARM.Collect$$$$0000000B                 0x080000b8   Section        8  entry9a.o(.ARM.Collect$$$$0000000B)
    .ARM.Collect$$$$0000000E                 0x080000c0   Section        4  entry12b.o(.ARM.Collect$$$$0000000E)
    .ARM.Collect$$$$0000000F                 0x080000c4   Section        0  entry10a.o(.ARM.Collect$$$$0000000F)
    .ARM.Collect$$$$00000011                 0x080000c4   Section        0  entry11a.o(.ARM.Collect$$$$00000011)
    .ARM.Collect$$$$00002712                 0x080000c4   Section        4  entry2.o(.ARM.Collect$$$$00002712)
    __lit__00000000                          0x080000c4   Data           4  entry2.o(.ARM.Collect$$$$00002712)
    .text                                    0x080000c8   Section       28  startup_stm32f030x6.o(.text)
    .text                                    0x080000e4   Section        0  uidiv.o(.text)
    .text                                    0x08000110   Section        0  uldiv.o(.text)
    .text                                    0x08000170   Section        0  llushr.o(.text)
    .text                                    0x08000192   Section        0  memseta.o(.text)
    .text                                    0x080001b6   Section        0  strlen.o(.text)
    .text                                    0x080001c4   Section        0  dadd.o(.text)
    .text                                    0x0800032c   Section        0  dmul.o(.text)
    .text                                    0x080003fc   Section        0  ddiv.o(.text)
    .text                                    0x080004ec   Section        0  ffltui.o(.text)
    .text                                    0x080004fa   Section        0  ffltul.o(.text)
    .text                                    0x08000516   Section        0  ffixui.o(.text)
    .text                                    0x0800053e   Section        0  f2d.o(.text)
    .text                                    0x08000566   Section        0  d2f.o(.text)
    .text                                    0x0800059e   Section        0  llshl.o(.text)
    .text                                    0x080005be   Section        0  llsshr.o(.text)
    .text                                    0x080005e4   Section        0  fepilogue.o(.text)
    .text                                    0x080005e4   Section        0  iusefp.o(.text)
    .text                                    0x08000666   Section        0  depilogue.o(.text)
    .text                                    0x08000724   Section       36  init.o(.text)
    i.CheckCommand                           0x08000748   Section        0  pc_communication.o(i.CheckCommand)
    i.EXTI0_1_IRQHandler                     0x080007e4   Section        0  stm32f0xx_it.o(i.EXTI0_1_IRQHandler)
    i.FLASH_MassErase                        0x080007f0   Section        0  stm32f0xx_hal_flash_ex.o(i.FLASH_MassErase)
    FLASH_MassErase                          0x080007f1   Thumb Code    26  stm32f0xx_hal_flash_ex.o(i.FLASH_MassErase)
    i.FLASH_PageErase                        0x08000814   Section        0  stm32f0xx_hal_flash_ex.o(i.FLASH_PageErase)
    i.FLASH_Program_HalfWord                 0x08000838   Section        0  stm32f0xx_hal_flash.o(i.FLASH_Program_HalfWord)
    FLASH_Program_HalfWord                   0x08000839   Thumb Code    22  stm32f0xx_hal_flash.o(i.FLASH_Program_HalfWord)
    i.FLASH_SetErrorCode                     0x08000858   Section        0  stm32f0xx_hal_flash.o(i.FLASH_SetErrorCode)
    FLASH_SetErrorCode                       0x08000859   Thumb Code    46  stm32f0xx_hal_flash.o(i.FLASH_SetErrorCode)
    i.FLASH_WaitForLastOperation             0x08000890   Section        0  stm32f0xx_hal_flash.o(i.FLASH_WaitForLastOperation)
    i.HAL_DMA_Abort_IT                       0x080008e0   Section        0  stm32f0xx_hal_dma.o(i.HAL_DMA_Abort_IT)
    i.HAL_Delay                              0x08000928   Section        0  stm32f0xx_hal.o(i.HAL_Delay)
    i.HAL_FLASHEx_Erase                      0x0800094c   Section        0  stm32f0xx_hal_flash_ex.o(i.HAL_FLASHEx_Erase)
    i.HAL_FLASH_Lock                         0x080009ec   Section        0  stm32f0xx_hal_flash.o(i.HAL_FLASH_Lock)
    i.HAL_FLASH_OB_Lock                      0x08000a00   Section        0  stm32f0xx_hal_flash.o(i.HAL_FLASH_OB_Lock)
    i.HAL_FLASH_OB_Unlock                    0x08000a14   Section        0  stm32f0xx_hal_flash.o(i.HAL_FLASH_OB_Unlock)
    i.HAL_FLASH_Program                      0x08000a38   Section        0  stm32f0xx_hal_flash.o(i.HAL_FLASH_Program)
    i.HAL_FLASH_Unlock                       0x08000ab4   Section        0  stm32f0xx_hal_flash.o(i.HAL_FLASH_Unlock)
    i.HAL_GPIO_EXTI_Callback                 0x08000adc   Section        0  main.o(i.HAL_GPIO_EXTI_Callback)
    i.HAL_GPIO_EXTI_IRQHandler               0x08000bd8   Section        0  stm32f0xx_hal_gpio.o(i.HAL_GPIO_EXTI_IRQHandler)
    i.HAL_GPIO_Init                          0x08000bf0   Section        0  stm32f0xx_hal_gpio.o(i.HAL_GPIO_Init)
    i.HAL_GPIO_WritePin                      0x08000d60   Section        0  stm32f0xx_hal_gpio.o(i.HAL_GPIO_WritePin)
    i.HAL_GetTick                            0x08000d6c   Section        0  stm32f0xx_hal.o(i.HAL_GetTick)
    i.HAL_I2CEx_ConfigAnalogFilter           0x08000d78   Section        0  stm32f0xx_hal_i2c_ex.o(i.HAL_I2CEx_ConfigAnalogFilter)
    i.HAL_I2CEx_ConfigDigitalFilter          0x08000dc2   Section        0  stm32f0xx_hal_i2c_ex.o(i.HAL_I2CEx_ConfigDigitalFilter)
    i.HAL_I2C_Init                           0x08000e0c   Section        0  stm32f0xx_hal_i2c.o(i.HAL_I2C_Init)
    i.HAL_I2C_Mem_Read                       0x08000ec0   Section        0  stm32f0xx_hal_i2c.o(i.HAL_I2C_Mem_Read)
    i.HAL_I2C_Mem_Write                      0x08001014   Section        0  stm32f0xx_hal_i2c.o(i.HAL_I2C_Mem_Write)
    i.HAL_I2C_MspInit                        0x08001160   Section        0  stm32f0xx_hal_msp.o(i.HAL_I2C_MspInit)
    i.HAL_IncTick                            0x080011c4   Section        0  stm32f0xx_hal.o(i.HAL_IncTick)
    i.HAL_Init                               0x080011d4   Section        0  stm32f0xx_hal.o(i.HAL_Init)
    i.HAL_InitTick                           0x080011f4   Section        0  stm32f0xx_hal.o(i.HAL_InitTick)
    i.HAL_MspInit                            0x08001238   Section        0  stm32f0xx_hal_msp.o(i.HAL_MspInit)
    i.HAL_NVIC_EnableIRQ                     0x08001260   Section        0  stm32f0xx_hal_cortex.o(i.HAL_NVIC_EnableIRQ)
    i.HAL_NVIC_SetPriority                   0x08001278   Section        0  stm32f0xx_hal_cortex.o(i.HAL_NVIC_SetPriority)
    i.HAL_RCCEx_PeriphCLKConfig              0x08001280   Section        0  stm32f0xx_hal_rcc_ex.o(i.HAL_RCCEx_PeriphCLKConfig)
    i.HAL_RCC_ClockConfig                    0x08001368   Section        0  stm32f0xx_hal_rcc.o(i.HAL_RCC_ClockConfig)
    i.HAL_RCC_GetPCLK1Freq                   0x08001470   Section        0  stm32f0xx_hal_rcc.o(i.HAL_RCC_GetPCLK1Freq)
    i.HAL_RCC_GetSysClockFreq                0x08001490   Section        0  stm32f0xx_hal_rcc.o(i.HAL_RCC_GetSysClockFreq)
    i.HAL_RCC_OscConfig                      0x08001510   Section        0  stm32f0xx_hal_rcc.o(i.HAL_RCC_OscConfig)
    i.HAL_SYSTICK_Config                     0x08001898   Section        0  stm32f0xx_hal_cortex.o(i.HAL_SYSTICK_Config)
    i.HAL_TIMEx_BreakCallback                0x080018c8   Section        0  stm32f0xx_hal_tim_ex.o(i.HAL_TIMEx_BreakCallback)
    i.HAL_TIMEx_CommutCallback               0x080018ca   Section        0  stm32f0xx_hal_tim_ex.o(i.HAL_TIMEx_CommutCallback)
    i.HAL_TIM_Base_Init                      0x080018cc   Section        0  stm32f0xx_hal_tim.o(i.HAL_TIM_Base_Init)
    i.HAL_TIM_Base_MspInit                   0x08001900   Section        0  stm32f0xx_hal_msp.o(i.HAL_TIM_Base_MspInit)
    i.HAL_TIM_Base_Start_IT                  0x08001934   Section        0  stm32f0xx_hal_tim.o(i.HAL_TIM_Base_Start_IT)
    i.HAL_TIM_IC_CaptureCallback             0x08001954   Section        0  stm32f0xx_hal_tim.o(i.HAL_TIM_IC_CaptureCallback)
    i.HAL_TIM_IRQHandler                     0x08001956   Section        0  stm32f0xx_hal_tim.o(i.HAL_TIM_IRQHandler)
    i.HAL_TIM_OC_DelayElapsedCallback        0x08001ab8   Section        0  stm32f0xx_hal_tim.o(i.HAL_TIM_OC_DelayElapsedCallback)
    i.HAL_TIM_PWM_PulseFinishedCallback      0x08001aba   Section        0  stm32f0xx_hal_tim.o(i.HAL_TIM_PWM_PulseFinishedCallback)
    i.HAL_TIM_PeriodElapsedCallback          0x08001abc   Section        0  mytimer.o(i.HAL_TIM_PeriodElapsedCallback)
    i.HAL_TIM_TriggerCallback                0x08001b34   Section        0  stm32f0xx_hal_tim.o(i.HAL_TIM_TriggerCallback)
    i.HAL_UART_ErrorCallback                 0x08001b36   Section        0  stm32f0xx_hal_uart.o(i.HAL_UART_ErrorCallback)
    i.HAL_UART_IRQHandler                    0x08001b38   Section        0  stm32f0xx_hal_uart.o(i.HAL_UART_IRQHandler)
    i.HAL_UART_Init                          0x08001c80   Section        0  stm32f0xx_hal_uart.o(i.HAL_UART_Init)
    i.HAL_UART_MspInit                       0x08001cec   Section        0  stm32f0xx_hal_msp.o(i.HAL_UART_MspInit)
    i.HAL_UART_Receive_IT                    0x08001d5c   Section        0  stm32f0xx_hal_uart.o(i.HAL_UART_Receive_IT)
    i.HAL_UART_RxCpltCallback                0x08001e08   Section        0  serialcommunication.o(i.HAL_UART_RxCpltCallback)
    i.HAL_UART_Transmit_IT                   0x08001e6c   Section        0  stm32f0xx_hal_uart.o(i.HAL_UART_Transmit_IT)
    i.HAL_UART_TxCpltCallback                0x08001ee4   Section        0  serialcommunication.o(i.HAL_UART_TxCpltCallback)
    i.HAL_WWDG_Init                          0x08001f00   Section        0  stm32f0xx_hal_wwdg.o(i.HAL_WWDG_Init)
    i.HAL_WWDG_MspInit                       0x08001f2c   Section        0  stm32f0xx_hal_msp.o(i.HAL_WWDG_MspInit)
    i.HAL_WWDG_Refresh                       0x08001f50   Section        0  stm32f0xx_hal_wwdg.o(i.HAL_WWDG_Refresh)
    i.HardFault_Handler                      0x08001f5a   Section        0  stm32f0xx_it.o(i.HardFault_Handler)
    i.I2C_Flush_TXDR                         0x08001f5c   Section        0  stm32f0xx_hal_i2c.o(i.I2C_Flush_TXDR)
    I2C_Flush_TXDR                           0x08001f5d   Thumb Code    34  stm32f0xx_hal_i2c.o(i.I2C_Flush_TXDR)
    i.I2C_IsAcknowledgeFailed                0x08001f80   Section        0  stm32f0xx_hal_i2c.o(i.I2C_IsAcknowledgeFailed)
    I2C_IsAcknowledgeFailed                  0x08001f81   Thumb Code   108  stm32f0xx_hal_i2c.o(i.I2C_IsAcknowledgeFailed)
    i.I2C_RequestMemoryRead                  0x08001ff0   Section        0  stm32f0xx_hal_i2c.o(i.I2C_RequestMemoryRead)
    I2C_RequestMemoryRead                    0x08001ff1   Thumb Code    92  stm32f0xx_hal_i2c.o(i.I2C_RequestMemoryRead)
    i.I2C_RequestMemoryWrite                 0x08002050   Section        0  stm32f0xx_hal_i2c.o(i.I2C_RequestMemoryWrite)
    I2C_RequestMemoryWrite                   0x08002051   Thumb Code    92  stm32f0xx_hal_i2c.o(i.I2C_RequestMemoryWrite)
    i.I2C_TransferConfig                     0x080020b0   Section        0  stm32f0xx_hal_i2c.o(i.I2C_TransferConfig)
    I2C_TransferConfig                       0x080020b1   Thumb Code    34  stm32f0xx_hal_i2c.o(i.I2C_TransferConfig)
    i.I2C_WaitOnFlagUntilTimeout             0x080020d8   Section        0  stm32f0xx_hal_i2c.o(i.I2C_WaitOnFlagUntilTimeout)
    I2C_WaitOnFlagUntilTimeout               0x080020d9   Thumb Code    78  stm32f0xx_hal_i2c.o(i.I2C_WaitOnFlagUntilTimeout)
    i.I2C_WaitOnSTOPFlagUntilTimeout         0x08002126   Section        0  stm32f0xx_hal_i2c.o(i.I2C_WaitOnSTOPFlagUntilTimeout)
    I2C_WaitOnSTOPFlagUntilTimeout           0x08002127   Thumb Code    76  stm32f0xx_hal_i2c.o(i.I2C_WaitOnSTOPFlagUntilTimeout)
    i.I2C_WaitOnTXISFlagUntilTimeout         0x08002172   Section        0  stm32f0xx_hal_i2c.o(i.I2C_WaitOnTXISFlagUntilTimeout)
    I2C_WaitOnTXISFlagUntilTimeout           0x08002173   Thumb Code    80  stm32f0xx_hal_i2c.o(i.I2C_WaitOnTXISFlagUntilTimeout)
    i.InitMyTimer                            0x080021c4   Section        0  mytimer.o(i.InitMyTimer)
    i.InternalFlashPageWrite                 0x080021e8   Section        0  my_stm32f030_internal_flash.o(i.InternalFlashPageWrite)
    i.InternalFlashSettings                  0x08002258   Section        0  internalflashmmu.o(i.InternalFlashSettings)
    i.MX_GPIO_Init                           0x080022a0   Section        0  main.o(i.MX_GPIO_Init)
    MX_GPIO_Init                             0x080022a1   Thumb Code   128  main.o(i.MX_GPIO_Init)
    i.MX_I2C1_Init                           0x0800232c   Section        0  main.o(i.MX_I2C1_Init)
    MX_I2C1_Init                             0x0800232d   Thumb Code    52  main.o(i.MX_I2C1_Init)
    i.MX_USART1_UART_Init                    0x0800236c   Section        0  main.o(i.MX_USART1_UART_Init)
    MX_USART1_UART_Init                      0x0800236d   Thumb Code    44  main.o(i.MX_USART1_UART_Init)
    i.MyDelayMS                              0x080023a0   Section        0  mydelay.o(i.MyDelayMS)
    i.NMI_Handler                            0x080023bc   Section        0  stm32f0xx_it.o(i.NMI_Handler)
    i.PendSV_Handler                         0x080023be   Section        0  stm32f0xx_it.o(i.PendSV_Handler)
    i.ReadADC                                0x080023c0   Section        0  mcp3424.o(i.ReadADC)
    i.ReadInternalFlash                      0x0800246c   Section        0  my_stm32f030_internal_flash.o(i.ReadInternalFlash)
    i.ReadTemperature                        0x080024a0   Section        0  myanalog.o(i.ReadTemperature)
    i.ResetFactorySettingForInternalFlash    0x08002648   Section        0  internalflashmmu.o(i.ResetFactorySettingForInternalFlash)
    i.SVC_Handler                            0x08002678   Section        0  stm32f0xx_it.o(i.SVC_Handler)
    i.SearchString                           0x0800267a   Section        0  myfunc.o(i.SearchString)
    i.SendString                             0x080026b4   Section        0  serialcommunication.o(i.SendString)
    i.SysTick_Handler                        0x080026cc   Section        0  stm32f0xx_it.o(i.SysTick_Handler)
    i.SystemClock_Config                     0x080026d4   Section        0  main.o(i.SystemClock_Config)
    i.SystemInit                             0x08002736   Section        0  system_stm32f0xx.o(i.SystemInit)
    i.TIM14_IRQHandler                       0x08002738   Section        0  stm32f0xx_it.o(i.TIM14_IRQHandler)
    i.TIM_Base_SetConfig                     0x08002748   Section        0  stm32f0xx_hal_tim.o(i.TIM_Base_SetConfig)
    i.UART_AdvFeatureConfig                  0x080027c0   Section        0  stm32f0xx_hal_uart.o(i.UART_AdvFeatureConfig)
    i.UART_CheckIdleState                    0x0800288c   Section        0  stm32f0xx_hal_uart.o(i.UART_CheckIdleState)
    i.UART_DMAAbortOnError                   0x080028ec   Section        0  stm32f0xx_hal_uart.o(i.UART_DMAAbortOnError)
    UART_DMAAbortOnError                     0x080028ed   Thumb Code    20  stm32f0xx_hal_uart.o(i.UART_DMAAbortOnError)
    i.UART_EndRxTransfer                     0x08002900   Section        0  stm32f0xx_hal_uart.o(i.UART_EndRxTransfer)
    UART_EndRxTransfer                       0x08002901   Thumb Code    32  stm32f0xx_hal_uart.o(i.UART_EndRxTransfer)
    i.UART_RxISR_16BIT                       0x08002920   Section        0  stm32f0xx_hal_uart.o(i.UART_RxISR_16BIT)
    UART_RxISR_16BIT                         0x08002921   Thumb Code    88  stm32f0xx_hal_uart.o(i.UART_RxISR_16BIT)
    i.UART_RxISR_8BIT                        0x08002978   Section        0  stm32f0xx_hal_uart.o(i.UART_RxISR_8BIT)
    UART_RxISR_8BIT                          0x08002979   Thumb Code    88  stm32f0xx_hal_uart.o(i.UART_RxISR_8BIT)
    i.UART_SetConfig                         0x080029d0   Section        0  stm32f0xx_hal_uart.o(i.UART_SetConfig)
    i.UART_TxISR_16BIT                       0x08002b00   Section        0  stm32f0xx_hal_uart.o(i.UART_TxISR_16BIT)
    UART_TxISR_16BIT                         0x08002b01   Thumb Code    64  stm32f0xx_hal_uart.o(i.UART_TxISR_16BIT)
    i.UART_TxISR_8BIT                        0x08002b40   Section        0  stm32f0xx_hal_uart.o(i.UART_TxISR_8BIT)
    UART_TxISR_8BIT                          0x08002b41   Thumb Code    60  stm32f0xx_hal_uart.o(i.UART_TxISR_8BIT)
    i.UART_WaitOnFlagUntilTimeout            0x08002b7c   Section        0  stm32f0xx_hal_uart.o(i.UART_WaitOnFlagUntilTimeout)
    i.USART1_IRQHandler                      0x08002c18   Section        0  stm32f0xx_it.o(i.USART1_IRQHandler)
    i.__0sprintf$1                           0x08002c28   Section        0  printf1.o(i.__0sprintf$1)
    i.__ARM_clz                              0x08002c50   Section        0  depilogue.o(i.__ARM_clz)
    i.__ARM_common_ll_muluu                  0x08002c7e   Section        0  stm32f0xx_hal_rcc.o(i.__ARM_common_ll_muluu)
    i.__NVIC_SetPriority                     0x08002cb0   Section        0  stm32f0xx_hal_cortex.o(i.__NVIC_SetPriority)
    __NVIC_SetPriority                       0x08002cb1   Thumb Code    60  stm32f0xx_hal_cortex.o(i.__NVIC_SetPriority)
    i.__scatterload_copy                     0x08002cf4   Section       14  handlers.o(i.__scatterload_copy)
    i.__scatterload_null                     0x08002d02   Section        2  handlers.o(i.__scatterload_null)
    i.__scatterload_zeroinit                 0x08002d04   Section       14  handlers.o(i.__scatterload_zeroinit)
    i._printf_core                           0x08002d14   Section        0  printf1.o(i._printf_core)
    _printf_core                             0x08002d15   Thumb Code   332  printf1.o(i._printf_core)
    i._sputc                                 0x08002e64   Section        0  printf1.o(i._sputc)
    _sputc                                   0x08002e65   Thumb Code    10  printf1.o(i._sputc)
    i.main                                   0x08002e70   Section        0  main.o(i.main)
    .constdata                               0x08002f0c   Section       16  system_stm32f0xx.o(.constdata)
    .constdata                               0x08002f1c   Section        8  system_stm32f0xx.o(.constdata)
    .data                                    0x20000000   Section        8  projectvariable.o(.data)
    .data                                    0x20000008   Section        2  projectvariable.o(.data)
    .data                                    0x20000010   Section        8  projectvariable.o(.data)
    .data                                    0x20000018   Section        8  projectvariable.o(.data)
    .data                                    0x20000020   Section        2  projectvariable.o(.data)
    .data                                    0x20000024   Section        4  projectvariable.o(.data)
    .data                                    0x20000028   Section        4  pc_communication.o(.data)
    .data                                    0x2000002c   Section        3  serialcommunication.o(.data)
    RxCounter                                0x2000002c   Data           1  serialcommunication.o(.data)
    .data                                    0x20000030   Section       32  myanalog.o(.data)
    median_count                             0x20000030   Data           1  myanalog.o(.data)
    average_count                            0x20000031   Data           1  myanalog.o(.data)
    error_counter                            0x20000032   Data           1  myanalog.o(.data)
    .data                                    0x20000050   Section       12  stm32f0xx_hal.o(.data)
    .data                                    0x2000005c   Section        4  system_stm32f0xx.o(.data)
    .bss                                     0x20000060   Section     1024  my_stm32f030_internal_flash.o(.bss)
    .bss                                     0x20000460   Section       16  mytimer.o(.bss)
    .bss                                     0x20000470   Section      100  projectvariable.o(.bss)
    .bss                                     0x200004d4   Section       50  serialcommunication.o(.bss)
    .bss                                     0x20000508   Section       20  myanalog.o(.bss)
    .bss                                     0x2000051c   Section      288  main.o(.bss)
    .bss                                     0x20000640   Section       32  stm32f0xx_hal_flash.o(.bss)
    STACK                                    0x20000660   Section     1024  startup_stm32f030x6.o(STACK)

    Global Symbols

    Symbol Name                              Value     Ov Type        Size  Object(Section)

    BuildAttributes$$THM_ISAv3M$S$PE$A:L22$X:L11$S22$IEEE1$IW$USESV6$~STKCKD$USESV7$~SHL$OTIME$ROPI$EBA8$MICROLIB$REQ8$PRES8$EABIv2 0x00000000   Number         0  anon$$obj.o ABSOLUTE
    __ARM_use_no_argv                        0x00000000   Number         0  main.o ABSOLUTE
    _printf_a                                0x00000000   Number         0  stubs.o ABSOLUTE
    _printf_c                                0x00000000   Number         0  stubs.o ABSOLUTE
    _printf_charcount                        0x00000000   Number         0  stubs.o ABSOLUTE
    _printf_d                                0x00000000   Number         0  stubs.o ABSOLUTE
    _printf_e                                0x00000000   Number         0  stubs.o ABSOLUTE
    _printf_f                                0x00000000   Number         0  stubs.o ABSOLUTE
    _printf_flags                            0x00000000   Number         0  stubs.o ABSOLUTE
    _printf_fp_dec                           0x00000000   Number         0  stubs.o ABSOLUTE
    _printf_fp_hex                           0x00000000   Number         0  stubs.o ABSOLUTE
    _printf_g                                0x00000000   Number         0  stubs.o ABSOLUTE
    _printf_i                                0x00000000   Number         0  stubs.o ABSOLUTE
    _printf_int_dec                          0x00000000   Number         0  stubs.o ABSOLUTE
    _printf_l                                0x00000000   Number         0  stubs.o ABSOLUTE
    _printf_lc                               0x00000000   Number         0  stubs.o ABSOLUTE
    _printf_ll                               0x00000000   Number         0  stubs.o ABSOLUTE
    _printf_lld                              0x00000000   Number         0  stubs.o ABSOLUTE
    _printf_lli                              0x00000000   Number         0  stubs.o ABSOLUTE
    _printf_llo                              0x00000000   Number         0  stubs.o ABSOLUTE
    _printf_llu                              0x00000000   Number         0  stubs.o ABSOLUTE
    _printf_llx                              0x00000000   Number         0  stubs.o ABSOLUTE
    _printf_longlong_dec                     0x00000000   Number         0  stubs.o ABSOLUTE
    _printf_longlong_hex                     0x00000000   Number         0  stubs.o ABSOLUTE
    _printf_longlong_oct                     0x00000000   Number         0  stubs.o ABSOLUTE
    _printf_ls                               0x00000000   Number         0  stubs.o ABSOLUTE
    _printf_mbtowc                           0x00000000   Number         0  stubs.o ABSOLUTE
    _printf_n                                0x00000000   Number         0  stubs.o ABSOLUTE
    _printf_o                                0x00000000   Number         0  stubs.o ABSOLUTE
    _printf_p                                0x00000000   Number         0  stubs.o ABSOLUTE
    _printf_percent                          0x00000000   Number         0  stubs.o ABSOLUTE
    _printf_pre_padding                      0x00000000   Number         0  stubs.o ABSOLUTE
    _printf_return_value                     0x00000000   Number         0  stubs.o ABSOLUTE
    _printf_s                                0x00000000   Number         0  stubs.o ABSOLUTE
    _printf_sizespec                         0x00000000   Number         0  stubs.o ABSOLUTE
    _printf_str                              0x00000000   Number         0  stubs.o ABSOLUTE
    _printf_truncate_signed                  0x00000000   Number         0  stubs.o ABSOLUTE
    _printf_truncate_unsigned                0x00000000   Number         0  stubs.o ABSOLUTE
    _printf_u                                0x00000000   Number         0  stubs.o ABSOLUTE
    _printf_wc                               0x00000000   Number         0  stubs.o ABSOLUTE
    _printf_wctomb                           0x00000000   Number         0  stubs.o ABSOLUTE
    _printf_widthprec                        0x00000000   Number         0  stubs.o ABSOLUTE
    _printf_x                                0x00000000   Number         0  stubs.o ABSOLUTE
    __arm_fini_                               - Undefined Weak Reference
    __cpp_initialize__aeabi_                  - Undefined Weak Reference
    __cxa_finalize                            - Undefined Weak Reference
    __decompress                              - Undefined Weak Reference
    _clock_init                               - Undefined Weak Reference
    _microlib_exit                            - Undefined Weak Reference
    __Vectors_Size                           0x000000b0   Number         0  startup_stm32f030x6.o ABSOLUTE
    __Vectors                                0x08000000   Data           4  startup_stm32f030x6.o(RESET)
    __Vectors_End                            0x080000b0   Data           0  startup_stm32f030x6.o(RESET)
    __main                                   0x080000b1   Thumb Code     0  entry.o(.ARM.Collect$$$$00000000)
    _main_stk                                0x080000b1   Thumb Code     0  entry2.o(.ARM.Collect$$$$00000001)
    _main_scatterload                        0x080000b5   Thumb Code     0  entry5.o(.ARM.Collect$$$$00000004)
    __main_after_scatterload                 0x080000b9   Thumb Code     0  entry5.o(.ARM.Collect$$$$00000004)
    _main_clock                              0x080000b9   Thumb Code     0  entry7b.o(.ARM.Collect$$$$00000008)
    _main_cpp_init                           0x080000b9   Thumb Code     0  entry8b.o(.ARM.Collect$$$$0000000A)
    _main_init                               0x080000b9   Thumb Code     0  entry9a.o(.ARM.Collect$$$$0000000B)
    __rt_lib_shutdown_fini                   0x080000c1   Thumb Code     0  entry12b.o(.ARM.Collect$$$$0000000E)
    __rt_final_cpp                           0x080000c5   Thumb Code     0  entry10a.o(.ARM.Collect$$$$0000000F)
    __rt_final_exit                          0x080000c5   Thumb Code     0  entry11a.o(.ARM.Collect$$$$00000011)
    Reset_Handler                            0x080000c9   Thumb Code     8  startup_stm32f030x6.o(.text)
    ADC1_IRQHandler                          0x080000db   Thumb Code     0  startup_stm32f030x6.o(.text)
    DMA1_Channel1_IRQHandler                 0x080000db   Thumb Code     0  startup_stm32f030x6.o(.text)
    DMA1_Channel2_3_IRQHandler               0x080000db   Thumb Code     0  startup_stm32f030x6.o(.text)
    DMA1_Channel4_5_IRQHandler               0x080000db   Thumb Code     0  startup_stm32f030x6.o(.text)
    EXTI2_3_IRQHandler                       0x080000db   Thumb Code     0  startup_stm32f030x6.o(.text)
    EXTI4_15_IRQHandler                      0x080000db   Thumb Code     0  startup_stm32f030x6.o(.text)
    FLASH_IRQHandler                         0x080000db   Thumb Code     0  startup_stm32f030x6.o(.text)
    I2C1_IRQHandler                          0x080000db   Thumb Code     0  startup_stm32f030x6.o(.text)
    RCC_IRQHandler                           0x080000db   Thumb Code     0  startup_stm32f030x6.o(.text)
    RTC_IRQHandler                           0x080000db   Thumb Code     0  startup_stm32f030x6.o(.text)
    SPI1_IRQHandler                          0x080000db   Thumb Code     0  startup_stm32f030x6.o(.text)
    TIM16_IRQHandler                         0x080000db   Thumb Code     0  startup_stm32f030x6.o(.text)
    TIM17_IRQHandler                         0x080000db   Thumb Code     0  startup_stm32f030x6.o(.text)
    TIM1_BRK_UP_TRG_COM_IRQHandler           0x080000db   Thumb Code     0  startup_stm32f030x6.o(.text)
    TIM1_CC_IRQHandler                       0x080000db   Thumb Code     0  startup_stm32f030x6.o(.text)
    TIM3_IRQHandler                          0x080000db   Thumb Code     0  startup_stm32f030x6.o(.text)
    WWDG_IRQHandler                          0x080000db   Thumb Code     0  startup_stm32f030x6.o(.text)
    __aeabi_uidiv                            0x080000e5   Thumb Code     0  uidiv.o(.text)
    __aeabi_uidivmod                         0x080000e5   Thumb Code    44  uidiv.o(.text)
    __aeabi_uldivmod                         0x08000111   Thumb Code    96  uldiv.o(.text)
    __aeabi_llsr                             0x08000171   Thumb Code    34  llushr.o(.text)
    _ll_ushift_r                             0x08000171   Thumb Code     0  llushr.o(.text)
    __aeabi_memset                           0x08000193   Thumb Code    14  memseta.o(.text)
    __aeabi_memset4                          0x08000193   Thumb Code     0  memseta.o(.text)
    __aeabi_memset8                          0x08000193   Thumb Code     0  memseta.o(.text)
    __aeabi_memclr                           0x080001a1   Thumb Code     4  memseta.o(.text)
    __aeabi_memclr4                          0x080001a1   Thumb Code     0  memseta.o(.text)
    __aeabi_memclr8                          0x080001a1   Thumb Code     0  memseta.o(.text)
    _memset$wrapper                          0x080001a5   Thumb Code    18  memseta.o(.text)
    strlen                                   0x080001b7   Thumb Code    14  strlen.o(.text)
    __aeabi_dadd                             0x080001c5   Thumb Code   330  dadd.o(.text)
    __aeabi_dsub                             0x0800030f   Thumb Code    12  dadd.o(.text)
    __aeabi_drsub                            0x0800031b   Thumb Code    12  dadd.o(.text)
    __aeabi_dmul                             0x0800032d   Thumb Code   202  dmul.o(.text)
    __aeabi_ddiv                             0x080003fd   Thumb Code   234  ddiv.o(.text)
    __aeabi_ui2f                             0x080004ed   Thumb Code    14  ffltui.o(.text)
    __aeabi_ul2f                             0x080004fb   Thumb Code    28  ffltul.o(.text)
    __aeabi_f2uiz                            0x08000517   Thumb Code    40  ffixui.o(.text)
    __aeabi_f2d                              0x0800053f   Thumb Code    40  f2d.o(.text)
    __aeabi_d2f                              0x08000567   Thumb Code    56  d2f.o(.text)
    __aeabi_llsl                             0x0800059f   Thumb Code    32  llshl.o(.text)
    _ll_shift_l                              0x0800059f   Thumb Code     0  llshl.o(.text)
    __aeabi_lasr                             0x080005bf   Thumb Code    38  llsshr.o(.text)
    _ll_sshift_r                             0x080005bf   Thumb Code     0  llsshr.o(.text)
    __I$use$fp                               0x080005e5   Thumb Code     0  iusefp.o(.text)
    _float_round                             0x080005e5   Thumb Code    16  fepilogue.o(.text)
    _float_epilogue                          0x080005f5   Thumb Code   114  fepilogue.o(.text)
    _double_round                            0x08000667   Thumb Code    26  depilogue.o(.text)
    _double_epilogue                         0x08000681   Thumb Code   164  depilogue.o(.text)
    __scatterload                            0x08000725   Thumb Code    28  init.o(.text)
    __scatterload_rt2                        0x08000725   Thumb Code     0  init.o(.text)
    CheckCommand                             0x08000749   Thumb Code    88  pc_communication.o(i.CheckCommand)
    EXTI0_1_IRQHandler                       0x080007e5   Thumb Code    10  stm32f0xx_it.o(i.EXTI0_1_IRQHandler)
    FLASH_PageErase                          0x08000815   Thumb Code    28  stm32f0xx_hal_flash_ex.o(i.FLASH_PageErase)
    FLASH_WaitForLastOperation               0x08000891   Thumb Code    76  stm32f0xx_hal_flash.o(i.FLASH_WaitForLastOperation)
    HAL_DMA_Abort_IT                         0x080008e1   Thumb Code    72  stm32f0xx_hal_dma.o(i.HAL_DMA_Abort_IT)
    HAL_Delay                                0x08000929   Thumb Code    32  stm32f0xx_hal.o(i.HAL_Delay)
    HAL_FLASHEx_Erase                        0x0800094d   Thumb Code   148  stm32f0xx_hal_flash_ex.o(i.HAL_FLASHEx_Erase)
    HAL_FLASH_Lock                           0x080009ed   Thumb Code    14  stm32f0xx_hal_flash.o(i.HAL_FLASH_Lock)
    HAL_FLASH_OB_Lock                        0x08000a01   Thumb Code    14  stm32f0xx_hal_flash.o(i.HAL_FLASH_OB_Lock)
    HAL_FLASH_OB_Unlock                      0x08000a15   Thumb Code    24  stm32f0xx_hal_flash.o(i.HAL_FLASH_OB_Unlock)
    HAL_FLASH_Program                        0x08000a39   Thumb Code   110  stm32f0xx_hal_flash.o(i.HAL_FLASH_Program)
    HAL_FLASH_Unlock                         0x08000ab5   Thumb Code    28  stm32f0xx_hal_flash.o(i.HAL_FLASH_Unlock)
    HAL_GPIO_EXTI_Callback                   0x08000add   Thumb Code   240  main.o(i.HAL_GPIO_EXTI_Callback)
    HAL_GPIO_EXTI_IRQHandler                 0x08000bd9   Thumb Code    18  stm32f0xx_hal_gpio.o(i.HAL_GPIO_EXTI_IRQHandler)
    HAL_GPIO_Init                            0x08000bf1   Thumb Code   344  stm32f0xx_hal_gpio.o(i.HAL_GPIO_Init)
    HAL_GPIO_WritePin                        0x08000d61   Thumb Code    12  stm32f0xx_hal_gpio.o(i.HAL_GPIO_WritePin)
    HAL_GetTick                              0x08000d6d   Thumb Code     6  stm32f0xx_hal.o(i.HAL_GetTick)
    HAL_I2CEx_ConfigAnalogFilter             0x08000d79   Thumb Code    74  stm32f0xx_hal_i2c_ex.o(i.HAL_I2CEx_ConfigAnalogFilter)
    HAL_I2CEx_ConfigDigitalFilter            0x08000dc3   Thumb Code    72  stm32f0xx_hal_i2c_ex.o(i.HAL_I2CEx_ConfigDigitalFilter)
    HAL_I2C_Init                             0x08000e0d   Thumb Code   176  stm32f0xx_hal_i2c.o(i.HAL_I2C_Init)
    HAL_I2C_Mem_Read                         0x08000ec1   Thumb Code   332  stm32f0xx_hal_i2c.o(i.HAL_I2C_Mem_Read)
    HAL_I2C_Mem_Write                        0x08001015   Thumb Code   326  stm32f0xx_hal_i2c.o(i.HAL_I2C_Mem_Write)
    HAL_I2C_MspInit                          0x08001161   Thumb Code    92  stm32f0xx_hal_msp.o(i.HAL_I2C_MspInit)
    HAL_IncTick                              0x080011c5   Thumb Code    12  stm32f0xx_hal.o(i.HAL_IncTick)
    HAL_Init                                 0x080011d5   Thumb Code    26  stm32f0xx_hal.o(i.HAL_Init)
    HAL_InitTick                             0x080011f5   Thumb Code    58  stm32f0xx_hal.o(i.HAL_InitTick)
    HAL_MspInit                              0x08001239   Thumb Code    34  stm32f0xx_hal_msp.o(i.HAL_MspInit)
    HAL_NVIC_EnableIRQ                       0x08001261   Thumb Code    18  stm32f0xx_hal_cortex.o(i.HAL_NVIC_EnableIRQ)
    HAL_NVIC_SetPriority                     0x08001279   Thumb Code     8  stm32f0xx_hal_cortex.o(i.HAL_NVIC_SetPriority)
    HAL_RCCEx_PeriphCLKConfig                0x08001281   Thumb Code   218  stm32f0xx_hal_rcc_ex.o(i.HAL_RCCEx_PeriphCLKConfig)
    HAL_RCC_ClockConfig                      0x08001369   Thumb Code   242  stm32f0xx_hal_rcc.o(i.HAL_RCC_ClockConfig)
    HAL_RCC_GetPCLK1Freq                     0x08001471   Thumb Code    20  stm32f0xx_hal_rcc.o(i.HAL_RCC_GetPCLK1Freq)
    HAL_RCC_GetSysClockFreq                  0x08001491   Thumb Code    84  stm32f0xx_hal_rcc.o(i.HAL_RCC_GetSysClockFreq)
    HAL_RCC_OscConfig                        0x08001511   Thumb Code   890  stm32f0xx_hal_rcc.o(i.HAL_RCC_OscConfig)
    HAL_SYSTICK_Config                       0x08001899   Thumb Code    38  stm32f0xx_hal_cortex.o(i.HAL_SYSTICK_Config)
    HAL_TIMEx_BreakCallback                  0x080018c9   Thumb Code     2  stm32f0xx_hal_tim_ex.o(i.HAL_TIMEx_BreakCallback)
    HAL_TIMEx_CommutCallback                 0x080018cb   Thumb Code     2  stm32f0xx_hal_tim_ex.o(i.HAL_TIMEx_CommutCallback)
    HAL_TIM_Base_Init                        0x080018cd   Thumb Code    52  stm32f0xx_hal_tim.o(i.HAL_TIM_Base_Init)
    HAL_TIM_Base_MspInit                     0x08001901   Thumb Code    44  stm32f0xx_hal_msp.o(i.HAL_TIM_Base_MspInit)
    HAL_TIM_Base_Start_IT                    0x08001935   Thumb Code    32  stm32f0xx_hal_tim.o(i.HAL_TIM_Base_Start_IT)
    HAL_TIM_IC_CaptureCallback               0x08001955   Thumb Code     2  stm32f0xx_hal_tim.o(i.HAL_TIM_IC_CaptureCallback)
    HAL_TIM_IRQHandler                       0x08001957   Thumb Code   354  stm32f0xx_hal_tim.o(i.HAL_TIM_IRQHandler)
    HAL_TIM_OC_DelayElapsedCallback          0x08001ab9   Thumb Code     2  stm32f0xx_hal_tim.o(i.HAL_TIM_OC_DelayElapsedCallback)
    HAL_TIM_PWM_PulseFinishedCallback        0x08001abb   Thumb Code     2  stm32f0xx_hal_tim.o(i.HAL_TIM_PWM_PulseFinishedCallback)
    HAL_TIM_PeriodElapsedCallback            0x08001abd   Thumb Code    92  mytimer.o(i.HAL_TIM_PeriodElapsedCallback)
    HAL_TIM_TriggerCallback                  0x08001b35   Thumb Code     2  stm32f0xx_hal_tim.o(i.HAL_TIM_TriggerCallback)
    HAL_UART_ErrorCallback                   0x08001b37   Thumb Code     2  stm32f0xx_hal_uart.o(i.HAL_UART_ErrorCallback)
    HAL_UART_IRQHandler                      0x08001b39   Thumb Code   320  stm32f0xx_hal_uart.o(i.HAL_UART_IRQHandler)
    HAL_UART_Init                            0x08001c81   Thumb Code   106  stm32f0xx_hal_uart.o(i.HAL_UART_Init)
    HAL_UART_MspInit                         0x08001ced   Thumb Code   104  stm32f0xx_hal_msp.o(i.HAL_UART_MspInit)
    HAL_UART_Receive_IT                      0x08001d5d   Thumb Code   160  stm32f0xx_hal_uart.o(i.HAL_UART_Receive_IT)
    HAL_UART_RxCpltCallback                  0x08001e09   Thumb Code    88  serialcommunication.o(i.HAL_UART_RxCpltCallback)
    HAL_UART_Transmit_IT                     0x08001e6d   Thumb Code   110  stm32f0xx_hal_uart.o(i.HAL_UART_Transmit_IT)
    HAL_UART_TxCpltCallback                  0x08001ee5   Thumb Code    18  serialcommunication.o(i.HAL_UART_TxCpltCallback)
    HAL_WWDG_Init                            0x08001f01   Thumb Code    42  stm32f0xx_hal_wwdg.o(i.HAL_WWDG_Init)
    HAL_WWDG_MspInit                         0x08001f2d   Thumb Code    28  stm32f0xx_hal_msp.o(i.HAL_WWDG_MspInit)
    HAL_WWDG_Refresh                         0x08001f51   Thumb Code    10  stm32f0xx_hal_wwdg.o(i.HAL_WWDG_Refresh)
    HardFault_Handler                        0x08001f5b   Thumb Code     2  stm32f0xx_it.o(i.HardFault_Handler)
    InitMyTimer                              0x080021c5   Thumb Code    26  mytimer.o(i.InitMyTimer)
    InternalFlashPageWrite                   0x080021e9   Thumb Code   108  my_stm32f030_internal_flash.o(i.InternalFlashPageWrite)
    InternalFlashSettings                    0x08002259   Thumb Code    56  internalflashmmu.o(i.InternalFlashSettings)
    MyDelayMS                                0x080023a1   Thumb Code    24  mydelay.o(i.MyDelayMS)
    NMI_Handler                              0x080023bd   Thumb Code     2  stm32f0xx_it.o(i.NMI_Handler)
    PendSV_Handler                           0x080023bf   Thumb Code     2  stm32f0xx_it.o(i.PendSV_Handler)
    ReadADC                                  0x080023c1   Thumb Code   162  mcp3424.o(i.ReadADC)
    ReadInternalFlash                        0x0800246d   Thumb Code    46  my_stm32f030_internal_flash.o(i.ReadInternalFlash)
    ReadTemperature                          0x080024a1   Thumb Code   368  myanalog.o(i.ReadTemperature)
    ResetFactorySettingForInternalFlash      0x08002649   Thumb Code    34  internalflashmmu.o(i.ResetFactorySettingForInternalFlash)
    SVC_Handler                              0x08002679   Thumb Code     2  stm32f0xx_it.o(i.SVC_Handler)
    SearchString                             0x0800267b   Thumb Code    58  myfunc.o(i.SearchString)
    SendString                               0x080026b5   Thumb Code    20  serialcommunication.o(i.SendString)
    SysTick_Handler                          0x080026cd   Thumb Code     8  stm32f0xx_it.o(i.SysTick_Handler)
    SystemClock_Config                       0x080026d5   Thumb Code    98  main.o(i.SystemClock_Config)
    SystemInit                               0x08002737   Thumb Code     2  system_stm32f0xx.o(i.SystemInit)
    TIM14_IRQHandler                         0x08002739   Thumb Code    10  stm32f0xx_it.o(i.TIM14_IRQHandler)
    TIM_Base_SetConfig                       0x08002749   Thumb Code   100  stm32f0xx_hal_tim.o(i.TIM_Base_SetConfig)
    UART_AdvFeatureConfig                    0x080027c1   Thumb Code   202  stm32f0xx_hal_uart.o(i.UART_AdvFeatureConfig)
    UART_CheckIdleState                      0x0800288d   Thumb Code    90  stm32f0xx_hal_uart.o(i.UART_CheckIdleState)
    UART_SetConfig                           0x080029d1   Thumb Code   282  stm32f0xx_hal_uart.o(i.UART_SetConfig)
    UART_WaitOnFlagUntilTimeout              0x08002b7d   Thumb Code   156  stm32f0xx_hal_uart.o(i.UART_WaitOnFlagUntilTimeout)
    USART1_IRQHandler                        0x08002c19   Thumb Code    10  stm32f0xx_it.o(i.USART1_IRQHandler)
    __0sprintf$1                             0x08002c29   Thumb Code    36  printf1.o(i.__0sprintf$1)
    __1sprintf$1                             0x08002c29   Thumb Code     0  printf1.o(i.__0sprintf$1)
    __2sprintf                               0x08002c29   Thumb Code     0  printf1.o(i.__0sprintf$1)
    __ARM_clz                                0x08002c51   Thumb Code    46  depilogue.o(i.__ARM_clz)
    __ARM_common_ll_muluu                    0x08002c7f   Thumb Code    48  stm32f0xx_hal_rcc.o(i.__ARM_common_ll_muluu)
    __scatterload_copy                       0x08002cf5   Thumb Code    14  handlers.o(i.__scatterload_copy)
    __scatterload_null                       0x08002d03   Thumb Code     2  handlers.o(i.__scatterload_null)
    __scatterload_zeroinit                   0x08002d05   Thumb Code    14  handlers.o(i.__scatterload_zeroinit)
    main                                     0x08002e71   Thumb Code   130  main.o(i.main)
    AHBPrescTable                            0x08002f0c   Data          16  system_stm32f0xx.o(.constdata)
    APBPrescTable                            0x08002f1c   Data           8  system_stm32f0xx.o(.constdata)
    Region$$Table$$Base                      0x08002f24   Number         0  anon$$obj.o(Region$$Table)
    Region$$Table$$Limit                     0x08002f44   Number         0  anon$$obj.o(Region$$Table)
    u                                        0x20000000   Data           8  projectvariable.o(.data)
    FlowKvalue                               0x20000008   Data           2  projectvariable.o(.data)
    FlowIntrCounterCurrent                   0x20000010   Data           8  projectvariable.o(.data)
    FlowIntrCounterLastSent                  0x20000018   Data           8  projectvariable.o(.data)
    CurrentFlowIntrCounter                   0x20000020   Data           2  projectvariable.o(.data)
    CurrentFlow                              0x20000024   Data           4  projectvariable.o(.data)
    result                                   0x20000028   Data           4  pc_communication.o(.data)
    CommFlag                                 0x2000002d   Data           1  serialcommunication.o(.data)
    RxByte                                   0x2000002e   Data           1  serialcommunication.o(.data)
    TemperatureFilteredTemperature           0x20000034   Data           4  myanalog.o(.data)
    TemperatureADC_MeasuredVoltage           0x20000038   Data           4  myanalog.o(.data)
    TemperatureCalculatedResistance          0x2000003c   Data           4  myanalog.o(.data)
    TemperatureFilteredDval                  0x20000040   Data           8  myanalog.o(.data)
    TemperatureArrayForAverage               0x20000048   Data           8  myanalog.o(.data)
    uwTickFreq                               0x20000050   Data           1  stm32f0xx_hal.o(.data)
    uwTickPrio                               0x20000054   Data           4  stm32f0xx_hal.o(.data)
    uwTick                                   0x20000058   Data           4  stm32f0xx_hal.o(.data)
    SystemCoreClock                          0x2000005c   Data           4  system_stm32f0xx.o(.data)
    InternalFlashPageSizeBuff                0x20000060   Data        1024  my_stm32f030_internal_flash.o(.bss)
    MyClock                                  0x20000460   Data          16  mytimer.o(.bss)
    CopyBuff                                 0x20000470   Data         100  projectvariable.o(.bss)
    RxBuff                                   0x200004d4   Data          50  serialcommunication.o(.bss)
    TemperatureArrayForMedian                0x20000508   Data          20  myanalog.o(.bss)
    hi2c1                                    0x2000051c   Data          76  main.o(.bss)
    htim14                                   0x20000568   Data          64  main.o(.bss)
    huart1                                   0x200005a8   Data         128  main.o(.bss)
    hwwdg                                    0x20000628   Data          20  main.o(.bss)
    pFlash                                   0x20000640   Data          32  stm32f0xx_hal_flash.o(.bss)
    __initial_sp                             0x20000a60   Data           0  startup_stm32f030x6.o(STACK)



==============================================================================

Memory Map of the image

  Image Entry point : 0x080000b1

  Load Region LR_IROM1 (Base: 0x08000000, Size: 0x00002fa4, Max: 0x00008000, ABSOLUTE)

    Execution Region ER_IROM1 (Exec base: 0x08000000, Load base: 0x08000000, Size: 0x00002f44, Max: 0x00008000, ABSOLUTE)

    Exec Addr    Load Addr    Size         Type   Attr      Idx    E Section Name        Object

    0x08000000   0x08000000   0x000000b0   Data   RO            3    RESET               startup_stm32f030x6.o
    0x080000b0   0x080000b0   0x00000000   Code   RO         3522  * .ARM.Collect$$$$00000000  mc_p.l(entry.o)
    0x080000b0   0x080000b0   0x00000004   Code   RO         3812    .ARM.Collect$$$$00000001  mc_p.l(entry2.o)
    0x080000b4   0x080000b4   0x00000004   Code   RO         3815    .ARM.Collect$$$$00000004  mc_p.l(entry5.o)
    0x080000b8   0x080000b8   0x00000000   Code   RO         3817    .ARM.Collect$$$$00000008  mc_p.l(entry7b.o)
    0x080000b8   0x080000b8   0x00000000   Code   RO         3819    .ARM.Collect$$$$0000000A  mc_p.l(entry8b.o)
    0x080000b8   0x080000b8   0x00000008   Code   RO         3820    .ARM.Collect$$$$0000000B  mc_p.l(entry9a.o)
    0x080000c0   0x080000c0   0x00000004   Code   RO         3827    .ARM.Collect$$$$0000000E  mc_p.l(entry12b.o)
    0x080000c4   0x080000c4   0x00000000   Code   RO         3822    .ARM.Collect$$$$0000000F  mc_p.l(entry10a.o)
    0x080000c4   0x080000c4   0x00000000   Code   RO         3824    .ARM.Collect$$$$00000011  mc_p.l(entry11a.o)
    0x080000c4   0x080000c4   0x00000004   Code   RO         3813    .ARM.Collect$$$$00002712  mc_p.l(entry2.o)
    0x080000c8   0x080000c8   0x0000001c   Code   RO            4    .text               startup_stm32f030x6.o
    0x080000e4   0x080000e4   0x0000002c   Code   RO         3525    .text               mc_p.l(uidiv.o)
    0x08000110   0x08000110   0x00000060   Code   RO         3527    .text               mc_p.l(uldiv.o)
    0x08000170   0x08000170   0x00000022   Code   RO         3529    .text               mc_p.l(llushr.o)
    0x08000192   0x08000192   0x00000024   Code   RO         3531    .text               mc_p.l(memseta.o)
    0x080001b6   0x080001b6   0x0000000e   Code   RO         3533    .text               mc_p.l(strlen.o)
    0x080001c4   0x080001c4   0x00000168   Code   RO         3796    .text               mf_p.l(dadd.o)
    0x0800032c   0x0800032c   0x000000d0   Code   RO         3798    .text               mf_p.l(dmul.o)
    0x080003fc   0x080003fc   0x000000f0   Code   RO         3800    .text               mf_p.l(ddiv.o)
    0x080004ec   0x080004ec   0x0000000e   Code   RO         3802    .text               mf_p.l(ffltui.o)
    0x080004fa   0x080004fa   0x0000001c   Code   RO         3804    .text               mf_p.l(ffltul.o)
    0x08000516   0x08000516   0x00000028   Code   RO         3806    .text               mf_p.l(ffixui.o)
    0x0800053e   0x0800053e   0x00000028   Code   RO         3808    .text               mf_p.l(f2d.o)
    0x08000566   0x08000566   0x00000038   Code   RO         3810    .text               mf_p.l(d2f.o)
    0x0800059e   0x0800059e   0x00000020   Code   RO         3831    .text               mc_p.l(llshl.o)
    0x080005be   0x080005be   0x00000026   Code   RO         3833    .text               mc_p.l(llsshr.o)
    0x080005e4   0x080005e4   0x00000000   Code   RO         3835    .text               mc_p.l(iusefp.o)
    0x080005e4   0x080005e4   0x00000082   Code   RO         3836    .text               mf_p.l(fepilogue.o)
    0x08000666   0x08000666   0x000000be   Code   RO         3838    .text               mf_p.l(depilogue.o)
    0x08000724   0x08000724   0x00000024   Code   RO         3846    .text               mc_p.l(init.o)
    0x08000748   0x08000748   0x0000009c   Code   RO          292    i.CheckCommand      pc_communication.o
    0x080007e4   0x080007e4   0x0000000a   Code   RO          632    i.EXTI0_1_IRQHandler  stm32f0xx_it.o
    0x080007ee   0x080007ee   0x00000002   PAD
    0x080007f0   0x080007f0   0x00000024   Code   RO         1991    i.FLASH_MassErase   stm32f0xx_hal_flash_ex.o
    0x08000814   0x08000814   0x00000024   Code   RO         1994    i.FLASH_PageErase   stm32f0xx_hal_flash_ex.o
    0x08000838   0x08000838   0x00000020   Code   RO         1892    i.FLASH_Program_HalfWord  stm32f0xx_hal_flash.o
    0x08000858   0x08000858   0x00000038   Code   RO         1893    i.FLASH_SetErrorCode  stm32f0xx_hal_flash.o
    0x08000890   0x08000890   0x00000050   Code   RO         1894    i.FLASH_WaitForLastOperation  stm32f0xx_hal_flash.o
    0x080008e0   0x080008e0   0x00000048   Code   RO         1605    i.HAL_DMA_Abort_IT  stm32f0xx_hal_dma.o
    0x08000928   0x08000928   0x00000024   Code   RO         1387    i.HAL_Delay         stm32f0xx_hal.o
    0x0800094c   0x0800094c   0x000000a0   Code   RO         1995    i.HAL_FLASHEx_Erase  stm32f0xx_hal_flash_ex.o
    0x080009ec   0x080009ec   0x00000014   Code   RO         1898    i.HAL_FLASH_Lock    stm32f0xx_hal_flash.o
    0x08000a00   0x08000a00   0x00000014   Code   RO         1900    i.HAL_FLASH_OB_Lock  stm32f0xx_hal_flash.o
    0x08000a14   0x08000a14   0x00000024   Code   RO         1901    i.HAL_FLASH_OB_Unlock  stm32f0xx_hal_flash.o
    0x08000a38   0x08000a38   0x0000007c   Code   RO         1903    i.HAL_FLASH_Program  stm32f0xx_hal_flash.o
    0x08000ab4   0x08000ab4   0x00000028   Code   RO         1905    i.HAL_FLASH_Unlock  stm32f0xx_hal_flash.o
    0x08000adc   0x08000adc   0x000000fc   Code   RO          541    i.HAL_GPIO_EXTI_Callback  main.o
    0x08000bd8   0x08000bd8   0x00000018   Code   RO         1542    i.HAL_GPIO_EXTI_IRQHandler  stm32f0xx_hal_gpio.o
    0x08000bf0   0x08000bf0   0x00000170   Code   RO         1543    i.HAL_GPIO_Init     stm32f0xx_hal_gpio.o
    0x08000d60   0x08000d60   0x0000000c   Code   RO         1547    i.HAL_GPIO_WritePin  stm32f0xx_hal_gpio.o
    0x08000d6c   0x08000d6c   0x0000000c   Code   RO         1391    i.HAL_GetTick       stm32f0xx_hal.o
    0x08000d78   0x08000d78   0x0000004a   Code   RO         1218    i.HAL_I2CEx_ConfigAnalogFilter  stm32f0xx_hal_i2c_ex.o
    0x08000dc2   0x08000dc2   0x00000048   Code   RO         1219    i.HAL_I2CEx_ConfigDigitalFilter  stm32f0xx_hal_i2c_ex.o
    0x08000e0a   0x08000e0a   0x00000002   PAD
    0x08000e0c   0x08000e0c   0x000000b4   Code   RO          771    i.HAL_I2C_Init      stm32f0xx_hal_i2c.o
    0x08000ec0   0x08000ec0   0x00000154   Code   RO          789    i.HAL_I2C_Mem_Read  stm32f0xx_hal_i2c.o
    0x08001014   0x08001014   0x0000014c   Code   RO          792    i.HAL_I2C_Mem_Write  stm32f0xx_hal_i2c.o
    0x08001160   0x08001160   0x00000064   Code   RO          699    i.HAL_I2C_MspInit   stm32f0xx_hal_msp.o
    0x080011c4   0x080011c4   0x00000010   Code   RO         1397    i.HAL_IncTick       stm32f0xx_hal.o
    0x080011d4   0x080011d4   0x00000020   Code   RO         1398    i.HAL_Init          stm32f0xx_hal.o
    0x080011f4   0x080011f4   0x00000044   Code   RO         1399    i.HAL_InitTick      stm32f0xx_hal.o
    0x08001238   0x08001238   0x00000028   Code   RO          700    i.HAL_MspInit       stm32f0xx_hal_msp.o
    0x08001260   0x08001260   0x00000018   Code   RO         1700    i.HAL_NVIC_EnableIRQ  stm32f0xx_hal_cortex.o
    0x08001278   0x08001278   0x00000008   Code   RO         1704    i.HAL_NVIC_SetPriority  stm32f0xx_hal_cortex.o
    0x08001280   0x08001280   0x000000e8   Code   RO         1352    i.HAL_RCCEx_PeriphCLKConfig  stm32f0xx_hal_rcc_ex.o
    0x08001368   0x08001368   0x00000108   Code   RO         1257    i.HAL_RCC_ClockConfig  stm32f0xx_hal_rcc.o
    0x08001470   0x08001470   0x00000020   Code   RO         1264    i.HAL_RCC_GetPCLK1Freq  stm32f0xx_hal_rcc.o
    0x08001490   0x08001490   0x00000080   Code   RO         1265    i.HAL_RCC_GetSysClockFreq  stm32f0xx_hal_rcc.o
    0x08001510   0x08001510   0x00000388   Code   RO         1268    i.HAL_RCC_OscConfig  stm32f0xx_hal_rcc.o
    0x08001898   0x08001898   0x00000030   Code   RO         1708    i.HAL_SYSTICK_Config  stm32f0xx_hal_cortex.o
    0x080018c8   0x080018c8   0x00000002   Code   RO         2815    i.HAL_TIMEx_BreakCallback  stm32f0xx_hal_tim_ex.o
    0x080018ca   0x080018ca   0x00000002   Code   RO         2816    i.HAL_TIMEx_CommutCallback  stm32f0xx_hal_tim_ex.o
    0x080018cc   0x080018cc   0x00000034   Code   RO         2132    i.HAL_TIM_Base_Init  stm32f0xx_hal_tim.o
    0x08001900   0x08001900   0x00000034   Code   RO          702    i.HAL_TIM_Base_MspInit  stm32f0xx_hal_msp.o
    0x08001934   0x08001934   0x00000020   Code   RO         2137    i.HAL_TIM_Base_Start_IT  stm32f0xx_hal_tim.o
    0x08001954   0x08001954   0x00000002   Code   RO         2163    i.HAL_TIM_IC_CaptureCallback  stm32f0xx_hal_tim.o
    0x08001956   0x08001956   0x00000162   Code   RO         2177    i.HAL_TIM_IRQHandler  stm32f0xx_hal_tim.o
    0x08001ab8   0x08001ab8   0x00000002   Code   RO         2180    i.HAL_TIM_OC_DelayElapsedCallback  stm32f0xx_hal_tim.o
    0x08001aba   0x08001aba   0x00000002   Code   RO         2207    i.HAL_TIM_PWM_PulseFinishedCallback  stm32f0xx_hal_tim.o
    0x08001abc   0x08001abc   0x00000078   Code   RO          219    i.HAL_TIM_PeriodElapsedCallback  mytimer.o
    0x08001b34   0x08001b34   0x00000002   Code   RO         2220    i.HAL_TIM_TriggerCallback  stm32f0xx_hal_tim.o
    0x08001b36   0x08001b36   0x00000002   Code   RO         3084    i.HAL_UART_ErrorCallback  stm32f0xx_hal_uart.o
    0x08001b38   0x08001b38   0x00000148   Code   RO         3087    i.HAL_UART_IRQHandler  stm32f0xx_hal_uart.o
    0x08001c80   0x08001c80   0x0000006a   Code   RO         3088    i.HAL_UART_Init     stm32f0xx_hal_uart.o
    0x08001cea   0x08001cea   0x00000002   PAD
    0x08001cec   0x08001cec   0x00000070   Code   RO          704    i.HAL_UART_MspInit  stm32f0xx_hal_msp.o
    0x08001d5c   0x08001d5c   0x000000ac   Code   RO         3093    i.HAL_UART_Receive_IT  stm32f0xx_hal_uart.o
    0x08001e08   0x08001e08   0x00000064   Code   RO          348    i.HAL_UART_RxCpltCallback  serialcommunication.o
    0x08001e6c   0x08001e6c   0x00000078   Code   RO         3099    i.HAL_UART_Transmit_IT  stm32f0xx_hal_uart.o
    0x08001ee4   0x08001ee4   0x0000001c   Code   RO          349    i.HAL_UART_TxCpltCallback  serialcommunication.o
    0x08001f00   0x08001f00   0x0000002a   Code   RO         3448    i.HAL_WWDG_Init     stm32f0xx_hal_wwdg.o
    0x08001f2a   0x08001f2a   0x00000002   PAD
    0x08001f2c   0x08001f2c   0x00000024   Code   RO          705    i.HAL_WWDG_MspInit  stm32f0xx_hal_msp.o
    0x08001f50   0x08001f50   0x0000000a   Code   RO         3450    i.HAL_WWDG_Refresh  stm32f0xx_hal_wwdg.o
    0x08001f5a   0x08001f5a   0x00000002   Code   RO          633    i.HardFault_Handler  stm32f0xx_it.o
    0x08001f5c   0x08001f5c   0x00000022   Code   RO          818    i.I2C_Flush_TXDR    stm32f0xx_hal_i2c.o
    0x08001f7e   0x08001f7e   0x00000002   PAD
    0x08001f80   0x08001f80   0x00000070   Code   RO          826    i.I2C_IsAcknowledgeFailed  stm32f0xx_hal_i2c.o
    0x08001ff0   0x08001ff0   0x00000060   Code   RO          829    i.I2C_RequestMemoryRead  stm32f0xx_hal_i2c.o
    0x08002050   0x08002050   0x00000060   Code   RO          830    i.I2C_RequestMemoryWrite  stm32f0xx_hal_i2c.o
    0x080020b0   0x080020b0   0x00000028   Code   RO          833    i.I2C_TransferConfig  stm32f0xx_hal_i2c.o
    0x080020d8   0x080020d8   0x0000004e   Code   RO          835    i.I2C_WaitOnFlagUntilTimeout  stm32f0xx_hal_i2c.o
    0x08002126   0x08002126   0x0000004c   Code   RO          837    i.I2C_WaitOnSTOPFlagUntilTimeout  stm32f0xx_hal_i2c.o
    0x08002172   0x08002172   0x00000050   Code   RO          838    i.I2C_WaitOnTXISFlagUntilTimeout  stm32f0xx_hal_i2c.o
    0x080021c2   0x080021c2   0x00000002   PAD
    0x080021c4   0x080021c4   0x00000024   Code   RO          220    i.InitMyTimer       mytimer.o
    0x080021e8   0x080021e8   0x00000070   Code   RO          154    i.InternalFlashPageWrite  my_stm32f030_internal_flash.o
    0x08002258   0x08002258   0x00000048   Code   RO           12    i.InternalFlashSettings  internalflashmmu.o
    0x080022a0   0x080022a0   0x0000008c   Code   RO          542    i.MX_GPIO_Init      main.o
    0x0800232c   0x0800232c   0x00000040   Code   RO          543    i.MX_I2C1_Init      main.o
    0x0800236c   0x0800236c   0x00000034   Code   RO          544    i.MX_USART1_UART_Init  main.o
    0x080023a0   0x080023a0   0x0000001c   Code   RO          193    i.MyDelayMS         mydelay.o
    0x080023bc   0x080023bc   0x00000002   Code   RO          634    i.NMI_Handler       stm32f0xx_it.o
    0x080023be   0x080023be   0x00000002   Code   RO          635    i.PendSV_Handler    stm32f0xx_it.o
    0x080023c0   0x080023c0   0x000000ac   Code   RO          486    i.ReadADC           mcp3424.o
    0x0800246c   0x0800246c   0x00000034   Code   RO          155    i.ReadInternalFlash  my_stm32f030_internal_flash.o
    0x080024a0   0x080024a0   0x000001a8   Code   RO          507    i.ReadTemperature   myanalog.o
    0x08002648   0x08002648   0x00000030   Code   RO           13    i.ResetFactorySettingForInternalFlash  internalflashmmu.o
    0x08002678   0x08002678   0x00000002   Code   RO          636    i.SVC_Handler       stm32f0xx_it.o
    0x0800267a   0x0800267a   0x0000003a   Code   RO          404    i.SearchString      myfunc.o
    0x080026b4   0x080026b4   0x00000018   Code   RO          351    i.SendString        serialcommunication.o
    0x080026cc   0x080026cc   0x00000008   Code   RO          637    i.SysTick_Handler   stm32f0xx_it.o
    0x080026d4   0x080026d4   0x00000062   Code   RO          545    i.SystemClock_Config  main.o
    0x08002736   0x08002736   0x00000002   Code   RO         3491    i.SystemInit        system_stm32f0xx.o
    0x08002738   0x08002738   0x00000010   Code   RO          638    i.TIM14_IRQHandler  stm32f0xx_it.o
    0x08002748   0x08002748   0x00000078   Code   RO         2222    i.TIM_Base_SetConfig  stm32f0xx_hal_tim.o
    0x080027c0   0x080027c0   0x000000ca   Code   RO         3102    i.UART_AdvFeatureConfig  stm32f0xx_hal_uart.o
    0x0800288a   0x0800288a   0x00000002   PAD
    0x0800288c   0x0800288c   0x00000060   Code   RO         3103    i.UART_CheckIdleState  stm32f0xx_hal_uart.o
    0x080028ec   0x080028ec   0x00000014   Code   RO         3104    i.UART_DMAAbortOnError  stm32f0xx_hal_uart.o
    0x08002900   0x08002900   0x00000020   Code   RO         3114    i.UART_EndRxTransfer  stm32f0xx_hal_uart.o
    0x08002920   0x08002920   0x00000058   Code   RO         3116    i.UART_RxISR_16BIT  stm32f0xx_hal_uart.o
    0x08002978   0x08002978   0x00000058   Code   RO         3117    i.UART_RxISR_8BIT   stm32f0xx_hal_uart.o
    0x080029d0   0x080029d0   0x00000130   Code   RO         3118    i.UART_SetConfig    stm32f0xx_hal_uart.o
    0x08002b00   0x08002b00   0x00000040   Code   RO         3119    i.UART_TxISR_16BIT  stm32f0xx_hal_uart.o
    0x08002b40   0x08002b40   0x0000003c   Code   RO         3120    i.UART_TxISR_8BIT   stm32f0xx_hal_uart.o
    0x08002b7c   0x08002b7c   0x0000009c   Code   RO         3121    i.UART_WaitOnFlagUntilTimeout  stm32f0xx_hal_uart.o
    0x08002c18   0x08002c18   0x00000010   Code   RO          639    i.USART1_IRQHandler  stm32f0xx_it.o
    0x08002c28   0x08002c28   0x00000028   Code   RO         3582    i.__0sprintf$1      mc_p.l(printf1.o)
    0x08002c50   0x08002c50   0x0000002e   Code   RO         3840    i.__ARM_clz         mf_p.l(depilogue.o)
    0x08002c7e   0x08002c7e   0x00000030   Code   RO         1342    i.__ARM_common_ll_muluu  stm32f0xx_hal_rcc.o
    0x08002cae   0x08002cae   0x00000002   PAD
    0x08002cb0   0x08002cb0   0x00000044   Code   RO         1710    i.__NVIC_SetPriority  stm32f0xx_hal_cortex.o
    0x08002cf4   0x08002cf4   0x0000000e   Code   RO         3852    i.__scatterload_copy  mc_p.l(handlers.o)
    0x08002d02   0x08002d02   0x00000002   Code   RO         3853    i.__scatterload_null  mc_p.l(handlers.o)
    0x08002d04   0x08002d04   0x0000000e   Code   RO         3854    i.__scatterload_zeroinit  mc_p.l(handlers.o)
    0x08002d12   0x08002d12   0x00000002   PAD
    0x08002d14   0x08002d14   0x00000150   Code   RO         3587    i._printf_core      mc_p.l(printf1.o)
    0x08002e64   0x08002e64   0x0000000a   Code   RO         3589    i._sputc            mc_p.l(printf1.o)
    0x08002e6e   0x08002e6e   0x00000002   PAD
    0x08002e70   0x08002e70   0x0000009c   Code   RO          546    i.main              main.o
    0x08002f0c   0x08002f0c   0x00000010   Data   RO         3492    .constdata          system_stm32f0xx.o
    0x08002f1c   0x08002f1c   0x00000008   Data   RO         3493    .constdata          system_stm32f0xx.o
    0x08002f24   0x08002f24   0x00000020   Data   RO         3850    Region$$Table       anon$$obj.o


    Execution Region RW_IRAM1 (Exec base: 0x20000000, Load base: 0x08002f44, Size: 0x00000a60, Max: 0x00001000, ABSOLUTE)

    Exec Addr    Load Addr    Size         Type   Attr      Idx    E Section Name        Object

    0x20000000   0x08002f44   0x00000008   Data   RW          261    .data               projectvariable.o
    0x20000008   0x08002f4c   0x00000002   Data   RW          266    .data               projectvariable.o
    0x2000000a   0x08002f4e   0x00000006   PAD
    0x20000010   0x08002f54   0x00000008   Data   RW          267    .data               projectvariable.o
    0x20000018   0x08002f5c   0x00000008   Data   RW          268    .data               projectvariable.o
    0x20000020   0x08002f64   0x00000002   Data   RW          269    .data               projectvariable.o
    0x20000022   0x08002f66   0x00000002   PAD
    0x20000024   0x08002f68   0x00000004   Data   RW          271    .data               projectvariable.o
    0x20000028   0x08002f6c   0x00000004   Data   RW          293    .data               pc_communication.o
    0x2000002c   0x08002f70   0x00000003   Data   RW          355    .data               serialcommunication.o
    0x2000002f   0x08002f73   0x00000001   PAD
    0x20000030   0x08002f74   0x00000020   Data   RW          509    .data               myanalog.o
    0x20000050   0x08002f94   0x0000000c   Data   RW         1405    .data               stm32f0xx_hal.o
    0x2000005c   0x08002fa0   0x00000004   Data   RW         3494    .data               system_stm32f0xx.o
    0x20000060        -       0x00000400   Zero   RW          157    .bss                my_stm32f030_internal_flash.o
    0x20000460        -       0x00000010   Zero   RW          221    .bss                mytimer.o
    0x20000470        -       0x00000064   Zero   RW          255    .bss                projectvariable.o
    0x200004d4        -       0x00000032   Zero   RW          353    .bss                serialcommunication.o
    0x20000506   0x08002fa4   0x00000002   PAD
    0x20000508        -       0x00000014   Zero   RW          508    .bss                myanalog.o
    0x2000051c        -       0x00000120   Zero   RW          547    .bss                main.o
    0x2000063c   0x08002fa4   0x00000004   PAD
    0x20000640        -       0x00000020   Zero   RW         1906    .bss                stm32f0xx_hal_flash.o
    0x20000660        -       0x00000400   Zero   RW            1    STACK               startup_stm32f030x6.o


==============================================================================

Image component sizes


      Code (inc. data)   RO Data    RW Data    ZI Data      Debug   Object Name

       120         30          0          0          0     280550   internalflashmmu.o
       762         70          0          0        288       4233   main.o
       172         10          0          0          0        858   mcp3424.o
       164         10          0          0       1024       2335   my_stm32f030_internal_flash.o
       424         56          0         32         20       1988   myanalog.o
        28          4          0          0          0        516   mydelay.o
        58          0          0          0          0        907   myfunc.o
       156         38          0          0         16       2181   mytimer.o
       156         68          0          4          0        760   pc_communication.o
         0          0          0         32        100       1811   projectvariable.o
       152         26          0          3         50       3074   serialcommunication.o
        28          8        176          0       1024        648   startup_stm32f030x6.o
       164         30          0         12          0       7937   stm32f0xx_hal.o
       148         24          0          0          0      10397   stm32f0xx_hal_cortex.o
        72          0          0          0          0       1131   stm32f0xx_hal_dma.o
       408         74          0          0         32       5992   stm32f0xx_hal_flash.o
       232         30          0          0          0       3097   stm32f0xx_hal_flash_ex.o
       404         30          0          0          0       2951   stm32f0xx_hal_gpio.o
      1464         36          0          0          0      11538   stm32f0xx_hal_i2c.o
       146          0          0          0          0       1955   stm32f0xx_hal_i2c_ex.o
       340         38          0          0          0       3377   stm32f0xx_hal_msp.o
      1376         92          0          0          0       4729   stm32f0xx_hal_rcc.o
       232         14          0          0          0       1396   stm32f0xx_hal_rcc_ex.o
       566         20          0          0          0       6369   stm32f0xx_hal_tim.o
         4          0          0          0          0       1593   stm32f0xx_hal_tim_ex.o
      1838         58          0          0          0      12045   stm32f0xx_hal_uart.o
        52          0          0          0          0       1623   stm32f0xx_hal_wwdg.o
        58         12          0          0          0       3559   stm32f0xx_it.o
         2          0         24          4          0       1139   system_stm32f0xx.o

    ----------------------------------------------------------------------
      9742        778        232         96       2560     380689   Object Totals
         0          0         32          0          0          0   (incl. Generated)
        16          0          0          9          6          0   (incl. Padding)

    ----------------------------------------------------------------------

      Code (inc. data)   RO Data    RW Data    ZI Data      Debug   Library Member Name

         0          0          0          0          0          0   entry.o
         0          0          0          0          0          0   entry10a.o
         0          0          0          0          0          0   entry11a.o
         4          0          0          0          0          0   entry12b.o
         8          4          0          0          0          0   entry2.o
         4          0          0          0          0          0   entry5.o
         0          0          0          0          0          0   entry7b.o
         0          0          0          0          0          0   entry8b.o
         8          4          0          0          0          0   entry9a.o
        30          0          0          0          0          0   handlers.o
        36          8          0          0          0         68   init.o
         0          0          0          0          0          0   iusefp.o
        32          0          0          0          0         68   llshl.o
        38          0          0          0          0         68   llsshr.o
        34          0          0          0          0         68   llushr.o
        36          0          0          0          0        100   memseta.o
       386          8          0          0          0        228   printf1.o
        14          0          0          0          0         60   strlen.o
        44          0          0          0          0         72   uidiv.o
        96          0          0          0          0         84   uldiv.o
        56          0          0          0          0         68   d2f.o
       360          6          0          0          0        140   dadd.o
       240          6          0          0          0         84   ddiv.o
       236          0          0          0          0        216   depilogue.o
       208          6          0          0          0         88   dmul.o
        40          0          0          0          0         60   f2d.o
       130          0          0          0          0        144   fepilogue.o
        40          0          0          0          0         60   ffixui.o
        14          0          0          0          0         68   ffltui.o
        28          0          0          0          0         68   ffltul.o

    ----------------------------------------------------------------------
      2126         42          0          0          0       1812   Library Totals
         4          0          0          0          0          0   (incl. Padding)

    ----------------------------------------------------------------------

      Code (inc. data)   RO Data    RW Data    ZI Data      Debug   Library Name

       770         24          0          0          0        816   mc_p.l
      1352         18          0          0          0        996   mf_p.l

    ----------------------------------------------------------------------
      2126         42          0          0          0       1812   Library Totals

    ----------------------------------------------------------------------

==============================================================================


      Code (inc. data)   RO Data    RW Data    ZI Data      Debug   

     11868        820        232         96       2560     377285   Grand Totals
     11868        820        232         96       2560     377285   ELF Image Totals
     11868        820        232         96          0          0   ROM Totals

==============================================================================

    Total RO  Size (Code + RO Data)                12100 (  11.82kB)
    Total RW  Size (RW Data + ZI Data)              2656 (   2.59kB)
    Total ROM Size (Code + RO Data + RW Data)      12196 (  11.91kB)

==============================================================================

